[40m[2J[2H[3H[24C[0;1;36mP I N K   F L O Y D ' S[4H[5H[35C[37m[s
[u№[6H[34C№ №[7H[33C№   №[8H[32C№[5C№[9H[31C№ [0mююююю [1m№ [s
[u[0;31mююююююююююююююююююююююююююююююююю[10H[28C[37mю [1m№ [0mюю[s
[uююююю [1m№[0;33mююююююююююююююююююююююююююююююююю[11H[24C[37mю  [s
[u  [1m№    [0mюююююю [1m№[33mюююююююююююююююююююююююююююююююю[12H[s
[u[20C[0mю[7C[1m№[8C[0mюююю [1m№[0;32mююююююююююююююююююююююююю[s
[uюююююю[13H[16C[37mю[10C[1m№[12C[0mююю[1m№[34mююююююююююююююю[s
[uююююююююююююююю[14H[12C[0mю[13C[1m№[16C[0mю[1m№[0;35mююююююю[s
[uюююююююююююююююююююююю[15H[8C[37mю[16C[1m№[19C№[16H    [0mю[s
[u[19C[1m№[21C№[17H[24C№№№№№№№№№№№№№№№№№№№№№№№[18H[19H[20H[16C[s
[u[36mD A R K   S I D E   O F   T H E   M O O N[21H[0m

Downloaded From P-80 International Information Systems 304-744-2253
