[40m[2J[2H[3H[4H[5H[6H[0;1;33;44mษออออออออออออออออออออ[40m[s
[u[44mออออออออออออออออออออออออออออออออออออออออออออออออออออออ[40m[s
[u[44mออออปบ                                                [40m[s
[u[44m                              บบ       [37mÛÛÛÛÛÛ ÞÛÛ[40m[s
[u[44mÛÛÛÛÝ  ÛÛÛÛÛ  ÞÛÛÛÛÛÛ                                 [40m[s
[u[44m       [33mบบ      [37mÞÛÛÜÜ      ÜÜ    ÜÜ  ÛÛ  ÜÜÜÜ[40m[s
[u[44mÜÛÛÝ                                       [33mบบ    [40m[s
[u[44m   [37m฿฿ÛÛÝ    ÞÛÝ   ÛÛ  ÞÛÝ  ÛÛ฿฿฿ÛÛ               [40m[s
[u[44m                         [33mบบ     [37mÛÛÛÛÛÛ     Û[40m[s
[u[44mÛ   ÛÛÛÛÛÛÛÝ ÞÛÝ  ÞÛÝ ÞÛÛÛÛÛÛÝ ÞÛÛÛÛÛÛ   ÛÛÛÛÛÛ  ÞÛÛÜÛ[40m[s
[u[44mÛÛ฿    [33mบบ                                        [40m[s
[u[44m  [37mÜÜ    ÜÜÜÜÜÛÛÝ  ÜÜÜÜ    ÜÜÜÜÜ       [33mบบ    [40m[s
[u[44m                                     [37mÞÛÝ    ÛÛ฿฿฿[40m[s
[u[44mÛÛ  ÞÛÛ฿฿   ÞÛ฿฿฿ÛÛ      [33mบบ                      [40m[s
[u[44m                   [37mÛÛ    ÞÛÝ  ÞÛÝ  ÛÛÛÛÛÛ  ÛÛ    [40m[s
[u[44mÛÛ     [33mบบ                                        [40m[s
[u[44m                                      บบ              [40m[s
[u[44m       [37mT H E   N E X T   G E N E R A T I O N     [40m[s
[u[44m               [33mบบ                                [40m[s
[u[44m                                              บศออออออ[40m[s
[u[44mออออออออออออออออออออออออออออออออออออออออออออออออออออออ[40m[s
[u[44mออออออออออออออออออผ[20H[21H[22H[23H[26C[36;40mAnsi Gr[A
[33Caphics by Noel Gamboa[0m
