[40m[2J[30C[0;35mT[8CH[8CE
[11C‹‹[6C‹‹‹‹‹‹‹‹‹‹‹[6C‹‹‹‹‹‹‹‹   ‹‹‹‹‹‹‹‹‹‹[8C‹‹
[11Cﬁ[1;45m∞[0;35m€‹  ‹€[1;45m∞[4C[0;35m€€€[45m [1m∞ [0;35m€‹  ‹€€€€€€  [1;45m∞[0;35m€‹  ‹€[1;45m∞[1C[0;35m€€€€€€‹    ‹€[1;45m∞[0;35m›
  ‹‹‹‹‹‹‹‹‹‹[1;45m±[0;35m€€›ﬁ€€[1;45m±[1C[0;35m∞  €€€[45m  [1m±[0;35m€€  ‹‹‹‹‹‹‹‹ [1;45m±[0;35m€€›ﬁ€€[1;45m±[1C[0;35m‹‹‹‹‹‹‹   ﬁ€€[1;45m±[0;35m‹‹‹‹‹‹‹‹‹‹
‹€€[1;45m≤[0;35m€€€€    [1;45m≤[0;35m€€›ﬁ€€[1;45m≤[1C[0;35m±‹€€€[45m  [1m≤[0;35m€ﬂ ‹€[1;45m≤[0;35m€€€€€ﬂ± [1;45m≤[0;35m€€›ﬁ€€[1;45m≤[1C[0;35m±ﬂ€€€[45m [1m≤[0;35m€‹ ﬁ€€[1;45m≤[4C[0;35m€€€€[1;45m∞ [0;35m€‹
€€[1;45m±[0;35m€€€€€  ∞ [1;45m€[0;35m€€›ﬁ€€[1;45m€[1C[0;35mﬂﬂﬂﬂﬂﬂﬂﬂ  €€[1;45m± [0;35m€€€€  ∞ [1;45m€[0;35m€€›ﬁ€€[1;45m€[1C[0;35m∞  €€€€[1;45m±[0;35m€€ﬁ€€[1;45m€[1C[0;35m∞  €€€€€[1;45m±[0;35m€€
 ﬂ€[1;45m∞[0;35m€€€€€‹± €€ﬂ  ﬂ€€  €€€€€€ﬂ  ﬂ€[45m [1m∞[0;35m€€€€    €€ﬂ  ﬂ€€    €€€[1;45m∞ [0;35m€ﬂ ﬂ€€ ±‹€€€€[45m [1m≤[0;35m€ﬂ
   ﬂﬂﬂﬂﬂﬂﬂﬂ ﬂ[6Cﬂﬂﬂﬂﬂﬂﬂﬂ[6Cﬂﬂﬂﬂﬂﬂﬂﬂﬂﬂﬂ[6Cﬂﬂﬂﬂﬂﬂﬂﬂﬂﬂ[5Cﬂ ﬂﬂﬂﬂﬂﬂﬂﬂ
[7C‹€[1;45m∞[0;35m›[8C‹‹‹‹‹‹‹‹€€€€€€  [1;45m∞ [0;35m‹  ‹€[1;45m∞[4C[0;35m€€€€€‹   ‹‹[7Cﬁ[1;45m∞[0;35m€‹ [30mS
[6C[35mﬁ€€[1;45m±[1C[0;35m‹‹‹‹‹‹‹‹[7C‹‹‹‹‹‹‹‹ [1;45m±[0;35m€€›ﬁ€€[1;45m±[4C[0;35m€€€€€€›  ‹‹‹‹‹‹‹‹‹‹[1;45m±[0;35m€€›
[6Cﬁ€€[1;45m≤[1C[0;35m±ﬂ€€[45m [40m€€[1;45m≤ [0;35m‹   ‹€[1;45m≤[0;35m€€€€€ﬂ± [1;45m≤[0;35m€€›ﬁ€€[1;45m≤[4C[0;35m€€€€[1;45m≤[0;35m€›‹€€[1;45m≤[0;35m€€€€    [1;45m≤[0;35m€€›
[6Cﬁ€€[1;45m€[1C[0;35m∞  €[45m [40m€€€[1;45m± [0;35m€ €[45m [1m±  [0;35m€€€  ∞ [1;45m€[0;35m€€›ﬁ€€[1;45m€[1C[0;35m∞  €€€[1;45m±[0;35m€€›€€[1;45m±[0;35m€€€€€  ∞ [1;45m€[0;35m€€›
[7Cﬂ€[45m [4C[40m€[45m [40m€€[1;45m∞ [0;35m€ﬂ ﬂ€[45m [1m∞[0;35m€€€€    €€ﬂ  ﬂ€€ ±‹€€€[1;45m∞ [0;35m€ﬂ  ﬂ€[1;45m∞[0;35m€€€€€‹± €€ﬂ
[9Cﬂﬂﬂﬂﬂﬂﬂﬂﬂﬂﬂ[5Cﬂﬂﬂﬂﬂﬂﬂﬂﬂﬂﬂ[6Cﬂ ﬂﬂﬂﬂﬂﬂﬂ[6Cﬂﬂﬂﬂﬂﬂﬂﬂ ﬂ
[27C[1;37mT [35mH [0;35mE   [1;37mD [35mE [0;35mA [1;30mT H L [0;35mA [1mN [37mD

[29C[0mP[1;30mropaganda [0mD[1;30mistro [0mS[1;30mite
[33C[0mP[1;30mRPnet [0m9[1;30m9:99/2
[29C[0mN[1;30mo [0mN[1;30mew [0mU[1;30mser [0mV[1;30malidation
[29C[0mV[1;30miruses [0mR[1;30melated [0mF[1;30miles:
[20C[0mS[1;30mcanners, [0mA[1;30mSM [0mS[1;30mource, [0mH[1;30mex [0mD[1;30mumps, '[0mZ[1;30mines
[30C[0mR[1;30menegade [0mU[1;30mtils [0mF[1;30mrom:
[24C[0mB[1;30meerwares, [0mP[1;30moW, [0mT[1;30mwisted [0mF[1;30mishies
[26C[0mR[1;30munning [0mR[1;30menegade [0m1[1;30m0-[0m3[1;30m1 [0mH[1;30mack
[33C([0m5[1;30m10)[0m2[1;30m77-[0m0[1;30m497
[0m[2A[255D
