[0;40;37m[2J[0;37;44mлллллллллллллллллллллллллллллллллллллллллллллллллллллллллллллллллллллллллллллл
ллЩЭЭЭЭЭЭЭЭЭЭЭЭЭЭЭЭЭЭЭЭЭЭЭЭЭЭЭЭЭЭЭЭЭЭЭЭЭЭЭЭЭЭЭЭЭЭЭЭЭЭЭЭЭЭЭЭЭЭЭЭЭЭЭЭЭЭЭЭЭЭЛлллл
ллК              ***** Up All Night BBS Bulletin #8 *****                КББ[32;47;1m  
[0;37;44mллК                        M A S T E R  M I N D                          КББ[32;47;1m  
[0;37;44mллШЭЭЭЭЭЭЭЭЭЭЭЭЭЭЭЭЭЭЭЭЭЭЭЭЭЭЭЭЭЭЭЭЭЭЭЭЭЭЭЭЭЭЭЭЭЭЭЭЭЭЭЭЭЭЭЭЭЭЭЭЭЭЭЭЭЭЭЭЭЭМББлл
ллллББББББББББББББББББББББББББББББББББББББББББББББББББББББББББББББББББББББББлл
лллллллллллллллллллллллллллллллллллллллллллллллллллллллллллллллллллллллллллллл
[30;40;1m.[0m                           MasterMind Door Scores
                                from TWISOFT

  Player                        Last Played                             Score
-------------------------------------------------------------------------------
Steve Martinez                     3/18/91                                 200
Carrie Martinez                    2/07/91                                -300


