[40m[2J[2;1H[38C[0mмлм[3;1H[36Cмлллллм[4;1H[35Cл[s
[uлллллллл[5;1H[34Cллллллллллл[6;1H[33Cолллллллллллн
[7;1H[33Cолллллллллллн[8;1H[33Cллллллллллллл[9;1H[s
[u[33Cллллллллллллл[10;1H[33Cллллллллллллл[11;1H[s
[u[33Cллллллллллллл[12;1H[33CллллллВлллллл[13;1H[s
[u[33CллВВлВБВВВВлл[14;1H[33CлВББВБАББББВл[15;1H[s
[u[33CВББББА АБАББВ[16;1H[33CБАААА   АА АБ[17;1H[s
[u[33CА[5CА[5CА[18;1H[41CА[19;1H[36CА[20;1H
[21;1H[24C[1;30mА    АА  А[5CА ААА   А   АА[22;1H[s
[u[25CААААААААА А  ББ   ААААААААААА[23;1H[22CБББ [s
[u[0;31mАБВлВБА [1;30mББ   В ААББ [0;31mАБВлВБА [s
[u[1;30mБББ[24;1H[21CВ [0;31mААБВл[1;41mАА[40m[s
[u[0;31mлВБА [1;30mВББВлАБВВ [0;31mАБВл[1;41mАА[40m[s
[u[0;31mлВБАА [1;30mВ[25;1H[20CББлм [0;31mАБВллВБА [A
[34C[1;30mВБАБлллБАБл [0;31mАБВллВБА [1;30mмлВБА
[20CБВллл[47mВБАБВ[40mллВБАББВллВлААБВлл[47mВБАБ[40m[A
[52C[47mВ[40mллллВБ
[21CБВл[47mВВВВВВ[40mлВБАБВмлллллмААБВл[47mВВВВВ[40m[A
[53C[47mВ[40mлВВБ
[22CБВВВВВВВВВААБВпплллпп ААВВВВВВВВВВБ
[23CББББААББББАА ААА  АААААББББАБББББ
[23CА А ААААБББммлллллллммБББААА ААА
[28CАААБВл[0mА[5CА ААА[1;30mлБААА[5CА
[25CА   АБВл [0mБА А АБАББА [1;30mлВАА А
[26CА АБВВл [0mВБАБАБВБВВБ [1;30mлВВА А
[26CА АБВВл [0mБВВБААББББА [1;30mлВВБА
[29CАВол [0mАБАА  АА А  [1;30mлнВАА
[27CА АБВл  [0mА  А[5CА [1;30mлВВБ
[30CАВВл[0mА[6CА   [1;30mлВВБ А
[29CА АВВппплллллпппВВБ А
[32CАБААББАБАБББАБА
[33CА  А   А  А
[38CА
[34C[0mА
[38CА[5CА
[36CА[5CА
[33CБА   АА АБА
[33CВБА АББААББАА
[33CлВБАБВВББВВББ
[33CллВБВллВВллВВ
[33CлллВллллВлллВ
[17C[33mмлм[13C[37mллллллллллллл[13C[33mмлм
[17Cплп[13C[37mллллллллллллл[13C[33mплп
[18Cл[14C[37mллллллллллллл[14C[33mл
[16Cммлм[13C[37mллллллллллллл[13C[33mмлмм
[14CпллллллВлВБВБАБА млллллллллллллллм АБАБВБВлВллллллп
[16Cпплп[12Cппппппппппппппп[12Cплпп
[18Cл[15CААА АА   АБ[15Cл
[17Cллл[14CБАБАББАААБВ[14Cллл
[18Cп[15CВБВБВВБАБВл[15Cп
[34CлВлВллВБВлл
[34CлллллллВллл
[34Cллллллллллл
[34Cллллллллллл
[34CллллВлллллл
[34CлллллВллллВ
[34CлллВВБВллВБ
[34CВлВББАБВВББ
[34CБВББАААБВБА
[34CАБА    АБА
[35CА   А  А

[36CА[7CА
[25C[1;30mФ[20CФ[6CФ    Ф ФФФФ<[0mEmP[[1mHiP[0m][A
[73C[1;30m>ФФФ  Ф[31;41mллВлВВВБВБББАБААА А   [40m[A
[22C[0;31mВ[41m [40mВВВБВБББАБААА  А  АААБАБББВБВВВлВ[A
[57C[41m   [1mА АААБАБББВБВВВлВлл[40m
[A[79C[41mл[37;40mФФФ[0mФ[1mФ[0mФФФ[1;30mФ[0mФ[A
[10C[1;30mФФФ Ф   Ф ФФФ[0mФ[1;30mФ[0mФФФ[1mФ[0mФ[A
[30C[1mФФФ[0mФ[1;30mФ Ф[0mФ[1m[[33mў[37m][0mФ[A
[42C[1;30mФ Ф[0mФ[1mФФФ[0mФ[1mФ[0mФФФ[1;30mФ[0mФ[A
[56C[1;30mФФФ Ф    Ф ФФФ[0mФ[1;30mФ[0mФФФ[1mФ[0mФ[A
[77C[1mФФФ[28C[30mў [0;31mWarrior's Realm BBS [A
[50C[1;30mў
[6Cў [0;31m(9o8)5o6-oo97 [1;30mў [31mHiP [0;31mWHQ [A
[32C[1;30mў [0;31m/ДByssal Net -9806 [1;30mў [0;31mU[A
[56CSAnet 1:27/2 [1;30mў
   ў [0;31m/>isciples of DeCaDeNcE dist. site [1;30mў [A
[42C[0;31mo-14 day warez [1;30mў [0;31m255mb online [A
[72C[1;30mў
[25Cў [0;31m24oo-14.4K [1;30mў [0;31mNUP: THROKAT [A
[53C[1;30mў
[37mФФФ[0mФ[1mФ[0mФФФ[1;30mФ[0mФ[1;30mФФФ Ф   Ф ФФ[A
[22CФ[0mФ[1;30mФ[0mФФФ[1mФ[0mФ[1mФФФ[0mФ[1;30mФ [A
[36CФ[0mФ[1m[[33mў[37m][0mФ[1;30mФ Ф[0mФ[1mФФФ[A
[49C[0mФ[1mФ[0mФФФ[1;30mФ[0mФ[1;30mФФФ Ф    Ф ФФФ[A
[70C[0mФ[1;30mФ[0mФФФ[1mФ[0mФ[1mФФФ[31;41mлл[40m[A
[2C[41mВлВВВБВБББАБААА А   [0;31mВ[41m [40mВВВБВБББА[A
[33CБААА  А  АААБАБББВБВВВлВ[41m   [1mА АААБАБББВ[40m[A
[71C[41mБВВВлВлл[40m
[A[79C[41mл[0m
