[40m[2J[B[0;1;32;40mYour[CSYSOP[Cis:[3;2HJeff[CGlassman[9C[37mздддд[s
[uдддддддддддд©[4;24HЁ[Cздддддддддддд©oЁ[5;3H[32mServing[Cthe[10C[37m[s
[uЁ[CЁ[C[33m----------[C[37mЁoЁ[6H[32mTelecommincations[6C[37mЁ[CЁ[s
[u[C[33mWelcome[Cto[C[37mЁ[CЁ[5C[32mAlways[7;4HCommunity[11C[37mЁ[s
[u[CЁ[2C[33mDIGITAL[3C[37mЁ[CЁ[5C[32mOn-Line[8;8Hof[14C[37mЁ[CЁ[s
[u[C[33mDIVERSIONS[C[37mЁ[CЁ[5C[32m24[CHours[9;4HLong[CBeach[10C[s
[u[37mЁ[CЁ[C[33m----------[C[37mЁ[CЁ[10;7H[32mand[14C[37mЁ[Cюддд[s
[uддддддддды[CЁ[11;5H[32mVicinity[11C[37mюдбддддддддддддбды[12Hздддддд[s
[uдддддддд©[4Cзддддаддддддддддддадддд©[13HЁ[7Cзддддд©Ё[4CЁ[s
[u[0;30;47mIBM-XT [1;37;40mзддддд©зддддд©[CЁ[14HЁ[7CЁ[C[36m30MB[37mЁ[s
[uЁ[4CЁ[0;30;47mClone  [1;37;40mЁмьмьмЁЁмьмьмЁ[CЁ[4C[32m300/1200/2400b
[15H[37mЁ[C[31mo[5C[37mюдддддыфмммм╣╨╨╨╨╨[47m  [40mюдддддыюддддды[CЁ[s
[u[7Cзддддддд©[16Hюррддддддддддрры[4Cюрррррррррррррррррррррры[7Cюрдддддр[s
[uы[17H[32m╟╟╟╟╟╟╟╟╟╟╟╟╟╟╟╟╟╟╟╟╟╟╟╟╟╟╟╟╟╟╟╟╟╟╟╟╟╟╟╟╟╟╟╟╟╟╟╟╟╟╟╟╟╟╟╟╟╟╟╟╟[0m

Downloaded From P-80 International Information Systems 304-744-2253
