[40m[2J[0m [D[2H[1;32;47mдддддддддддддддддддддддддддддддддддддддддддддддддддддддддддддддддддддддддддддд[3Hддддддддддддддддддд[44m  the Craftsman's Workshop FILE MENU  [0;30;47mэ[1;32mдддддддддддддддддддд[4Hдд[44m здддддддддддддддддддд[40m[s
[u[44mдддддддддддддддддддддддддддддддддддддддддддддддд© [47mдддд[5Hдд[44m Ё[37m<[33mC[37m>[5;34m... [0;1;36;44mChange file Area            [37m<[33mX[37m>[5;34m.... [0;1;36;44mXpert Mode Toggle        [32mЁ [0mдд[1;32;47mдд[6Hдд[40m[s
[u[44m Ё[37m<[33mF[37m>[5;34m... [0;1;36;44mFind a File          [0mдддддд[44m [1m<[33mP[37m>[5;34m.... [0;1;36;44mPage Doug     [0mдддддддддд[44m [1;32mЁ [0mдд[1;32;47mдд[7Hдд[44m Ё[37m<[33mU[37m>[5;34m... [0;1;36;44mUpl[40m[s
[u[44moad a File[33m [D       [0mдд[1;33;46mдддд[44m                       [0mдд[1;33;46mдддддд[44m   [32mЁ [0mдд[1;32;47mдд[8Hдд[44m Ё[37m<[33mD[37m>[5;34m... [0;1;36;44mDownload a File[33m [D     [0mдд[1;33;46mдддд[44m[40m[s
[u[44m [37m<[33mH[37m>[5;34m... [0;1;36;44mHELP on Upload/Download   [32mЁ [0mдд[1;32;47mдд[9Hдд[44m Ё[37m<[33mQ[37m>[5;34m... [0;1;36;44mQuit to Main Menu    [0mдд[1;33;46mдддддд[0mдддддддддддддддддддддддддддддд[44m  [1;32mЁ[40m[s
[u[44m [0mдд[1;32;47mдд[10Hдд[44m Ё[37m<[33mL[37m>[5;34m... [0;1;36;44mList Files In This Area                             [0mд[1;33;46mдддддд[44m  [32mЁ [0mдд[1;32;47mдд[11Hдд[44m Ё[37m<[33mT[37m>[5;34m... [0;1;36;44mText [40m[s
[u[44mSearch Description     [37m<[31m?[37m>[5;34m... [0;1;31;44mHELP [36mwith Commands        [32mЁ [0mдд[1;32;47mдд[12Hдд[44m Ё[37m<[33mR[37m>[5;34m... [0;1;36;44mRead A Text File            [37m<[33mG[37m>[5;34m... [40m[s
[u[0;1;36;44mGoodbye & Log Off         [32mЁ [0mдд[1;32;47mдд[13Hдд[44m Ё[37m<[33mV[37m>[5;34m... [0;1;36;44mView A .ZIP File            [37m<[33mM[37m>[5;34m... [0;1;33;44mMessage Areas!            [32mЁ [0mдд[1;32;47mдд[14Hд[40m[s
[u[47mд[44m юдддддддддддддддддддддддддддддддддддддддддддддддддддддддддддддддддддды [0mдд[1;32;47mдд[15Hдддд[0mдддддддддддддддддд [33mЁ  [1;31mFor a complete list of   [0;33mЁ [37mддддддддддддддддддддддд[1;32;47mдд[16Hддддддддддддддддд[40m[s
[u[47mддддд[41m [33mЁ [36mavailable files, download [33mЁ [0mд[1;32;47mдддддддддддддддддддддддд[17Hдддддддддддддддддддддд[41m [33mЁ       WORKSHOP.ZIP        Ё [0mд[1;32;47mдддддддддддддддддддддддд[18Hдддддддддддддддддддддд[41m [40m[s
[u[41m[33mюддддддддддддддддддддддддддды [0mд[1;32;47mдддддддддддддддддддддддд[19Hддддддддддддддддддддддддд[0mддддддддддддддддддддддддддддд[1;32;47mдддддддддддддддддддддддд[20Hддддддддддддддддддддддддддддддддддддддддддддддддддддддддддддддд[40m[s
[u[47mддддддддддддддд[21H[30;40m.[0m


