[40m[2J[2;26H[0;33mмллллм[3;24Hпп[44mппппппп[4;23H[34;40m_мл[s
[u[1;31;44mм[0;34mп[1;31mмммм[37m`[5;25H[31mо[44mл[40mллллллп
[6;26Hлллл[47mпп[40mп[7;27Hплллпп[8;26H[34mмллпплм[9;25Hолнмллмол
[10;25Hлллмпллнн[31mлм[11;25H[34mллллмп[31mмлмпллм[12;25H[34mолллллм[s
[u[31mпллмпл[43mп[0;33mм[1;31mм[26C\[CГ[C/[2C\[CГ[C/[13;25H[s
[u[30;47mппппппп[37;40mн[C[31mпл[43mпм[0;33mп[1;31;43mм [40m[s
[u[43m[0;33mмм[26C[31mм[6Cм[14;25H[37mллллнллл[3C[1;31mп[0;33mон[s
[u[C[1;31;43mп[0;33mн[25C[1mлллллллллллБ[15;25H[0mоллллоллн[4C[s
[u[43mммм[29C[33;40mплпплп[16;26H[37mллллолл[5Cл[1;47mпм[5C[40m[s
[u[30;40mп[24C[0;33mл[2Cл[17;26H[37mллллнллн[4Cлл[1;47mо[2C[40m[s
[u[30;40mл[C[33mп[25C[0;33mл[2Cл[18;25H[37mоллпплппл[4Cлл[s
[u[1;47mн[C[33;40mў[2C[30mў[24C[0;33mон[Cон[19;25H[37mон[1;30mм[s
[uллмплм[4C[0mл[47m [1mн[2C[30;40mм[2Cм[C[33mў[C[30mп[19C[s
[u[0;33mон[Cон[20;25H[37mпо[1;30;47mп[37mппп[30mпп[0mм[1;30mп[s
[u[47mп[0mм[Cо[1;47mо[0mн[C[1;30mппн[Cм[2Cммл[Cмл[15C[0;33mл[s
[u[2Cл[21H[1mммммм[30mмм[33mммммм[30mмм[33mммммм[30mмм[33mммммм[s
[u[30mмм[33mммммм[30mммм[C[0mо[1;47mо[0mн[1;30mў[2Cммллллллллллмм[s
[u[33mмммм[30mмм[33mмммммм[43mм[40mмм[0;33mл[1mммммм[22H[30mллллл[s
[uлллллллллллллллллллллллллллллллн[C[0mл[2C[1;30mмлллллллллллллллллллл[s
[uлллллллллл[43mм[40mллллл[23Hлллллллллллллллллллллллллллллллллллллм[A
[38C[0mГ[1;30mмлллллллллллллллллллллллллллллллллллллл[2H[25C[0;33mмлл[s
[uллм[3H[23Cпп[44mппппппп[4H[22C[34;40m_мл[1;31;44mм[0;34mп[1;31m[s
[uмммм[37m`[5H[24C[31mо[44mл[40mллллллп[6;26Hллллл[47mп[40mп[7H[s
[u[26Cплллпп[8H[25C[34mмллпплм[9H[24Cолнмллмол[10H[24Cлллмпллнн[s
[u[31mлм[11H[24C[34mллллмп[31mмлмплпл[43mп[0;33mм[1;31mм[12H[24C[s
[u[34mолллллм[31mпллм[43mпм[0;33mп[1;31;43mм п[0;33mм[24C[1;31m\ Г[s
[u /  \ Г /[13H[24C[30;47mппппппп[37;40mн [31mппл[43mн[0;33mн [s
[u[1;31;43mпо[40mп[26C[0;31mм[6Cм[14H[24C[37mллллнллл   [30mлл[s
[u[37;43mммм[30;40mл[25C[1;33mлллллллллллБ[15H[24C[0mоллллоллн    л[s
[u[1;47mпм[29C[0;33mплпплп[16H[25C[37mллллолл[5Cлл[1;47mо[5C[40m[s
[u[47m[0;30mл[24C[33mл  л[17H[25C[37mллллнллн    лл[1;47mн[40m[s
[u[47m[2C[0;30mл л[25C[33mл  л[18H[24C[37mоллпплппл    л[47m[40m[s
[u[47m [1mн[C[0;30mл  л[24C[33mон он[19H[24C[37mон[1;30mмллмплм [s
[u   [0mо[1;47mо[0mн  [30mл  [1mмм[33mм [0;30mл[19C[33mон он[20H[s
[u[24C[37mпо[1;30;47mп[37mппп[30mпп[0mм[1;30mп[47mп[0mм о[s
[u[1;47mо[0mн   [1;33mо[30mмлллллм мл[15C[0;33mл  л[21H[1mммммм[s
[u[30mмм[33mммммм[30mмм[33mммммм[30mмм[33mммммм[30mмм[33mммммм[s
[u[30mммм  [0mл    [1;30mллллллллллллмм[33mмммм[30mмм[33mмммммм[s
[u[43mм[40mмм[0;33mл[1mммммм[22H[30mлллллллллллллллллллллллллллллллл[s
[uллллн [0mГ  [1;33mм[30mлллллллллллллллллллллллллллллл[43mм[40mллллл
[23Hлллллллллллллллллллллллллллллллллллллм млллллллллллллллллллллллллллллл[A
[70C[1A[Bлллллллл[2H[25C[0;33mмллллм[3H[23Cпп[44mппппппп[4H[40m[s
[u[44m[22C[34;40m_мл[1;31;44mм[0;34mп[1;31mмммм[37m`[5H[24C[31mо[s
[u[44mл[40mллллллп[6;26Hлллл[47mпп[40mп[7H[26Cплллпп[8H[25C[34mм[s
[uллпплм[9H[24Cолнмллмол[10H[24Cлллмпллнн[31mлм[11H[24C[34mллллмп[s
[u[31mмлмпллм[0;30mлллл[12H[24C[1;34mолллллм[31mпллмпл[43mп[40m[s
[u[43m[0;33mм[1;31mм[0;30mлл[24C[1;31m\ Г /  \ Г /[13H[24C[s
[u[30;47mппппппп[37;40mн [31mпл[43mпм[0;33mп[1;31;43mм [0;33mмм[s
[u[26C[31mм[6Cм[14H[24C[37mллллнллл   [1;31mп[0;33mон [s
[u[1;31;43mп[0;33mн[25C[1mлллллллллллБ[15H[24C[0mоллллоллн    [s
[u[43mммм[29C[33;40mплпплп[16H[25C[37mллллолл[5Cл[1;47mпм[5C[40m[s
[u[30;40mп[24C[0;33mл  л[17H[25C[37mллллнллн    лл[1;47mо[2C[40m[s
[u[30;40mл [33mп[25C[0;33mл  л[18H[24C[37mоллпплппл    лл[s
[u[1;47mн[C[33;40mў  [30mў[24C[0;33mон он[19H[24C[37mон[1;30mмлл[s
[uмплм    [0mл[47m [1mн[2C[30;40mм  м [33mў [30mп[19C[0;33mон он
[20H[24C[37mпо[1;30;47mп[37mппп[30mпп[0mм[1;30mп[47mп[0mм о[s
[u[1;47mо[0mн [1;30mппн м  ммл мл[15C[0;33mл  л[21H[1mммммм[30mмм[s
[u[33mммммм[30mмм[33mммммм[30mмм[33mммммм[30mмм[33mммммм[30mммм [s
[u[0mо[1;47mо[0mн[1;30mў  ммллллллллллмм[33mмммм[30mмм[33mмммммм[s
[u[43mм[40mмм[0;33mл[1mммммм[22H[30mлллллллллллллллллллллллллллллллл[s
[uллллн [0mл  [1;30mмлллллллллллллллллллллллллллллл[43mм[40mллллл[23H[A
лллллллллллллллллллллллллллллллллллллм[0mГ[1;30mмлллллл[1A[Bллллллллллл[A
[57Cллллллллллллллллллллл[2H[25C[0;33mмллллм[3H[23Cпп[44mпппппп[40m[s
[u[44mп[4H[22C[34;40m_мл[1;31;44mм[0;34mп[1;31mмммм[37m`[5H[24C[s
[u[31mо[44mл[40mллллллп[6;26Hлллл[47mпп[40mп[7H[26Cплллпп[8H[25C[s
[u[34mмллпплм[9H[24Cолнмллмол[10H[24Cлллмпллнн[31mлм[11H[24C[34mл[s
[uлллмп[31mмлмпллм[0;30mлллл[12H[24C[1;34mолллллм[31mпллмпл[s
[u[43mп[0;33mм[1;31mм[0;30mлл[24C[1;31m\ Г /  \ Г /[13H[24C[s
[u[30;47mппппппп[37;40mн [31mпл[43mпм[0;33mп[1;31;43mм [0;33mмм[s
[u[26C[31mм[6Cм[14H[24C[37mллллнллл   [1;31mп[0;33mон [s
[u[1;31;43mп[0;33mн[25C[1mлллллллллллБ[15H[24C[0mоллллоллн    [s
[u[43mммм[29C[33;40mплпплп[16H[25C[37mллллолл[5Cл[1;47mпм[5C[40m[s
[u[47m[0;30mл[24C[33mл  л[17H[25C[37mллллнллн    лл[1;47mо[40m[s
[u[47m[2C[0;30mл л[25C[33mл  л[18H[24C[37mоллпплппл    лл[s
[u[1;47mн[C[0;30mл  л[24C[33mон он[19H[24C[37mон[1;30mмллмплм    [s
[u[0mл[47m [1mн[2C[0;30mл  л[1mм[33mм [0;30mл[19C[33mон он[20H[s
[u[24C[37mпо[1;30;47mп[37mппп[30mпп[0mм[1;30mп[47mп[0mм о[s
[u[1;47mо[0mн   [1;33mо[30mмлллллм мл[15C[0;33mл  л[21H[1mммммм[s
[u[30mмм[33mммммм[30mмм[33mммммм[30mмм[33mммммм[30mмм[33mммммм[s
[u[30mммм [0mо[1;47mо[0mн   [1;30mллллллллллллмм[33mмммм[30mмм[33m[s
[uмммммм[43mм[40mмм[0;33mл[1mммммм[22H[30mлллллллллллллллллллллллллл[s
[uллллллллллн [0mл  [1;33mм[30mлллллллллллллллллллллллллллллл[43m[40m[s
[u[43mм[40mллллл[23Hлллллллллллллллллллллллллллллллллллллм[0mГ[1;30mм[A
[40C[1A[Bлллллллллллллллллллллллллллллллллллллл[0m
[H[2H[25C[0;30mл[33mмллллм[3H[23C[30mл[33mпп[44mппппппп[4H[40m[s
[u[44m[22C[30;40mл[34m_мл[1;31;44mм[0;34mп[1;31mмммм[37m,[5H[24C[s
[u[0;30mл[1;31mо[44mл[40mллллллп[6H[25C[0;30mл[1;31mлллл[47m[40m[s
[u[47mпп[40mп[7H[26C[0;30mл[1;31mлллппп[8H[25C[34mмллпплм[9H[s
[u[24Cолнмллмол[10H[24Cлллмпллнн[31mлм[11H[24C[34mллллмп[31mмлмплл[s
[uм[0;30mлллл[12H[24C[1;34mолллллм[31mпллмпл[43mп[0;33mм[1;31mм[s
[u[0;30mлл[24C[1;31m\ Г /  \ Г /[13H[24C[30;47mппппппп[37;40mн [s
[u[31mпл[43mпм[0;33mп[1;31;43mм [0;33mмм[26C[31mм[6Cм[14H[24C[s
[u[37mллллнллл   [1;31mп[0;33mон [1;31;43mп[0;33mн[25C[1mлллллллллл[s
[uлБ[15H[24C[0mоллллоллн    [43mммм[29C[33;40mплпплп[16H[25C[37mл[s
[uлллолл[5Cл[1;47mпм[5C[0;30mл[24C[33mл  л[17H[25C[37mллллнллн   [s
[u лл[1;47mо[2C[0;30mл л[25C[33mл  л[18H[24C[37mоллпплппл    лл[s
[u[1;47mн[1C[0;30mл  л[24C[33mон он[19H[24C[37mон[1;30mмллмплм   [s
[u [0mл[47m [1mн[2C[0;30mл  л[1mм[33mм [0;30mл[19C[33mон он[20H[s
[u[24C[37mпо[1;30;47mп[37mппп[30mпп[0mм[1;30mп[47mп[0mм о[s
[u[1;47mо[0mн    [1;30mмлллллм мл[15C[0;33mл  л[21H[1mммммм[30mмм[s
[u[33mммммм[30mмм[33mммммм[30mмм[33mммммм[30mмм[33mммммм[30mммм [s
[u[0mо[1;47mо[0mн   [1;33mо[30mлллллллллллмм[33mмммм[30mмм[33mмммм[s
[uмм[43mм[40mмм[0;33mл[1mммммм[22H[30mлллллллллллллллллллллллллллллл[s
[uллллллн [0mл   [1;33mм[30mллллллллллллллллллллллллллллл[43mм[40m[s
[u[40mллллл[23Hлллллллллллллллллллллллллллллллллллл  [0mГ   [1;30mлллл[A
[46Cлллллллллллллллллллллллллллллллл
[0;1;30mлллпп[5Cппллппллллппп   полппппллп[6Cлллппп  пл п  п  пппппллллл
[A[69Cлллпп
лн [0mммм м  м ммм   [1;30mл[6C[0;30mлйй[1mн    оп[7Cолн[6Cн[14Cппл
[A[69Cл
о   л  лммл лмм   н    [0;30mлййййййййй[10C[1mн[25Cн
Г   л  л  л лмм[7C[0;30mлййййййййй[9Cй[21C[1mммммм
[0;33mм[1;37mмм[33mм[0;33mм[1mм[37mм[33mм [0;33mм[1mм[37mмм 
[A[14C[0;33mм[1mм[37mмм[33mм   [0;33mм[1;37mм[33mмм[37mм  [0;30m
[A[29Cй[33mм[1;37mммм[33mмм[37mм [0;33mм[1;37mмм    [0;33mм[1;37m
[A[46Cм[33mм[13C[30mмллллппплм
 [0;33mл[1mл  [43m л[3C[0;33mл[1mл   [0;33mл[1mл[0;33mпп
[A[19C[1;43mп[40mм  [0;33mл[1mл[0;33mпп[1;43mп[40mм[0;30mйй[33mл
[A[32C[1mл[0;33mппп[1;43mп[1C[0;30mй[33mл[1mл[43mп[40mм  
[A[45C[43m [40mл[13C[30mоллп[37mммлллм[30mпн
 [0;33mл[1mл[43mпппл[3C[0;33mл[1mл   [0;33mл[1mл  [0;33mл[1mл  
[A[23C[0;33mл[1mл  [0;33mл[1mл[0;30mй [33mл[1mлмл   [0;30mй[33mл
[A[40C[1mл [0;33mп[1;43mп[40mм[43m [40mл[13C[30mллн[37mолп[0mмм
[A[68C[1mпллн
 [0;33mл[1mл  [43m л[3C[0;33mл[1mл   [0;33mл[1mл  [43mм[40mп  
[A[23C[0;33mл[1mл  [43mм[40mп[0;30mйй[33mл[1mл[0;33mпп [1mм  
[A[39C[0;33mл[1mл   [0;33mп[1;43mп[40mл[12C[30mолллм[37mпн
[A[66C[47mо[40mполлн
[0;33mп[1mппп[0;33mп[1mппп [0;33mп[1mппп [0;33mп[1mпппп   [0;33mп
[A[23C[1mпппп  [0;30mй[33mп[1mпппппп [0;33mп[1mппп   [0;33mп[1mпп
[A[48C[11C[30mоллп[37mмллммлл[43mп[0;33mл[30;43mм [33;40mмм
м[1mм[37mммм[33mм[37mм [0;33mм[1;37mм[33mм[5C[37mмм [0;33mм[1mм
[A[21C[37mм[33mм[37mм   [0;33mм[1mм[37mмм [0;33mм[1;37mм[33mм
[A[35C[37mм[33mм    [0;33mм[1mм[37mмм[33mмм[37mм[12C[30mлл [37m
[A[63Cллллл[43mл [0;33mлппплллллм[30mй[33mл[1mл[0;33mппп
[A[6C[1;43mп[2C[0;33mл[1mл[43mп[40mм м[43mп[40mл   [0;33mл[1mл
[A[22C[0;33mпп[1;43mп[40mм  [0;33mл[1mл [0;30mй [33mл[1mл[0;33mп
[A[36Cп[1;43mп[40mм  [0;30mй[33mл[1mл[0;33mппп[1;43mп[10C[40m
[A[58C[43m[0;30mлл [1mплм[37mпллл[43mн[0;33mлллллммммм
 л[1mлмл    [0;33mл[1mл [0;33mп[1;43mп[0;33mп[43m [1;40mл   [0;33m
[A[20Cл[1mлммп   [0;33mл[1mл [0;30mй [33mл[1mлммп    [0;33mл[1mлм
[A[45Cл[12C[0;30mйлл [1mмлл[37mоллп[5C[0;33mппп
[30mй[33mл[1mл[0;33mпп [1mм  [0;33mл[1mл    [43m [40mл   [0;33mл
[A[21C[1mл[6C[0;33mл[1mл [0;30mй [33mл[1mл[0;33mпп[1;43mп[40m
[A[38C[40mм  [0;30mй[33mл[1mл[0;33mпп [1mм[0;30mй[8Cйй[35mммл
[A[62C[1;30;45mп[40mллм[37mон
[0;33mп[1mпппппп [0;33mп[1mппп  [0;33mп[1mппп [0;33mп[1mппп [0;30m
[A[24Cййй[33mп[1mппп[0;30mй[33mп[1mпп [0;33mп[1mппп [0;33mп[1mпп
[A[44Cпппп[0;30mй[8C[35mмлллллл[1;30;45mп[40mл[37mо[45mн[40m
[A[68C[45m[0;35mн
[8C[1;37mммлл[47mпмпппмп[40mлмм[0;30mй[33C[35mмллллллллн[1;37mл
[A[67C[45mн[0;35mл
[5C[1;37mмл[47mмммп п[40mлллл[47mпп ммп[40mлм[0;30mй[29C[35mмллммм
[A[61Cппппммм[1;31mллллм
    [37;47mм ппп[40mл[47mпм[40mл[47mмммммп[40mлл[47mпп м[40mлм
[A[27C[0;30mй [35m[[1m301[0;35m]-[1m926[0;35m\[1m6131[0;35m][7C
[A[51C[30mй  [35mолллммпппппм[1;37mммм[31;45mп[40mпп
   [37mл[47mно[40mллл[47mмм ппппппммм[40mл[47mно[40mлллн[0;30mй 
[A[30C[1;36mS[0;36mys[1mO[0;36mp [1mT[0;36mhe [1mE[0;36mmporer   
[A[50C [30mй  [1mмл[45mмм[0;35mплллл[45m  [1;37mм[40mлллн
  [47mмммпппл[40mл[47mно[40mллллл[47mнолллп п мм[0;30mйй [34mR[1mem
[A[34Core [0;34mS[1muicidal[5C[0;30mй[1mмллп[37mммллллллллллл
 оллл[47mно[40mл[47mмммп[0mл[1;30;47mммммм [37mмм [40mллл[47mн[40m
[A[26C[47mо[40mлн[0;30mй  [37mC[1mo[0m'[1ms[0m: M[1morpheus    п
[A[51Cммммллллллллллллп[0;30mййййй
 [1;37;47mм мп пп[40mлл[47mн[0mл[1;30mлллллл[47mн [37;40mл[47m[40m
[A[21C[47mнопппмм [8C[0mW[1mind [0mW[1malker   [0;30mййй[1;37mппп
[A[57Cллллллпп  [0;33mмм[30mйй
[1;37mо[47mно[40mллллл[47m мн[0mл[1;30mлллллл[47mн [37mмм [40m
[A[23C[40mлллл[47mно[40mн[17C[0;30mйй[8Cй [33mмлл млллмпл[30mйййй
 [1;37;47mмммпппно[40mлл[0mл[1;30;47mо[40mллллл[47m [37mо[40mл[A
[21C[47mнопппммм[0;30mй[27C[33mмллллллллллп[30mййййййййййй
[13C[0;1;30m-[0mњ[1m.[30mA[0mNSi сy Slas[1;30mh[37m.[0mњ[1;30mФФФ
[A[34CФФФФФФФФ[0mњ[1m.L[0mogo сy Kingpi[1mn.[0mњ[1;30m-
[17C-[0mњ[1m.[0;36m[[34mi[1mCE[0;36m][1;37m.[0mњ[1;30mФФФФФФФФФФФ
[A[38CФФФФФФФФФ[0mњ[1m.[0;34m[[36mi[1;34mCE[0;34m][1;37m.[0mњ
[A[56C[1;30m-

Downloaded From P-80 International Information Systems 304-744-2253
