[0m[2J[07;25H[1;31mYou have reached (213) 531-3890[01;01H[5;33m¯¯¯[0;1mVectors for the highest lever of [5;33minterconnectedness [0;1mare being calculated![5;33m®®®[08;22H[0;1;33mThe BBS where YOU make the difference[09;14H[37mThe Users and
[09;27H SysOp would like to welcome you to.....[05;01H[34mÛÛÛÛÛÛÛÛÛÛ²²²²²²²²²²±±±±±±±±±±°°°°°°°°°°°°°°°°°°°±±±±±±±±±±²²²²²²²²²²ÛÛÛÛÛÛÛÛÛÛ[06;01H²[06;79H²[07;01H±[07;79H±[08;01H°[08;79H°[09;01H±[09;79H±[10;01H²[10;79H²[11;01HÛÛÛÛÛÛÛÛÛÛ²²²²²²
[11;17H²²²²±±±±±±±±±±°°°°°°°°°°°°°°°°°°°±±±±±±±±±±²²²²²²²²²²ÛÛÛÛÛÛÛÛÛÛ[16;01H[33mÖÄÄÄÄÄÄÄÄÄÄÄÄÄÄÄÄÄÄÄÄÄÄÄÄÄÄÄÄÄÄÒÄÄÄÄÄÄÄÄÄÄÄÄÄÄÄÄÄÄÄÄÄÄÄÄÄÄÄÄÄÄÄÄÄÄÄÄÒÄÄÄÄÄÄÄÄÄ·[17;01Hº[34mYour SysOp:  [37mMark A. McCarthy [33mº[34mAvailable:  [37m24 Hours / 7 d
[17;59Hays a week[33mº         º[18;01Hº[34mLocation:    [37mLakewood, Calif. [33mº[34mModem:      [37m2400/1200/300 BPS N-8-1 [33mº         º[19;01HÓÄÄÄÄÄÄÄÄÄÄÄÄÄÄÄÄÄÄÄÄÄÄÄÄÄÄÄÄÄÄĞÄÄÄÄÄÄÄÄÄÄÄÄÄÄÄÄÄÄÄÄÄÄÄÄÄÄÄÄÄÄÄÄÄÄÄÄĞÄÄÄÄÄÄÄÄÄ½[02;29HÖÄÄÒÄÄ·
[02;37HÒ    Ò  ÖÄÄÄÄ·[03;32Hº    ÇÄÄÄÄ¶  ÇÄÄÄ[04;32HĞ    Ğ    Ğ  ÓÄÄÄÄ½[12;29HÒÄÄÄÄ·  ÒÄÄÄÄ·  ÖÄÄÄÄ·[13;29HÇÄÄÄÄ¶  ÇÄÄÄÄ¶  ÓÄÄÄÄ·[14;29HĞÄÄÄÄ½  ĞÄÄÄÄ½  ÓÄÄÄÄ½[07;25H                               [08;22H
[09;14H                                                     [01;56H[37mhave been[06;03H[33mÍËËÍ  ÍËËÍ  ÉËÍÍÍÍË»  ÍË»        ÍËËÍ  ÉËÍÍÍÍË»  ÉËÍÍËËÍÍË»  ÍËËÍ  ÉËÍÍÍÍË»[07;04Hºº    ºº   ºº    ºº   ºº         ºº   ºº    È¼  È¼  ºº  È¼   ºº   ºº    È¼
[08;04HºÌÍÍÍÍ¹º   ºº    ºº   ºº         ºº   ÈÊÍÍÍÍË»      ºº       ºº   ºº[09;04Hºº    ºº   ºº    ºº   ºº    É»   ºº   É»    ºº      ºº       ºº   ºº    É»[10;03HÍÊÊÍ  ÍÊÊÍ  ÈÊÍÍÍÍÊ¼  ÍÊÊÍÍÍÍÊ¼  ÍÊÊÍ  ÈÊÍÍÍÍÊ¼     ÍÊÊÍ     ÍÊÊÍ  ÈÊÍÍÍÍÊ¼[15;16H[5m¯
[15;17H¯¯ [0;1mBased on the Premise of Schrodinger's Cat [5;33m®®®[17;72H[0;1;34mASCBBO[18;72HMember[21;79H[0m

Downloaded From P-80 International Information Systems 304-744-2253
