[40m[2J[2;8H[0;1m—[2C—[2C—[C—∏[3C’∏[7C∏[5C∏’[10C∏[3;8H≥[2C≥’∏≥[C≥[4C≥≥[7C≥[5C≥≥[10Cÿ[4CFidonet[C2:30/20[4;8H≥[2C≥≥≥≥[C∆[4C∆µ[C—∏[C’—[C≥[C’∏[2C∆µ[C’∏[C’∏[C—∏[C≥[5;8H≥[2C≥≥≥≥[C≥[4C≥≥[C≥≥[C≥≥[C≥[C∆æ[2C≥≥[C∆æ[C’µ[s
[u[C≥[2C≥[5C41-22-7916465[6;8Hœæ[Cœæ‘œ[Cœ[2C[33m_[C[37mæ‘[Cœ‘[C‘µ[C‘[C‘[3Cæ‘[C‘[2C‘œ[Cœ[2C‘[7;12H[30;47m≤[6C[0;33mO[7C[1;37m’≥[22CUSR[CCourier[C9600[CHST[8;10H[30;47m≤[C≤≤[37mﬂ[0m‹__[33m/[1;37m€{[2C[30;47m≤[40m[s
[u[47m[3C[37;40m‘æ[26C˙V32˙[2C˙V22˙[9;10H[30;47m≤≤≤≤[0;36m€€€[1;37;46m‹[40m€€[C[30;47m≤≤≤≤[10;9H≤≤≤≤≤≤[0;36m€€[33m<[1;30;47m≤≤≤≤≤[26C[33;40mƒƒƒ[2C[37m,,[11;10H[30;47m≤[C≤≤≤≤≤≤≤[3C≤≤[23C[0;33m.[1m(((()[37m//'}[12;12H[s
[u[30;47m≤≤[3C≤[17C[0m±±±±›[7C[33m([1;37m__[0;33m'[1m))[37m/'/'[33mStephane[CMottier[13;25H[30;47m≤[6C[0m⁄ƒ˛±±±±›[6C[33m_/[1;37m\[2C)/'/'[4C[33m˙SysOp˙[7C[30;47m≤[14;23H≤≤≤[4C[0m⁄ƒ≈€€€€€€€__‹‹‹[33m(__/[1;37m\(`\('[4C[s
[u[30;47m≤≤[2C≤≤≤[8C≤≤[15;18H≤[2C≤≤≤≤[5C[0m≥[31mﬂ[37;41m [31;40m€€€€€€€€€€€€€[C[1;37m//__)[0;31mﬁ[1;37m`[5C[30;47m≤[2C≤≤≤[6C≤≤≤≤[16;17H≤≤≤≤≤≤[3C≤[3C[0m([C[41m [31;40m€€€€€€€€€€€€€[33m(([2C/[31mﬂ€[3C[1;30;47m≤[C≤≤≤≤≤[40m[s
[u[47m≤[5C≤≤≤≤≤[17;19H≤≤≤≤≤≤≤≤[0m____)[31m€€€€€€€€€€€€€€[C[33m\\[C\[31mƒ€[2C[1;30;47m≤≤≤≤≤[4C≤≤≤≤≤≤≤≤[18;20H≤[2C≤≤≤≤≤≤≤≤[2C[0;31m€€[8C€€[2C[33m((__)[31m€[4C[1;30;47m≤≤≤≤≤≤≤≤≤≤[4C≤≤[19;22H≤≤[2C≤≤≤≤≤≤≤≤≤≤≤≤≤≤≤≤≤≤≤≤≤≤≤≤≤≤≤≤≤[40m[s
[u[47m≤≤≤≤≤[5C≤≤≤≤[3C≤[20;25H≤≤≤[4C≤≤≤≤≤≤≤≤≤≤≤≤≤≤≤≤≤≤≤≤≤≤≤≤≤[0mvs[5C[1;30;47m≤≤[C≤≤≤≤[21;27H≤[2C≤≤≤≤≤[4C≤≤≤≤≤≤≤≤≤≤≤≤[4C≤≤≤≤≤[5C≤[3C≤[22H[37;40mPress[CEnter[Cto[Ccontinue.........[30;47m≤≤≤≤≤≤≤≤≤[3C≤[3C≤≤≤≤≤≤≤≤[2C≤[0m
