[40m[2J[0;1;34mлппппппппппппппппппппппппппппппппппппппп[0mлн[1;34mпппп[0;34mпппп[1mпппппппппппппппппппппппл[2;1Hл[38C[0mлл[21Cмп[1mп[0mп[1;30mпм[5C[34mл[3;1Hл[5C[0;32mлллллллллллллллллллллллллллллллл[37;42mо[40mл[32mолн оллллллллл[s
[uллллоллл[37;42mм[40mп[1mп[0mп[1;30mпм[0;32mоллнлллл[4;1H[1;34mл[5C[0;32mллллллллллллллллллллллллллллллл[42m [37;40mлн[32mлл  ллллллллллллллоллл[37;42mм[40mп[1mп[0mп[1;30mпм[0;32mоллнлллл[5;1H[1;34mл[5C[42m              [40m[s
[u[30;40mлллллллллллллллллллллллллл[0;32mллллллллллллоллл[37;42mм[40mп[1mп[0mп[1;30mпм[0;32mоллнлллл[6;1H[1;34mл ФФФФ[0;30;42mФФФФФФФФФФФФФФ[1;40mББББББББББББББББББББББББББ[0;30;42mФФФФФФФФФФФФ[32;40mоллл[37;42mм[40mп[1mп[0mп[1;30mп[s
[uм[0;32mоллн[30;42mФФФФ[7;1H[1;34;40mл ФФФФ[0;30;42mФФФФФФФФФФФФФФ[1;40mББББББББББББББББББББББББББ[0;30;42mФФФФФФФФФФФФ[32;40mоллл[37;42mм[40mп[1mп[0mп[1;30mпм[0;32mоллн[30;42mФФФФ[8;1H[1;34;40mл ФФФФ[0;30;42mФФФФФФФФФФФФФФ[40m[s
[u[1;40mлллллллллллллллллллллллллл[8C[0;30;42mФФФФ[32;40mоллл[37;42mм[40mп[1mп[0mп[1;30mпм[0;32mоллн[30;42mФФФФ[9;1H[1;34;40mл ФФФФ[0;30;42mФФФФФФФФФФФФФФ[1;40mлллллллллллллллллллллллллл[8C[0;30;42mФФФФ[32;40mоллл[37;42mм[40mп[1mп[s
[u[0mп[1;30mпм[0;32mоллн[30;42mФФФФ[10;1H[1;34;40mл ФФФФ[0;30;42mФФФФФФФФФФФФФФ[1;40mлллллллллллллллллллллллллл[8C[0;30;42mФФФФ[32;40mоллл[37;42mм[40mп[1mп[0mп[1;30mпм[0;32mоллн[30;42mФФФФ[11;1H[1;34;40mл ФФФФ[0;30;42mФФФФФФФ[40m[s
[u[42mФФФФФФФ[37;40mлллллллллллллллллллллллллл[8C[30;42mФФФФ[32;40mоллл[37;42mм[40mп[1mп[0mп[1;30mпм[0;32mоллн[30;42mФФФФ[12;1H[1;34;40mл ФФФФ[0;30;42mФФФФФФФФФФФФФФ[37;40mлл[30;47mC = c o m m o d o r e [37;40mлл[8C[30;42mФФФФ[40m[s
[u[32;40mоллл[37;42mм[40mп[1mп[0mп[1;30mпм[0;32mоллн[30;42mФФФФ[13;1H[1;34;40mл ФФФФ[0;30;42mФФФФФФФФФФФФФФ[37;40mлллллллллллллллллллллллллл[8C[30;42mФФФФ[32;40mоллл[37;42mм[40mп[1mп[0mп[1;30mпм[0;32mоллн[30;42mФФФФ[14;1H[40m[s
[u[1;34;40mл ФФФФ[0;30;42mФФФФФФФФФФФФФФ[1;40mлллллллллллллллллллллллллл[8C[0;30;42mФФФФ[32;40mоллл[37;42mм[40mп[1mп[0mп[1;30mпм[0;32mоллн[30;42mФФФФ[15;1H[1;34;40mл ФФФФ[0;30;42mФФФФФФФФФФФФФФ[1;40mлллллллллллллллллллллллллл[8C[s
[u[0;30;42mФФФФ[32;40mоллл[37;42mм[40mп[1mп[0mп[1;30mпм[0;32mоллн[30;42mФФФФ[16;1H[1;34;40mл ФФФФ[0;30;42mФФФФФФФФФФФФФФ[1;40mлллллллллллллллллллллллллл[8C[0;30;42mФФФФ[32;40mоллл[37;42mм[40mп[1mп[0mп[1;30mпм[0;32mоллн[s
[u[30;42mФФФФ[17;1H[1;34;40mл ФФФФ[0;30;42mФФФФФФФФФФФФФФ[1;40mлллллллллллллллллллллллллл[8C[0;30;42mФФФФ[32;40mоллл[37;42mм[40mп[1mп[0mп[1;30mпм[0;32mоллн[30;42mФФФФ[18;1H[1;34;40mл ФФФФ[0;30;42mФФФФФФФФФФФФФФ[1;40mлллллллллллллллл[s
[uлллллллллл[8C[0;30;42mФФФФ[32;40mоллл[37;42mм[40mп[1mп[0mп[1;30mпм[0;32mоллн[30;42mФФФФ[19;1H[1;34;40mл ФФФФ[0;30;42mФФФФФФФФФФФФФФ[1;40mлллллллллллллллллллллллллл[8C[0;30;42mФФФФ[32;40mоллл[37;42mм[40mп[1mп[0mп[1;30mпм[0;32mо[s
[uллн[30;42mФФФФ[20;1H[1;34;40mл ФФФФ[0;30;42mФФФФФФФФФФФФФФФФ[1;34mпппппп[40mпппппппппппппппп[10C[0;30;42mФФФФ[32;40mоллл[37;42mм[40mп[1mп[0mп[1;30mпм[0;32mоллн[30;42mФФФФ[21;1H[1;34;40mл ФФФФ[0;30;42mФФФФФФФФФФФФФФФФФФФФФФ[40m[s
[u[42m[26CФФФФ[32;40mоллл[37;42mм[40mп[1mп[0mп[1;30mпм[0;32mоллн[30;42mФФФФ[22;1H[1;34;40mлммммм[0;30;42mФФФФФФФФФФФФФФФФФФФФФФ[26CФФФФ[32;40mоллл[37;42mм[40mп[1mп[0mп[1;30mпм[0;32mоллн[30;42mФФФФ[23;1H[6C                 [40m[A
[23C[42m     [32;40mллммммммммммммммммммммммллллллоллл[37;42mм[40mп[1mп[0mп[1;30mпм[0;32mоллн[30;42m<Т  [1;37;40m [D[24;1H[25;1H[0m[255D