[40m[2J[31C[0;1;35mъ[8Cъ  ъ[2;1H[11CЬЬ[6CЬЬ[10Cъ[8CЮ  ъ[3;1H[6CЮЯЭ ЬЭ Э    Ю [0;35mЮ[1mЭ[9CЮ[9CЭ Ю[4;1H[6CЭ ЮЬЭ ЫЫЫ[0;35mЭ  [1mъ[0;35mЮ[1mЫЫЫ[0;35mЭ[8C[1mЭ[8CЮ  Э[8CЮЯЬ[5;1H[6CЭ   ЬЫЫЫЫЫ[0;35mЭ Ю[1mЫЫЫЫЫЬ[7CЮ[8CЭ  Ю[8C[s
[uЭ[0;35mЮ[1mЫЫ[0;35mЭ[6;1H[6C[1mЭ  ЬЫЫ[0;35mЭ Ю[1mЫЫ[0;35mЮ[1mЫЫ[0;35mЭ Ю[1mЫЫЬ    ЬЬЭ[7CЫЬ  ЮЭ[7Cъ[0;35mЮ[1mЫЫ[0;35mЭ[7;1H[6C[1mъ [0;35mЮ[1mЫЫЫ[0;35mЭ  Ю[1mЫЫЫ[0;35mЭ  Ю[1mЫЫЫ[0;35mЭ Ю[1mЫЫЫЫ[0;35mЭ   [1mЬЫЫЫЫЬ  ЫЬЫЫЫ[s
[u[0;35mЭ  [1mъ[0;35mЮ[1mЫЫ[0;35mЭ[8;1H[6C[1mъ [0;35mЮ[1mЫЫЫ[0;35mЭ   [1mъЭ    [0;35mЮ[1mЫЫЫ[0;35mЭЮ[1mЫЫ[0;35mЭЮ[1mЫЫ[0;35mЭЮ[1mЫЫ[0;35mЭЮ[1mЫЫЫ[0;35mЭЮ[1mЫЯ ЬЫ[0;35mЭ  [1mъ[0;35mЮ[1mЫЫ[0;35mЭ[9;1H[5C[1mъ  [0;35mЮ[1m[s
[uЫЫЫЫ[0;35mЭ  [1mЭЭ   [0;35mЮ[1mЫЫЫЫ[0;35mЭ Ю[1mЫЫЫЫ[0;35mЭ Ю[1mЫЫЫЫЫЫЫ[0;35mЭЮ[1mЫЫЫЫ[0;35mЭ   [1mъ[0;35mЮ[1mЫЫ[0;35mЭ[10;1H[5C[1mъ  [0;35mЮ[1mЫЫЫЫЫ[0;35mЭ [1mЯ   [0;35mЮ[1mЫЫЫЫЯ   ЮЯЯ[5CЯЯЫЫЫ[0;35mЭ Ю[1mЫЫЯ[5Cъ[0;35mЮ[s
[u[1mЫЫ[0;35mЭ[11;1H[5C[1mъ   [0;35mЮ[1mЫЫЫ[0;35mЭ[7CЮ[1mЫЫЫ[0;35mЭ    [1mЭ    ЬЬ  [0;35mЮ[1mЫЫ[0;35mЭ  Ю[1mЫЫЫЫ[0;35mЭ    Ю[1mЭ[12;1H[6Cъ   [0;35mЮ[1mЫЫЫЫ[0;35mЭ   Ю[1mЫЫЫЫ[0;35mЭ[5C[1mЯЭ  Ю ЮЬЬЫЫЫ[0;35mЭ[6C[1mЮ[6CЮ   Ь
[13;1H[6Cъ    [0;35mЮ[1mЫЫЫЫ[0;35mЭ Ю[1mЫЫЫЫ[0;35mЭ[7C[1mЭ  Э  ЯЯЯЯ[8CЭ[7CЭ Ю Э[14;1H[5Cъ[8C[0;35mЮ[1mЭ  [0;35mЮ[1mЭ[11CЭ  Ю[13CЮ[8CЮЬЭ Э[15;1H[5Cъ[9CЭ   ЯЭ[10CЮ   Э[12CЭ[8CЭ   Ю[16;1H    ъ[9CЮ    [0;35mЮ[1mЭ[10CЭ   Ю[s
[u[8C[0;35mъ  [1mЮ[6C[0;35mъ  [1mЮ    Э[17;1H   ъ   [0;35mЮ[1mЬЬЬЬ  ъ    [0;35mЮ[1mЭ[9CЮ    ЭЭ[7C[0;35mъ  [1mЮЬ[5C[0;35mъ  [1mъ    Э[18;1H    ъ [0;35mЮ[1mЭ [0;35mЮ[1mЫЫЫЫЫЫЬ   Э[9CЭ    ЭЮ[7C[0;35mъ  [1mЭ Э    [0;35mъ  [1mъ[s
[u    Ю[19;1H    ъ [0;35mЮЭЮ[1mЫЫЫЫЫЫЫЫ[0;35mЭ  [1mъ[8CЮ    Ю  Э  ъ   [0;35mъ [1mЮ  Ю    [0;35mъ[8C[1mЭ[20;1H[7Cъ[0;35mЮ[1mЫЫЫЫЫЫЫЫЫ[0;35mЭ [1mъ[9Cъ   Э  Ю  ъ   [0;35mъ [1mЮ   Э   [0;35mъ  [1mЭ[5Cъ[21;1H[7Cъ[0;35mЮ[1mЫЫЫЫЫЫЫ[s
[uЫЫ[0;35mЭ [1mъ[9Cъ   ъ   Э ъ  [0;35mъ   [1mЭ  ъ   Э ЬЭ[5Cъ[22;1H[6Cъ [0;35mЮ[1mЫЫЫЫЫЫЫЫЫ[0;35mЭ [1mъ[9CъЭ  ъ   ъ ъ  [0;35mъ   [1mЮ  ъ  ЮЬ Э[6Cъ[23;1H[6Cъ  [0;35mЮ[1mЫЫЫЫЫЫЫЫ[0;35mЭ  [1mъ[8CъЭ  ъ   ъ Э  Э   ъ  ъ   [0;35mЮ[1mЫ[s
[uЬ[6Cъ[24;1H[6Cъ  [0;35mЮ[1mЫЫЫЫЫЫЫЫ[0;35mЭ   [1mъ[7CъЭ  ъ   ъ Ю  Э   ъ  ъ   [0;35mЮ[1mЫЭ[6Cъ[25;1H[6C[0;35mЭ  Ю[1mЫЫЫЫЫЫЫЫЫ[0;35mЭ  [1mъ[7CЮ[0;35mЭ  Ю[1mЫЫЫЫЬЭ  ЮЫ[0;35mЭ[1mЬЬЬ    ЬЬЫЭ[6Cъ
[5C[0;35mЮ[1mЭ [0;35mЮ[1mЫЫЫЫЫЫЫЫЫЫЫЫ[0;35mЭ[9C[1mЭ [0;35mЮ[1mЫЯ  ЯЫЬ  [0;35mЮ[1mЫЫЯЯЫЬ [0;35mЮ[1mЫ[0;35mЭЮ[1mЫЭ
[6CЮЬЫЫЫЫЫЫЫЫЫЫЫЫЫЫЫЫЫЫЫЫЫЬ Ю [0;35mЮ[1mЫ[0;35mЭ  Ю[1mЫЫЭ [0;35mЮ[1mЫ    Ы[0;35mЭЮ[1mЫ[0;35mЭЮ[1mЫЭ
[6CЭ [0;35mЮ[1mЫЫЫЫЫЫЫЫЫЫЫЫЫЫЫЫЫЫЫЫЫЫЯ  ЯЫЬ ЬЫЫ  [0;35mЮ[1mЫ    Ы[0;35mЭ [1mЯЫЫЯЫЭ
[6CЮ   [0;35mЮ[1mЫЫЫЫЫЫЫЫЫЫЫЫЫЫЫЫЫЫЯ[6CЯЯЯ ЯЭ  Ю    Э[7CЭ
[6CЮ[34CЮ  Э    Э[7CЮ
[6CЭ[34CЭ  Э    Ю[8CЭ
[5CЮ[34CЮ   Ю    Э[8CЭ
[5CЭ[15C[31mъшщш [0;31mThe M™Gђњ-њ’ҐD[1;35mЭ[0;31mббS[1;35mЭ[31mшщшъ[35mЮ[7CЮЯЭ
    ЮЮ[20C[0;31m--- ----- ----[1;35mЭ[0;31m---[1;35mЭ[5CЭ[6CЭ Ю
    Э Э[33Cъ   Э[5CЮ[5CЮ   Э
    ъ Ю[19C[37mю [0mSysOps: [1;34mM™Gђњ   [35mъ[6CЭ    Э   Ю
    ъ  Э[28C[34mCharlie [35mъ[6Cъ    ъ    Э
   ъ   ъ[18C[37mю [0mCoSys:  [1;34mњоџЕ’Е  [35mъ[5Cъ[5Cъ    ъ
   ъ    ъ[17C[37mю [0mMascot: [1;34mGЃџџ   [35mъ[6Cъ[5Cъ[5Cъ
    ъ   ъ[34Cъ[7Cъ    ъ[6Cъ
   ъ    ъ[20C[37mю [0mTwo Nodes:   [1;35mъ[6Cъ   ъ[6Cъ
    ъ    ъ[18C[0m([1;34m215[0m) [1;34m732[0m-[1;34m3413   [35mъ    ъ    ъ[5C[0;35mъ
   [1mъ[7Cъ[8C[37mю [34mThe Coolest Users in the Stateэ   [35mъ    ъ
    ъ[8Cъ[9C[37mю [34mOver Half a Gig of Files[8C[0;35mъ    ъ
   [1mъ[8Cъ   [37mю [34mбн¤g SнџЕW†вЉ Dist.   [37mю [34mRЏVо 215 Dist.  [0;35m.    [1mъ
   ъ[8Cъ[9C[37mю [34mThe Гґ”gs ”џ дпЕв”Pќ WHQ[11C[0;35mъ    [1mъ
    ъ[8Cъ    [37mю [34mFuture Distro. Site for Many Groups   [35mъ[5Cъ
[13Cъ[8C[37mю [34mNon-Innovators Need Not Apply    [35mъ[7Cъ
[27C[37mю [34mN[37mO [34mD[37mAMN [34mW[37mAREZ!!
[255D