[0;40;37m[1;40;36m                                Look!
[1;40;32m                            Up in the sky!
[1;40;37m                [1;40;34mIt's the Republican Presidential Convention!
[1;40;37m                         It's a NAACP meeting!
[1;40;33m                            It's  COMDEX!
[1;40;37m                             [1;40;31mฺฟฺ ฺฤฟ  ย
[1;40;37m                             [1;40;31mณณณ ณ ณ  ณ
[1;40;37m                             [1;40;31mูภู ภฤู  þ

[1;43;33mอออออออออออออออออออออออออออออออออออออออออออออออออออออออออออออออออออออออออออออออ[0;40;37m
[1;43;32mIt's Da Warren's VomitCon '95! And you're invited!  If you've been to Da Warren[0;40;37m
[1;43;32m  parties before, you know that we're relatively wild, sort of. If not, well,  [0;40;37m
[1;43;32m      come join the fun! We've got lots of stuff planned, check it out:        [0;40;37m
[1;43;33mอออออออออออออออออออออออออออออออออออออออออออออออออออออออออออออออออออออออออออออออ[0;40;37m
[1;43;33m                                                                               [0;40;37m
[1;43;32mWhere: [1;43;36mThe Lampost Pizza at Auburn and Oswell.                                 [0;40;37m
[1;43;32mWhen: [1;43;36mDecember 16, 1995. It's a Saturday. 12 PM through 4 PM.                  [0;40;37m
[1;43;32mWhat: [1;43;36mThis is the biggest Da Warren bash ever. We'll be repeating our popular  [0;40;37m
[1;43;36m      MST3K showing, probably having a vote at the party for which movie.      [0;40;37m
[1;43;36m      Also, we'll be featuring our keynote speaker Oxnardus (sysop of RIF,     [0;40;37m
[1;43;36m      regular party atendee, and a good friend) and maybe ex-sysop Chris       [0;40;37m
[1;43;36m      Roddy. Also also, hone your marshmallow spitting skills; we'll be having [0;40;37m
[1;43;36m      our regular contest. You'll also have the incomparable experience of     [0;40;37m
[1;43;36m      meeting the sysops, and if you leave a comment now we'll buy you a cool  [0;40;37m
[1;43;36m      door prize. And perhaps greatest of all, FREE PIZZA!                     [0;40;37m
[1;43;32mWho: [1;43;36mYou. Bring your family; they'll enjoy it too.                             [0;40;37m
[1;43;32mWhy: [1;43;36mBecause it's fun. We'll be nice to your kids, we're strange but we're not [0;40;37m
[1;43;36m     killers or anything. No, put down the knife, Andy.                        [0;40;37m
[1;43;36m                                                                               [0;40;37m
[1;43;32m                             VomitCon '95                                      [0;40;37m
[1;43;32m              "We cram fun down your throat 'til you puke!"                    [0;40;37m
[1;43;36m                                                                               