[H[0;32mлллллн[1;31mпплпппппппл[2;1H о[36mолллл[46mн[31;40mо[36mоллллл[46mн[31;40mо[16C[37mммммлллллллллллллллллллммм[3;1H [31mо[36mол[46mлпп [31;40mо[36mолл[47mп[40mлл[46mн[31;40mо[11C[37mммлллллллллллллллллллллллллллллллм
[4;1H [31mо[36mол[46mн[1C[31;40mммл[36mо[46mп[0mп [1;36mлл[0;36mн[1;31mн[10C[37;47mп[0mпппппппппппппппппп[1;47mппппп[40mллл[47mппп[0mппп[1;47mпп[40mл[5;1H [31mо[36mоллмм[31mплммл[36mол[46mн[31;40mо[10C[0mо[24Cплпн[7Cпн
[6;1H [1;31mо[36mо[46mппп[40mлл[31mо  н[36mлл[0;36mн[1;31mн    [0mм[1mппппппп[47mм [0mл[1;47m~~[40mм[18C[0mо о[8Cо[7;1H [1;31mоммм [36;46mн[0;36mл[1;31mо о[36mо[46m [47m [31;40mо    [0mоВ[1;30mБА[6C[37;47mн  [0mлл[s
[u[1;47mо[14C[40mГ  [0mо о[9Cн[8;1H [1;31mопппн[36;46mн[0;36mл[1;31mо н[36;46mн[0;36mлн[1;31mн    [0mоБА[1;30mАА[5C[47mоммммм[40mн[13C[37mо  [0mо  н[8Cо[1;34mммм   мммлн[9;1H [31mо[36mо[0;36mлл[1mм[46mн[0;36mл[1;31mоо[s
[u[36mо[46m [0;36mл[1;31mо[6C[0mпммммммм[1;30;47mм[40mлллллп[14C[37mо   [0mн н[9Cн[1;34mпмлллллллн[10;1H  [31mн[36;46mн[0;36mлллп[1;31mон[36;46mн[0;36mлл[1;31mо[9C[30mРФйВБ йА[18C[37mл   [0mн н[8C[1;34mмлллллппп[30mФ[34mо
[11;1H  [31mоммммпплмммл[9C[0mм[1;30mппл[47mппппп [0mм[1;34mммм[12C[0m__ммн_л   [1;34mммммлл[47mл[40mп[30mФФФ~~~ [34mо[12;1H[18Cмммл[0mон  \о[47m [1;30mно н[0mлн[1;34mпппппппппппллллллллллллллллллл [30m/[7C[34mн[13;1H[35mФФФФ[s
[uФФФФФФ[34mммммллллллпп[0mл[1;30mГ\_УД[47m о но[0mппмллм  [1;34mммлллллллллллллллллллллн[30mГ[8C[34mн[35mФФФ[14;1HЭЭЭЭ[34mмммллллллллпп  [0mмм  [1;30mом УД[0mпппммлп[1;34mмммллллллллллллллллллллпппп   [30mФФФФФФФФФ [35mЭЭЭ[15;1HЭЭЭ[s
[u[34m/ [0mмм[1;34mпллллп   [30m/~~~~~~~~~\\  [0mпп[1;34mмпппплллллллллллллллппп   ммммлллллп [30mм[34mпллл[0mо[1;35mЭЭЭ[16;1Hллн[34mн[0mВпАВ[1;34mолл  [30mЭЭФФФФФФФФФФФФФЭЭЭЭ[34mн [0mпВм [1;34mллллллллппп   мммллллллллллл  [30mллл[s
[u[34mолн[0mл[1;35mолл[17;1H[30;42mВВ[40mн [0mн# о [1;34mлн  [30mГ Г##########Г    [34mо [0mн# Бн[1;34mолллпп  мммллллллллллллллллн [30mлл лн[34mп[0mо[1;30;47mм[40mн[42mВВ[18;1HВВВ[1C[0mў  А [1;34mлн  [30mГ Г##########Г    [34m[s
[uо [0mл  Вн [1;34mлп ммллллллллллллллллллллл [30mолн ол пп[0;32mм[1;30;42mВВ[19;1HБББ[0;32mн [37mпп [1;34mолн [37m___[30mГ##########Г    [34mон[0mўмВп  [1;34mлллллппплллллллллллллллллн [30mол / лн[42mБББББ[20;1HААА[0;32mн[1;34mоллл[s
[uлл[47mп [0mлллллллллллллллллл[1;34;47mпл[40mлмммммллллп[5Cлллллллллллллллл  [30mол [0mП [1;30mон[42mААААА[21;1H    [1C[34;40mллл[47mВ[0mлпп    [1;30m##########   [0mппл[1;34;47mп[40mллллллллн [30mААА  [34mоллллллллллллпп   [30mл[s
[uл [47mн[1C[40mон [0;32mлллл[22;1Hллллн[1;34mп[47mпп[0mп[6C[1;30mГ##########Г[5C[0mл[1;34;47mпллл[40mлллл [30mАВА А  [34mлллллллллпп[5C[30mАлл й он[0;32mллллл
