[40m[2J[2H[0;1mอออออออออออออออออออออออออออออออออออออออออออออออออออออออออออหอออออออออออออออออออ[3H[12C[0;32mษอออออออออออออหอออออหออหออออออออออออป  [31mฺฤฤฤฤฤฤฤ[1;37mบ[4H[7C[0;32mษออออผ[13Cบ[5Cบ  บ[12Cบ  [31mภฟ[6C[1;37mบ[5H[0mฤฤฤฤฤฤ[s
[u[32mษผ[18Cบ[5Cบ  บ[12Cบ  [31mฺู[6C[1;37mบ[6H[6C[0;32mศอป[17Cบ[5Cบ  ศอออออออป    บ [1;37mฤ[0;31mภฟ[6C[1;37mบ[7H[8C[0;32mศป[15Cษผ[5Cศป[9Cบ    บ  [31mฺู[6C[1;37mบ[8H[9C[0;32mศป[14Cบ[7Cศป[8Cบ    บ  [31mภฤฤฟ    [1;37mบ
[9H[10C[0;32mศป[13Cบ[5Cษออสอออออป  บ   ษผ[5C[31mภฤฤฤฤ[1;37mบ[10H[11C[0;32mฬออออออป[6Cบ[5Cบ[8Cศอหผ  ษผ [1;37mฤฟ  [0;32mษออออป[1;37mบ[11H[10C[0;32mษผ[6Cศอออป  บ[5Cบ[9Cษผ   บ   [1;37mภ [0;32mษผ    บ[1;37mบ[12H[10C[0;32mบ[11Cฬ[s
[uออสออหออสอออออออออสอป ษผ    ษผ[5Cบ[1;37mบ[13H[10C[0;32mบ[11Cศป    ศอออออป[8Cศหผ    ษผ[5Cษผ[1;37mบ[14H[0mฤฤฤฤฤฟ   [32mษผ[12Cบ[10Cศออป[5Cษผ [1;37mฤฤ [0;32mษผ   ษออผ [1;37mบ[15H[5C[0mณ   [32mบ[13Cบ[13Cศอออหอผ    ษผ   ษผ    [s
[u[1;37mบ[16H[5C[0mณ  [32mษผ    ษอออป    ฬออออป[12Cบ[6Cศป ษอผ[5C[1;37mบ[17H   [0;32mษอฯออสอออออผ   ศออหอผ    ศอหอออออออออหผ[7Cศอผ[7C[1;37mบ[18H[0;33mฤฤฤ[32mศป[16Cบ[8Cศอป[7Cบ[18C[1;37mบ[19H    [0;32mศออัออป[9Cษสออออป[5Cฬอป[5C[s
[uบ [1;37mฤฟ[15Cบ[20H[6C[0;33mฺู  [32mศอออออัอออผ[5Cศอออออผ ศอออออผ  [1;37mณ[15Cบ[21H[5C[0;33mฺู[9Cณ[22C[35mฺฤฤฤฤฤฤฤฤฤฟ[9C[1;37mบ[22H    [0;33mฺู[10Cณ[20C[35mฺฤู[9Cณ[9C[1;37mบ[23H    [0;33mณ[9Cฺฤู[20C[35mภฟ[10Cณ[9C[A
[59C[1;37mบ[0m

Downloaded From P-80 International Information Systems 304-744-2253
