[40m[2J[0;1m [D[2H[27C[0;5;30;47m€[7C€[4C[37;40m€  [s
[u[30;47m€[1C[37;40m€ [30;47m€[2C[37;40m€    [30;47m€[40m
[47m[3H[28C[37;40m€   [30;47m€[4C[37;40m€    [30;47m€[40m[s
[u[47m[3C[37;40m€   [30;47m€[2C[37;40m€[0;1;30m‹€€€‹‹‹‹‹‹‹‹[s
[u‹‹‹‹€€€€‹‹‹‹‹‹‹‹‹‹‹‹‹‹‹‹‹‹‹‹‹‹‹‹‹‹‹‹‹€€€€‹‹[34m‹‹‹‹‹‹‹‹‹‹‹‹‹‹‹‹[s
[u‹‹‹‹‹‹‹‹‹[30m€≤≤≤≤≤≤≤≤≤[0m∞∞∞∞∞∞∞∞∞∞[1;30m€€€€€€∞∞∞∞±±±±±±±≤≤[s
[u≤≤≤≤≤≤≤≤≤≤≤≤≤€€€    [0;5;34m€[6C[30;44m€[12C[0;1;30m€≤≤≤≤≤≤[s
[u≤≤≤≤≤[0m∞∞∞∞∞∞∞∞∞∞∞∞[1;30m€€€∞∞∞∞∞∞±±±±±±±±≤≤≤≤≤≤≤≤≤≤≤≤≤≤€€[s
[u[16C[0;5;30;44m€[3C€[3C[0;1;30m€≤≤≤≤≤≤≤≤≤≤∞[0m∞∞∞∞∞∞∞∞∞∞∞∞[s
[u∞[1;30m€∞∞∞∞∞∞∞∞∞±[32m∞∞±±±≤≤≤≤≤[30m±≤≤≤≤≤≤≤≤€€  [s
[u[0;5;30;44m€[1C[34;40m€   [30;44m€[2C€[1C[34;40m€[10C[s
[u[0;1;30m€≤≤≤≤≤≤≤≤≤∞±[0m∞∞∞∞∞∞∞∞∞∞∞∞±[1;30m∞∞∞∞∞∞∞∞∞[32m∞∞∞∞∞[s
[u±±≤≤≤≤≤[30m≤≤≤≤≤≤≤€€€[14C[0;5;30;44m€[1C€[1C[34;40m€ [s
[u[30;44m€[3C[0;1;30m€≤≤≤[0m‹[1;47mﬂ[40m€[30m≤≤∞±≤[0m∞∞∞∞[s
[u[1;47mﬂ[40m€[0m∞∞∞∞±±±[1;30m∞∞[37;47mﬂ[40m€[30m∞∞∞∞∞∞[s
[u[32m∞∞∞∞∞±±±≤≤≤[30m≤≤[47m [37;40m€[30m≤≤≤€€[7C[0;5;34m€  [s
[u €[30;44m€[34;40m€[10C[0;1;30m€≤≤≤≤≤≤≤≤≤≤≤≤[0m∞∞∞∞∞∞∞∞∞±±±±[s
[u[1;30m∞∞∞∞∞∞∞∞∞[32m∞∞∞∞∞∞∞±±±≤≤≤[30m≤≤≤≤≤€€€[5C[0;5;34m€[s
[u[12C[30;44m€[5C[0;1;30m€≤≤≤≤≤≤∞≤≤≤≤[0m∞∞∞∞[1;30m∞±[0m∞∞±±[s
[u±±±±[1;30m∞∞∞∞∞∞∞∞∞[32m∞∞∞∞∞∞±±±≤≤≤≤≤[30m≤≤≤≤≤≤≤€[5C[s
[u[0;5;30;44m€[2C€[34;40m€    €[9C[0;1;30m€≤≤≤≤∞±±≤[0m‹[s
[u[1;47mﬂ[40m€[0m∞∞[1;30m∞±±±[0m±±±±±±≤[1;30m∞∞∞∞∞∞∞∞[32m∞∞[s
[u∞∞∞±±±±≤≤≤≤≤[30m≤≤≤≤≤≤€€ﬂ[12C[0;5;30;44m€[6C€[3C[40m[s
[u[44m[0;1;30m‹€≤≤≤≤≤∞≤≤[0m∞∞∞∞∞∞[1;30m∞±[0m±±±±±≤≤≤[1;30m∞∞[s
[u∞∞∞∞∞∞±[32m∞∞∞∞∞±±±±±≤≤[30m≤≤≤≤≤≤[0;5;30;47m€[0;1;30m€€   [s
[u[0;5;34m€[5C€[6C[30;44m€[2C[34;40m€    [0;1;30m€≤≤≤≤≤≤≤≤[s
[u[0m∞∞∞∞∞∞∞±±±±±±±±≤≤[1;30m∞∞∞∞∞∞∞±±±±±±±[0;33m∞±[1;30m≤≤≤≤≤≤[s
[u≤≤[37;47mﬂ[40m€[30m≤≤[0;5m€[0;1;30m€€    [0;5;30;44m€[40m[s
[u[44m[1C[34;40m€  [30;44m€[2C[34;40m€ [30;44m€[9C[40m[s
[u[44m[0;1;30m€≤[0;5m€[30;47m€[0;1;30m≤[0;5m€[0;1;30m≤[0m∞[s
[u∞∞∞∞∞[47m [1;40m€[0m±±±±±±±≤≤≤[1;30m∞∞∞[37;47mﬂ[40m€[30m±[s
[u±±±±±±±≤[0;33m∞±[1;30m≤≤≤≤≤≤≤≤≤≤≤[0;5;30;47m€[0;1;30m€€€€[s
[u[15C[0;5m€ [30;47m€€[1C[37;40m€ [30;47m€[1C€[1C[40m[s
[u[37;40m€[0;1;30m≤≤[0m∞∞∞∞∞∞±±±±±±±±±≤≤≤≤[1;30m∞∞∞∞±±±±±±±±≤≤[s
[u[0;33m∞±[1;30m≤≤≤≤≤≤≤≤≤≤≤≤≤[0;5m€[30;47m€[0;1;30m€€[0;5m€€[s
[u [30;47m€[2C[37;40m€€ [30;47m€[2C[37;40m€€[6C€   [s
[u[30;47m€[1C[37;40m€ [30;47m€[0m∞∞∞∞±±±±±±±±±≤≤≤≤[1;30m€ﬂﬂﬂ[s
[uﬂﬂﬂﬂﬂﬂ€€€€€[0;33m∞±[1;30mﬂ€€€€ﬂﬂﬂﬂﬂﬂ€€€€€ﬂ    [0;5m€[5C€  [s
[u[30;47m€[3C€[1C[37;40m€[30;47m€[1C[37;40m€[30;47m€[40m[s
[u[47m[0;1;30mﬂ‹[0;5;30;47m€[0;1;30m€€€€€€€€€€€€€€€€ﬂﬂﬂ[18H[s
[u[14C[0;33m∞±[13C[1;34m‹ﬂﬂ[0;5;30;44m€[1C[37;40m€ [s
[u[30;47m€[1C[37;40m€[30;47m€[1C[37;40m€  €   €[7C[0;1;34m[s
[u‹‹‹‹‹[33m⁄ƒƒƒƒƒƒƒƒƒƒƒƒƒƒø[19H[28C[34mﬂ‹‹[29C‹[33m≥⁄ƒƒƒƒƒƒƒ[s
[uƒƒƒƒƒƒ¡ƒƒø[22C[34m‹‹‹‹‹‹‹‹ﬂ [0;5;30;44m€[3C€[2C[40m[s
[u[34;40m€   €    €    [0;1;34m‹‹‹‹‹ﬂﬂ [33m≥≥[37;45m"A Wa[40m[s
[u[45mterfall"   [33;40m≥[34m‹‹‹‹‹‹‹‹‹‹‹‹‹‹‹‹‹‹‹‹‹ﬂ[6C[s
[u[0;5;34m€[5C€[0;1;30m‹[0m€€€‹  [5;30;44m€[4C€[3C[40m[s
[u[44m[0;1;34m‹ﬂ[8C[33m≥≥[37;45mBrad Garner's   [33;40m≥[s
[u[0;5;34m€    [30;44m€[2C[34;40m€ [30;44m€[5C[34;40m€  [s
[u[30;44m€[3C[34;40m€   [30;44m€[3C€[9C[34;40m€    € [s
[u[0;1;34m‹‹ﬂ[10C[33m¿¥[37;45mentry. 11-06-90 [33;40m≥ [s
[u[0;5;30;44m€[2C[34;40m€ [30;44m€[2C€[1C[34;40m€[s
[u[30;44m€[1C€[2C€[2C[34;40m€   [30;44m€[3C€[1C[40m[s
[u[34;40m€ [30;44m€[2C[34;40m€[30;44m€[1C[34;40m€ [s
[u[30;44m€[4C€[0;1;34m‹ﬂ[14C[33m¿ƒƒƒƒƒƒƒƒƒƒƒƒƒƒƒƒŸ[0m[255D
[22;1H
