[40m[2J[C[0;1m [D[2;78H[0;31m±[2D∞[2D±[2D±[2D∞[2D∞[2D±[2D±[2D∞[2D∞[2D±[2D±[2D∞[2D∞[2D±[2D±[2D∞[2D∞[2D±[2D±[2D∞[2D∞[2D±[2D±[2D∞[2D∞[2D±[2D±[2D∞[2D∞[2D±[2D±[2D∞[2D∞[2D±[2D±[2D∞[2D∞[2D±[2D±[2D∞[2D∞[2D±[2D[s
[u±[2D∞[2D∞[2D±[2D±[2D∞[2D∞[2D±[2D±[2D∞[2D∞[2D±[2D±[2D∞[2D∞[2D±[2D±[2D∞[2D∞[2D±[2D±[2D∞[2D∞[2D±[2D±[2D∞[2D∞[2D±[2D±[2D∞[2D∞[2D±[2D±[2D∞[2D±[B[1;37m€[0;31m∞[1;37;41m⁄¬øø    ¬ø  ¯  ø   ⁄ø¯≈     [0;41m [1m¬ø¬ø[40m[s
[u[41m⁄ø €€€€€€€€€€  €€€€€€€€€€              [0;31m∞[1;37m€[4;77H›[2D[0;31m±[2D[1;37;41m [2D [2D [2D [2D [2D [2D [2D [2D [2D [2D [2D [2D [2D [2D›[2D[44m [2D [2D [2D [2D [2D [2D [2D [2D[41mﬁ[2D [2D [2D›[2D[44m[40m[s
[u[44m [2D [2D [2D [2D [2D [2D [2D [2D[41mﬁ[2D [2Dø[2D¿[2D¥[2D√[2D¥[2D√[2D [2D [2D [2D [2D¬[2Dø[2D≥[2Dø[2D [2D≥[2D [2D>[2D [2D≥[2Dø[2D⁄[2Dø[2Dø[2D¬[2D¥[2D√[2D [2Dø[2D⁄[2Dø[2D√[2D [2D≥[2D [2D[0;31m±[2D[s
[u[1;37mﬁ[5;2Hﬁ[0;31m∞[1;37;41m ≥ ≥≥√Ÿ ≥≥≥ ≥≥ √<  ≥ ≥≥≥≥    ≥≥≥≥ ≥ ﬁ[44m__[40m____[44m__[41m›  ﬁ[44m__[40m____[44m__[41m›              [0;31m∞[1;37m›[6;77H›[2D[0;31m±[2D[1;37;41m [2D [2D [2D [2D [2D [2D [2D [2D [2D [40m[s
[u[41m[2D [2D [2D [2D [2D›[2D[0;34m≤[4D[33m.[2D[1m)[2D)[2D([2D[0;34m≤[2D[1;37;41mﬁ[2D[0;31m±[2D[1;37;41m [2D›[2D[0;34m≤[5D[1;31m*[2D,[3D[0;34m≤[2D[1;37;41mﬁ[2D [2DŸ[2D¿[2DŸ[2D¡[2DŸ[2D¡[2D [2D [2D [2D [40m[s
[u[41m[2D¥[2D¿[2D¿[2D¡[2DŸ[2D¿[2D [2D>[2D [2D¡[2DŸ[2D¿[2D¡[2D [2D¡[2DŸ[2D¡[2D [2D [2D¿[2D¿[2D¡[2D [2D¡[2D [2D[0;31m±[2D[1;37mﬁ[7;2Hﬁ[0;31m∞[1;37;41m  [0;41m                     [1m⁄≈[0;41m [1m          ﬁ[40m[s
[u[41m[0;34m≤[C[32m\≥[1;31m*[0;32m'[C[34m≤[1;37;41m›  ﬁ[0;34m≤[1;33m(([35m_[0;33m)[2C[34m≤[1;37;41m›   [0;31;41m±[40m±±±±±[1;37;41m     [0;31m∞[1;37m›[8;77H›[2D[0;31m±[2D[1;37;41m [2D [2D [2D [2D [2D [2D [2D [2D [40m[s
[u[41m[2D [2D [2D [2D [2D [2D›[2D[0;34m≤[4D[1;35m\[2D\[3D/[2D[0;34m≤[2D[1;37;41mﬁ[2D [2D [2D›[2D[0;34m≤[4D[33m€[2D€[2D€[3D[34m≤[2D[1;37;41mﬁ[2D [2D [2D [2D [2D [2D [2D [2D [2D [2D [2D[0;41m [2D[1mŸ[2D¿[40m[s
[u[41m[2D[0;41m [2D [2D [2D [2D [2D [2D[1m6[2D0[2D1[2D5[2D-[2D3[2D9[2D8[2D-[2D)[2D4[2D1[2D3[2D([2D[0;41m [2D[1m [2D [2D[0;31m±[2D[1;37mﬁ[9;2H€[0;31m∞[1;37;41m   [0;41m                               [1m  €€€€€€[40m[s
[u[41m€€€€  €€€€€€€€€€              [0;31m∞[1;37m€[10;76H[0;31m±[2D[1;37;41m [2D [2D [2D [2D [2D [2D [2D [2D [2D [2D [2D [2D [2D [2D [2D[0;41m€[2D_[2D_[2D_[2D_[2D_[2D_[2D_[2D_[2D_[2D_[2D_[2D_[2D_[2D_[2D_[2D_[40m[s
[u[41m[2D_[2D_[2D_[2D_[2D_[2D_[2D_[2D_[2D [2D [2D [2D [2D [2D [2D [2D [2D [2D [2D [2D [2D[1m [2D [2D2[2D/[2D9[2D8[2D2[2D:[2D1[2D [2Dt[2De[2Dn[2Do[2Dd[2Di[2DF[2D [2D [2D [2D[0;31m±[11;3H∞[1;37;41m   [40m[s
[u[0;41m                            /≥ ≥[31;40m±[37;41m≥ ≥ ≥ ≥ ≥ ≥ ≥ ≥[1m [0;41m≥ ≥ ›[1m               [0;31m∞[B[1;37m€[2D[0;31m±[2D[1;37;41m [2D [2D€[2D€[2D€[2D€[2D€[2D€[2D€[2D€[2D€[2D€[2D [2D [2D[0;31m±[2D[37;41m›[40m[s
[u[41m[2D_[2D≥[2D_[2D≥[2D_[2D≥[2D_[2D≥[2D_[2D≥[2D_[2D≥[2D_[2D≥[2D_[2D≥[2D_[2D≥[2D_[2D≥[2D_[2D≥[2D_[2D≥[2D≥[2D/[2D [2D [2D [2D [2D [2D [2D [2D [2D [2D[1m€[2D€[2D€[2D€[2D€[2D€[2D€[2D€[2D€[2D€[2D[40m[s
[u[0;41m [2D [2D [2D[31;40m±[2D±[2D±[2D±[2D±[2D[1;37;41m [2D [2D [2D[0;31m±[2D[1;37m€[13;2Hﬁ[0;31m∞[1;37;41m   [0;41m        [1mﬁ[33;40m€€ﬂﬂﬂﬂ€€[37;41m›[0;41m        /≥≥/ﬂ[1m  [0;41m [1m [0;41mﬂ [1m    [0;41mﬂ[1m  [40m[s
[u[41m   [0;41mﬂ[1m     [0;41mﬂ[1m   ﬁ[33;40m€€ﬂﬂﬂﬂ€€[37;41m›  [0;31m∞[1;37m›[14;77H›[2D[0;31m±[2D[1;37;41m [2D [2D›[2D[33;40m€[2D[37m_[2D_[2D_[2D_[2D_[2D_[2D[33m€[2D[37;41mﬁ[2D [2D [2D [2D [2D [2D [2D [2D [40m[s
[u[41m[2D [2D [2D [2D [2D [2D [2D [2D [2D [2D [2D [2D [2D [2D [2D [2D [2D [2D [2D [2D [2D[0;41m/[2D≥[2D≥[2D/[2D [2D [2D [2D [2D [2D [2D [2D[1m›[2D[33;40m€[2D[37m_[2D_[2D_[2D_[2D_[2D_[2D[33m€[2D[s
[u[37;41mﬁ[2D[0;41m [2D [2D [2D [2D [2D [2D [2D [2D[1m [2D [2D [2D[0;31m±[2D[1;37mﬁ[15;2Hﬁ[0;31m∞[1;37;41m   [0;41m        [1mﬁ[33;40m≤≤≤≤≤≤≤≤[37;41m›[0;41m      /≥≥/[1m                             ﬁ[33;40m≤≤[C[0;33m,(([s
[u[1m≤≤[37;41m›  [0;31m∞[1;37m›[16;77H›[2D[0;31m±[2D[1;37;41m [2D [2D›[2D[33;40m≤[2D≤[2D[0;32m_[2D_[2D[33m([3D[1m≤[2D≤[2D[37;41mﬁ[2D [2D [2Ds[2De[2Dl[2Di[2Dh[2DC[2D [2Dn[2Da[2Dt[2DS[2D [2D[0;31m±[2D±[2D±[2D±[s
[u[2D±[2D±[2D±[2D[1;37;41m [2D [2D [2D [2D [2D [2D [2D [2D [2D[0;41m/[2D≥[2D≥[2D/[2D [2D [2D [2D [2D [2D[1m›[2D[33;40m≤[2D≤[2D≤[2D≤[2D≤[2D≤[2D≤[2D≤[2D[37;41mﬁ[2D[0;41m [2D [2D [2D [2D [2D [2D [2D [2D[40m[s
[u[41m[1m [2D [2D [2D[0;31m±[2D[1;37mﬁ[17;2Hﬁ[0;31m∞[1;37;41m   [0;41m        [1mﬁ[33;40m≤≤≤≤≤≤≤≤[37;41m›[0;41m    /≥≥/ﬂ[1m                  SysOp       ﬁ[33;40m≤≤[C[0;32m/[2C[1;33m≤≤[37;41m›  [0;31m∞[1;37m›[18;77H€[2D[s
[u[0;31m±[2D[1;37;41m [2D [2D€[2D€[2D€[2D€[2D€[2D€[2D€[2D€[2D€[2D€[2D [2D [2D [2D [2D [2D [2D [2D [2D [2D [2D [2D [2D [2D [2D [2D [2D [2D [2D [2D [2D [2D [2D [2D [2D [2D [2D [2D [2D [2D [2D [2D [2D[40m[s
[u[0;41m/[2D≥[2D≥[2D/[2D [2D [2D [2D[1m€[2D€[2D€[2D€[2D€[2D€[2D€[2D€[2D€[2D€[2D[0;41m [2D [2D [2D [2D [2D [2D [2D [2D[1m [2D [2D [2D[0;31m±[2D[1;37m€[B[0;31m∞[1;37;41m   [0;31m±±±±±[37;41m  ﬁ____________/≥≥[40m[s
[u[41m/[1m                         [0;31m€±[1;37;41m                  [0;31m∞[20;76H±[2D[1;37;41m [2D [2D [2D[0;41mS[2DV[2D[1m [2D [2D [2D [2D [2D [2D [2D [2D [2D [2D [2D [2D [2D [2D [2D [2D [2D [2D [2D [2D [2D[40m[s
[u[41m [2D [2D [2D [2D [2D [2D [2D [2D [2D [2D [2D [2D [2D [2D [2D [2D [2D [2D [2D[0;41mﬂ[2D/[2D≥[2D≥[2D [2D≥[2D[31;40m±[2D[37;41m≥[2D [2D≥[2D [2D≥[2D [2D≥[2D [2D≥[2Dﬁ[2D [2D [2D [2D [2D [2D [2D [2D[40m[s
[u[41m[1m [2D [2D [2D[0;31m±[21;3H∞[1;37;41m   [0;41m       ﬁ≥_≥_≥_≥_≥_≥_≥/[1m [0;31m±±±±±[1;37;41m                                         [0;31m∞[B[1;37m€[2D[41m.[2D.[2D.[2De[2Du[2Dn[2Di[2Dt[2Dn[2Do[2Dc[2D [2Do[2Dt[40m[s
[u[41m[2D [2Dr[2De[2Dt[2Dn[2De[2D [2Ds[2Ds[2De[2Dr[2Dp[2D [2D€[2D€[2D€[2D€[2D€[2D€[2D€[2D€[2D€[2D€[2D [2D [2D€[2D€[2D€[2D€[2D€[2D€[2D€[2D€[2D€[2D€[2D[0;41mﬂ[2D [2D [2D [2D [2D [2Dﬂ[2D [2D [2D [2D [40m[s
[u[41m[2D [2Dﬂ[2Dﬁ[2D [2D [2D [2D [2D [2D [2D [2D[1m [2D [2D [2D[0;31m±[2D[1;37m€[0m
