[40m[2J[0;1m [D[2;37H[33m·[2DÖ[2D·[2DÒ[2D·[2DÒ[9D·[2DÖ[13D·[2DÒ[6D·[2D·[2DÒ[2DÖ[Bº[Cº[4Cººø[10Cº[8Cººººº[21C[37mDaul[CStandaed[4;68HT[2DS[2DH[3D0[2D0[2D6[2D9[9D[33m2[2D1[2D6[2D2[2D-[2D2[2D6[2D2[2D-[2D6[2D1[s
[u[2D7[6D·[2DÓ[2D¶[2DÇ[2D¶[2DÇ[3D·[2DÒ[2D·[2DÖ[2D·[2DÖ[3Dº[4D·[2DÒ[2D·[2DÖ[2D·[2DÖ[2DÒ[2DÖ[2D·[2D½[2DÇ[3D·[2DÖ[2D·[2DÇ[3Dº[5;3Hº[CººÇ½[Cº[CºººÇ½ºººº[2Cº[Cºººººº[Cºººº[Cº[6;37H½[2DÓ[2D½[2DÐ[2D½[2DÐ[3D½[2DÇ[s
[u[2D½[2DÓ[2D½[2DÓ[2D½[2DÓ[4DÓ[2DÐ[2D½[2DÓ[3DÓ[2D¶[2DÓ[2DÓ[3DÐ[4DÓ[2DÓ[2DÐ[3DÐ[7;13HÖº[14Cº[4C[0m___[5C[36m___[5C[31m___[5C[1;34m___[B)[2D[33m`[2D [D[2D'[2D[34m([5D[0;31m)[2D[1;33m`[2D [D[2D'[2D[0;31m([s
[u[5D[36m)[2D[1;33m`[2D [D[2D'[2D[0;36m([5D[37m)[2D[1;33m`[2D [D[2D'[2D[0m([5D[1;33mÐ[16D½[2DÓ[9;32H[0m((___))[C[36m((___))[C[31m((___))[C[1;34m((___))[10;66H[0;33mÍ[2DË[2DÍ[2DÍ[2DÍ[2DÍ[2D[1m"[2D[0;33mÍ[2D[s
[u[1m"[2D[0;33mÍ[2DÍ[2DÍ[2DÍ[2DÍ[2D[1m"[2D[0;33mÍ[2D[1m"[2D[0;33mÍ[2DÍ[2DÍ[2DÍ[2DÍ[2D[1m"[2D[0;33mÍ[2D[1m"[2D[0;33mÍ[2DÍ[2DÍ[2DÍ[2DÍ[2D[1m"[2D[0;33mÍ[2D[1m"[2D[0;33mÍ[2DÍ[2DÍ[2DË[2DÍ[Bº[CÚÄÄÄÄÂÄÄÄÄÂÄÄÄÄÂÄÄÄ[s
[uÄÂÄÄÄÄÂÄÄÄÄ¿[2Cº[12;65Hº[4D³[6D³[6D³[6D³[6D³[6D³[6D³[3Dº[8D[1mk[2Dr[2Do[2DY[3Dw[2De[2DN[3D,[2Dr[2De[2Dt[2Ds[2De[2Dh[2Dc[2Do[2DR[13;30H[0;33mº[C³[4C³[4C³[4C³[4C³[4C³[4C³[2Cº[14;65Hº[4DÙ[2DÄ[2DÄ[2DÄ[2DÄ[2DÁ[s
[u[2DÄ[2DÄ[2DÄ[2DÄ[2DÁ[2DÄ[2DÄ[2DÄ[2DÄ[2DÁ[2DÄ[2DÄ[2DÄ[2DÄ[2DÁ[2DÄ[2DÄ[2DÄ[2DÄ[2DÁ[2DÄ[2DÄ[2DÄ[2DÄ[2DÀ[3Dº[15;30Hº[3Cø[4Cø[4Cø[4Cø[4Cø[5Cø[4Cº[16;65Hº[4D[1;31mn[2Da[2DM[2Dn[2Du[2DJ[2De[2Di[2DP[2D.[2Da[2D[s
[u.[2Dk[2D.[2Da[3Dd[2Dl[2De[2Di[2DF[2De[2Ds[2Da[2DM[3Dy[2Dr[2Dr[2De[2DJ[3D[0;33mº[17;30Hº[14C[1;31mSysOp[15C[0;33mº[18;65Hº[2D_[2D_[2D_[2D_[2D_[2D_[2D_[2D_[2D_[2D_[2D_[2D_[2D_[2D_[2D_[2D_[2D_[2D_[2D_[2D_[s
[u[2D_[2D_[2D_[2D_[2D_[2D_[2D_[2D_[2D_[2D_[2D_[2D_[2D_[2D_[2Dº[19;5H[1m*[18C*[9C[0;33m±±[25C±±[10C[1m*[B*[2D[0;32m³[7D[1;33m*[6D[0;33m±[2D±[2D±[2D±[2D±[2D±[2D±[2D±[2D±[2D±[2D±[2D±[2D±[2D±[2D±[2D±[2D±[2D±[s
[u[2D±[2D±[2D±[2D±[2D±[2D±[2D±[2D±[2D±[2D±[2D±[10D[1m*[2D[0;32m³[20D³[21;3H\\³/[16C\³\//[6C[33m±±[2C[32mFidonet[C1:260/212[2C\\/[C[33m±±[32mvs[C\\/[2C\\³//[0m
