[40m[2J[0;1m [D[3;9H[33mFox[CValley[CComputer[CSociety[5;39H708-888-1112[7;25H[0;31m/\___/\[8;52H)[2D([20D)[3D[1;32mo[5Do[3D[0;31m([B\[5C/\[17C())[4C[1;33mFidonet[C1:115/888[10;51H[0;31m)[2D)[2D([17D\[3D[37m_[2D[31m/[s
[u[5D\[2D[37m_[B/[31m\o/[37m\[3C[31m\_____________())[7C[1;33mSouth[CElgin,[CIll.[12;49H[0;31m)[2D)[3Dy[2De[2Dl[2Dk[2Dw[2DB[3Dd[2Di[2Dv[2Da[2DD[7D\[B\[7CSysOp[5C\[B\[4D_[2D_[2D_[2D_[2D_[2D_[2D_[2D_[2D_[2D_[2D_[s
[u[2D_[2D_[4D\[15;31H/\[C\[8C/[C/[C\[2C\[B\[4D\[5D/[3D/[8D\[3D\[2D/[3D/[2D_[17;28H((__)(__)[3C((__)[2C((vs_)[18;62H[33m~[2D~[2D~[2D~[2D~[2D~[2D~[2D~[2D~[2D~[2D~[2D~[2D~[2D~[2D~[2D~[2D~[2D~[2D~[2D~[2D~[2D~[s
[u[2D~[2D~[2D~[2D~[2D~[2D~[2D~[2D~[2D~[2D~[2D~[2D~[2D~[2D~[2D~[2D~[2D~[2D~[2D~[2D~[2D~[2D~[2D~[2D~[2D~[0m
