[40m[2J[0;1;31mзддд[0;31mд[1mддд[0;31mдд[1mд[0;31mдддддддддддддд[1;30mд[0;31mддд[1;30mддд[0;31mд[1;30mддддддддддддддддддддддддддддддддддддддддддддд©
[0;31mЁ [1;37mS[0mo[1;30mftware   [37mЁ N[0ma[1;30mme[26C[37mЁ B[0ma[1;30mud  [37mЁ P[0mh[1;30mone [37mN[0mu[1;30mmber[11CЁ
цддддддддддддддддддддддддддддддддддддддддддддддддддддддддддддддддддддддддддддд╢
