[40m[2J[0m [10C[1;35m ________________________________________________________ [2;12Hчеееееееееееееееееееееееееееееееееееееееееееееееееееееееещ[3H[33mRunning [3C[35mчеееееееееееееееееееееееееееееееееееееееееееееееееееееееещ[C[33m24 Hrs/Dayo[s
[un RBBS-PC[2;12H[35mчеееееееееееееееееееееееееееееееееееееееееееееееееееееееещ[4;71H[33m7Days/Weekver 14.1b[3;12H[35mчееееееееееееееее[32mшшшш[35mе[32mшшшшш[35mе[32mшшшшшш[35mе[32mшшшшшш[35mеееееееееееееееещ[5;71H[33m1200/2400[4;12H[s
[u[35mчееееееееееееееЁ [32mш[35mЁ [32mш[35m [32mш[35m   Ё      Ё      [32mш[35mеееееееееееееееещ[6;71H[33mBaud..[7H (914)  [5;12H[35mчееееееееееееееЁ [32mшшшш[35m [32mш[35mе[32mш[35mеееее[32mшш[35mеее[32mшшшш[35m [32mш[35mеее[s
[uееееееееееееещ[7;73H[33m(914)[8;4H [6;12H[35mчееееееееееееееЁ [32mш[35mЁ [32mш[35m [32mш[35m ееееЁ [32mшш[35mеЁ [32mш[35m  Ё [32mш[35mеееееееееееееееещ[9H[33m343-8292[7;12H[35mчееееееееееееееЁ [32mшшшш[35m [32mш[35mе[32mшшш[s
[u[35mеЁ [32mшш[35mеЁ [32mшшшш[35m [32mш[35mеееееееееееееееещ[9;72H[33m343-8292[10;4H [8;12H[35mчееееееееееееееЁ    Ё Ё   ЁеЁ  ееЁ    Ё Ёеееееееееееееееещ[11;2H[33mTitle [9;12H[35mчееееееееееееееееееееееееееееееееееееееееееееееееееееее[s
[uеещ[11;72H[33mSysop:[12;2HScreen   [10;12H[35mчеееее[32mшшшш[35mе[32mшшшш[35mе[32mшшшш[35mе[32mшшшш[35mе[32mшшш[35mе[32mшшш[35mе[32mшшшшш[35mе[32mш[35mе[32mшшшш[35mе[32mшш[35mе[32mш[35mе[32mшшшш[35mещ[12;71H[37mимммммм[s
[uм╩[13H[5;36m [C[0;1;33mBy:[11;12H[35mчеееЁ [32mш[0;30m  [1;32mш[35mе[32mш[0;30m  [1;35mЁ [32mш[0;30m  [1;32mш[0;30m  [1;32mшш[35mЁ [32mш[0;30m [1;35mЁ [32mш[0;30m [1;35mЁ   [32mш[0;30m [1;35mЁ [32mш[35m [32mш[0;30m  [s
[u[1;32mш[35m [32mш[0;30m [1;32mшш[0;30m [1;32mшшээ[35mещ[2B[5;36m [0;1m╨[5;36m Chuck [0;1m╨[5;36m [0;31mимммммммм╩[12;12H[1;35mчеееЁ [32mш[35mе[32mшш[35mе[32mш[35mееЁ [32mш[35mЁ[0;30m [1;32mш[35mЁ[0;30m [1;32mшш[35mЁ [s
[u[32mшъ[35mЁ [32mш[35mеееЁ [32mш[35mеЁ [32mш[35m [32mш[35mЁ[0;30m [1;32mш[35m [32mш[35mЁ [32mш[0;30m    [1;32mш[35mещ[2B[5;36m [0;1m╨[C[5;36mNewman[0;1m╨[15H[0;31m╨ [1;34mDarshan[0;31m╨[13;12H[1;35mчеееЁ[0;30mц[1;32mш[s
[u[0;30m  [1;35mЁе[32mш[35mееЁ [32mшшшш[35mЁ[32mшшш[35mЁ [32mшшш[35m [32mшшш[35mеЁ [32mш[35mеЁ [32mш[35m [32mшшшш[35m [32mш[35mЁ [32mш[35mЁ[32mшшшш[35mещ[15;71H[37mхммммммм╪[16H[0;31m╨ [1;34mJesrani[0;31m╨[14;12H[1;35mч[s
[uеееЁ[0;30mг[1;35mЁееЁеЁееЁ    Ё   ЁЁ   Ё   ЁеЁ ЁеЁ Ё    Ё ЁЁ Ё    еещ[17H[0;31mхмммммммм╪[15;12H[1;35mчеееееееееееееееееееееееееееееееееееееееееееееееееееееееещ[18;4H[33m [16;12H[35mчееееееееееееееееее[31mшшшшш[35mе[31mшшшшш[35mе[31mш[s
[uшшшш[35mе[31mшшшшш[35mееееееееееееееещ[17;12HчееееееееееееееееЁ [31mш   ш[35m [31mш[35m   [31mш[35m [31mш[35m   [31mш[35m [31mш[35m   Ёееееееееееееееещ[18;12HчееееееееееееееееЁ [31mш[35mеЁ[31m [35mЁ [31mшъъъш[35m [31mшъъъш[s
[u[35m [31mъъъъш[35mееееееееееееееещ[19;12HчееееееееееееееееЁ [31mш[35mеееЁ [31mшшшшш[35m [31mшшшшш[35m [31mшшшшш[35mееееееееееееееещ[20;12HчееееееееееееееееЁ ЁеееЁ     Ё     Ё     Ёееееееееееееееещ[21;12Hчеееееееееееееееееееееееееееееее[s
[uееееееееееееееееееееееееещ[23H[0m
