[40m[2J[B[0mFrom  : [1;33mBig Lou[3H[0mTo    : [1;33mAll[4H[s
[u[0mTitle : [1;36mSouthwest Cemetery [s
[u[2J[01;15H[18D[37m        ³Þ[23CÝ³[2H[8C³Þ[s
[u___[0;31mÜ[1;37m_____[0;31mÜ[1;37m_[0;31mÜ[1;37m_[0;31mÜ[s
[u[1;37m_____[0;31mÜ[1;37m___Ý³[3H[7CÚÁ[44m/ÍÍÍÍÍÍÍÍÍÍÍÍÍ[40m[s
[u[44mÍÍÍÍÍÍÍÍÍÍ\[40mÁ¿[4H[6CÛÛÝ³  [30mÛÛÛÛÛÛ   [37m³   [30mÛ[s
[uÛÛÛÛÛ  [37m³ÞÛÛ[13C[0;31mThe Southwest Cemetery[5H[6C[1;37mÛ[s
[uÛÝ³ [30mÛÛÛÛÛÛÛÛ  [37m³  [30mÛÛÛÛÛÛÛÛ [37m³ÞÛÛ[19C[0;31mOf P[s
[usychos[6H[7C[1;37mÀÅÀ[30mÛÛÛÛÛÛÛÛÛÛ[37m_Á_[30mÛÛÛÛÛÛÛÛÛÛ[s
[u[37mÙÂÙ[16C[0;31mIs on the [5mMOVE [0;31m!!![7H[8C[1;37m³Þ[s
[u[44m\__________º__________/[40mÝ³[8H[5CÚÄÄÁ¿[44m³[40mÛÛÛÛÛÛÛ[s
[uÛÛÛÛÛÛÛÛÛÛÛÛÛÛ[44m³[40mÚÁÄÄ¿[9H[5CÕÍÍÍ¸[44m³[40mÛ[s
[u[0;30;47mÚÒÒÒÒÒÒÒÒÄÒÒÒÒÒÒÒÒ¿[1;37;40mÛ[44m³[40mÕÍÍÍ¸[10H[5C³[s
[u __³[44m³[40mÛ[0;30;47m³ºººººººº ºººººººº³[1;37;40mÛ[44m[40m[s
[u[44m³[40m³__ ³[13C[0;31mGive us a call today![11H[5C[1;37m³[s
[u(___[44m³[40mÛ[0;30;47m³ºººººººº ºººººººº³[1;37;40mÛ[44m[40m[s
[u[44m³[40m___)³[12H    [44m³     ³[40mÛ[0;30;47m³ººººººº[40m[s
[u[47mº ºººººººº³[1;37;40mÛ[44m³     ³[13H[4C³ ²²² ³[40mÛ[s
[u[0;30;47m³ºººººººº ºººººººº³[1;37;40mÛ[44m³ ²²² ³[14H[4C[40m[s
[u[44m³  [0;33;44mÜ  [1;37m³[40mÛ[0;30;47mÀÐÐÐÐÐÐÐÐÄÐÐÐÐÐÐ[40m[s
[u[47mÐÐÙ[1;37;40mÛ[44m³  [0;33;44mÜ  [1;37m³[15H[4C³   [40m[s
[u[44m  ÀÄÄÄÄÄÄÄÄÄÄÄÄÄÄÄÄÄÄÄÄÄÙ     ³[14C[0;31m(502) 366 - 2349
[16H   [1;37mÛÛÛÛÛÛÛÛÛÛÛÛÛÛÛÛÛÛÛÛÛÛÛÛÛÛÛÛÛÛÛÛÛÛÛÛÛ[17H   ßÛÛÛÛÛÛÛÛ[s
[uÛÛÛÛÛÛÛÜÜÜÜÜÜÛÛÛÛÛÛÛÛÛÛÛÛÛÛß[9C[0;31mPresident Pickle - Sysop
[18H    [37m³>>>>>Ý    [41m   [1mTelegard   [3C[0m³>>>>>Ý   [s
[u[31mBig Lou & Fred, The BP Guy - CoSysops[1;37m [0;31m    [37m[s
[u³<<<<<Ý[8C[41m [1m2.5i [7C[0m³<<<<<Ý[20H    (>>>>>)[21C(>>>[s
[u>>)[21H[B[B[B[22A[1m
[0m
[22;01H
