[40m[2J[2H[15C[0;1;31m€≥€€€€€€€€€€€€€€€€€€€€€€€€€€€€€€€€€€€€€€€≥[s
[u€[3H[15C≥≥[39C≥≥[4H[15C≥≥   [47m                       [40m[s
[u[47m          [3C[40m≥≥[5H[15C≥≥   [47m  [34;40m€ﬂﬂﬂﬂﬂﬂﬂﬂﬂﬂ[s
[uﬂﬂﬂﬂﬂﬂﬂﬂﬂﬂﬂﬂﬂﬂﬂﬂ€[47m   [3C[31;40m≥≥[6H[15C≥≥   [47m  [40m[s
[u[34;40m€[47m                          [40m€[47m   [3C[40m[s
[u[31;40m≥≥[7H[15C≥≥   [47m  [34;40m€[47m       [37m‹ﬂﬂﬂ[40m[s
[u[47m               [34;40m€[47m   [3C[31;40m≥≥[8H[15C≥≥   [s
[u[47m  [34;40m€[47m        [37;41mﬂ[47mﬂﬂ    [30m‹‹‹    [40m[s
[u[47m    [34;40m€[47m   [3C[31;40m≥≥[9H[15C≥≥   [47m  [40m[s
[u[34;40m€[47m        [31m€€ﬂﬂﬂﬂﬂﬂ€ﬂ        [34;40m€[47m  [40m[s
[u[47m [3C[31;40m≥≥[10H[15C≥≥   [47m  [34;40m€[47m    [40m[s
[u[47m[30m‹ﬂﬂﬂ[31;40mﬂ[47m ﬂ‹  ‹ﬂ [40mﬂ[30;47mﬂﬂﬂ‹    [40m[s
[u[34;40m€[47m   [3C[31;40m≥≥[11H[15C≥≥   [47m  [34;40m€[s
[u[47m   [30m€ [37m\[31m‹[37m/ [30m€ ‹[31m€ﬂ  [30m€ [40m[s
[u[47m[37m\[31m‹[37m/ [30m€   [34;40m€[47m   [3C[40m[s
[u[31;40m≥≥[12H[15C≥≥   [47m  [34;40m€[47m   [30mﬂ‹[37m[40m[s
[u[47m/ \[30m‹ﬂ  ﬂ   ﬂ‹[37m/ \[30m‹ﬂ   [34;40m€[47m   [40m[s
[u[47m[3C[31;40m≥≥[13H[15C≥≥   [47m  [34;40m€[47m     [40m[s
[u[47m[30mﬂﬂﬂ          ﬂﬂﬂ     [34;40m€[47m   [3C[31;40m≥≥
[14H[15C≥≥   [47m  [34;44m€[40m‹‹‹‹‹‹‹‹‹‹‹‹‹‹‹‹‹‹‹‹‹‹‹‹‹‹€[s
[u[47m   [3C[31;40m≥≥[15H[15C≥≥   [47m  [28C   [3C[40m≥≥
[16H[15C≥≥   [47m  [3C[40mScreen by Jean Ludwig    [47m   [40m[s
[u[47m[3C[40m≥≥[17H[15C≥≥   [47m  [34;40m====================[s
[u========[47m   [3C[31;40m≥≥[18H[15C≥≥   [47m           [40m[s
[u[47m                      [3C[40m≥≥[19H[15C≥≥[39C≥≥[20H[s
[u[15C€≥€€€€€€€€€€€€€€€€€€€€€€€€€€€€€€€€€€€€€€€≥€[21H[35C(c) Jean[s
[u Ludwig 1991[22H[23H[0m
