[40m[2J[4C[0;1;34m≤≤≤≤≤≤≤≤≤≤≤≤≤≤≤≤≤≤≤≤≤≤≤≤≤≤≤≤≤≤≤≤≤≤≤≤≤≤≤≤≤≤≤≤≤≤≤≤≤≤≤[s
[u≤≤≤≤≤≤≤≤≤≤≤≤≤≤≤≤≤≤≤[2;1H    ≤[47m                              [40m[s
[u[47m  [0;34;47m‹[5;31m‹‹ ‹‹         [0;1;34;47m____  ___     [40m[s
[u[47m       [40m≤[3;1H    ≤[47m                      [30m{   [40m[s
[u[47m      [37;40m€[47m [0;5;31;47mﬂﬂ    [0;1;30;47m{   [34m[40m[s
[u[47m__   [31m‹‹‹ [34m____           [40m≤[4;1H    ≤[47m    [40m[s
[u[47m   __________       [30m{       [37;40m€[36;47m€€‹       [40m[s
[u[47m [34m____[31m€€€€€ [34m_____ [30m{       [34;40m≤[5;1H    ≤[s
[u[47m      [30m{    [34m___________       [35m‹‹ﬂ[37;40m€[s
[u[35;45m€€€[47m‹    [34m_____ [31m/ﬂ€€€ﬂ \ [34m_____       [40m[s
[u[40m≤[6;1H    ≤[47m         [30m{      [34m___   ___   [40m[s
[u[35;45mﬂﬂﬂ[47m [37;40m€[35;45mﬂﬂﬂﬂ[0;35;47m‹       [1;34m__[40m[s
[u[47m_[31m//[34m_ [31m\\[34m___    ____   [40m≤[7;1H    ≤[s
[u[47m                           [0;35;47m€€€€ [1;37;40m€[s
[u[0;35;47m€€€€€‹          [1;31m/[34m__[31m\               [40m[s
[u[34;40m≤[8;1H    ≤[47m                          [33m€€€€€ [40m[s
[u[37;40m€[33;47m€€€€€€€‹                           [34;40m≤[9;1H   [s
[u ≤[47m  [31mRED SKY IN THE MORNING [0;31;47m‹[1;33;41mﬂﬂﬂﬂﬂ[40m[s
[u[47m [37;40m€[33;41mﬂﬂﬂﬂﬂﬂﬂﬂ[0;31;47m‹   [1mRED SKY AT NIGHT[40m[s
[u[47m       [34;40m≤[10;1H    ≤[47m                        [40m[s
[u[0;31;47m‹€€€€€  [1;37;40m€[0;31;47m€€€€€€€€€€                [40m[s
[u[47m         [1;34;40m≤[11;1H    ≤[47m      [31mSAILORS WARN[40m[s
[u[47mING.. €€€€€€  [37;40m€[31;47m€€€€€€€€€€‹     SAILORS DELIG[40m[s
[u[47mHT... [34;40m≤[12;1H    ≤[47m                       [40m[s
[u[0;42m€[1;31mﬂﬂﬂﬂﬂﬂ[0;32;47m‹ [1;37;40m€[31;42mﬂﬂﬂﬂﬂﬂﬂﬂﬂﬂﬂ[40m[s
[u[0;32;47m‹                       [1;34;40m≤[13;1H    ≤[47m   [40m[s
[u[47m                     [0;42m‹      ﬂ[1;47mﬂ[40m€[42m     [40m[s
[u[42m       [0;32;47m‹                     [1;34;40m≤[14;1H    ≤[s
[u[47m                          [0;34;47mﬂﬂ€€€€ [1;37;40m€[s
[u[0;34;47m€€€€€€€€€€ﬂﬂﬂﬂ                    [1;40m≤[15;1H    ≤[s
[u[47m                               [0;34;47mﬂﬂ[1;37;40m€[s
[u[0;34;47mﬂﬂﬂﬂ                              [1;40m≤[16;1H    ≤[s
[u[47m                       [0;33;47mﬂ[1;43m‹‹‹‹‹‹‹‹‹‹‹‹‹‹‹‹‹‹‹[40m[s
[u[43m‹‹‹‹[0;33;47mﬂ                    [1;34;40m≤[17;1H    ≤[s
[u[47m                 [30m~~~~~~~  [33mﬂ€€€€€€€€€€€€€€€€€€ﬂ[40m[s
[u[47m[30m~~~~~~~~              [34;40m≤[18;1H    ≤[47m       [40m[s
[u[47m   [30m~~~~        ˜˜˜˜  [0;30;47m~~~     ~~~~~~      [1m[40m[s
[u[47m~~~~~~~~~~          [34;40m≤[19;1H    ≤[47m  Screen by Je[40m[s
[u[47man Ludwig                    (c) By Jean Ludwig 1991  [40m≤
[20;1H    ≤≤≤≤≤≤≤≤≤≤≤≤≤≤≤≤≤≤≤≤≤≤≤≤≤≤≤≤≤≤≤≤≤≤≤≤≤≤≤≤≤≤≤≤≤≤≤≤≤≤≤≤≤≤≤≤≤≤≤≤≤≤[s
[u≤≤≤≤≤≤≤≤[21;1H[22;1H[23;1H[0m[255D