[40m[2J[0;1;32mWhen people get hurt or sick[2HYou send them flowers.[13C[31m‹[3H[34C‹ ‹[4H[33C‹   ‹[5H[32C‹  [0;33mN  [1;31m‹[6H[31C‹[7C‹[7H[29C‹[11C‹[8H[27C‹[6C[0;31m/ \[6C[1m‹[9H[25C€[6C[0;31m<  [32m*  [31m>[6C[1m€
[10H[27Cﬂ[6C[0;31m\ /[6C[1mﬂ[11H[29Cﬂ[11Cﬂ[12H[31Cﬂ[7Cﬂ[13H[32Cﬂ  [0;33mS  [1;31mﬂ[14H[33Cﬂ   ﬂ[15H[34Cﬂ ﬂ[16H[35Cﬂ[12C[32mWhen it happens to a map[17H[45CDo you send a compass rose?[18H[19H[20H[21H[22H[23H[33C[34mFran[0m


