[0;40;37m[0;40;34mкФФФФФФФФФФФФФФФФФФФФФФФФФФФФФФФФФФФФФФФФФФФФФФФФФФФФФФФФФФФФФФ
Г                                                              [1;40;37mCaptain Bob looks[0;40;34mГФФФФФФФФФФФФФФФФФФФФФФФФФФФФФФФФФФФФФФФФФФФФФФФФФФФФФФФФФФФФФФ[1;40;37mover Mothball
[0;40;34mГЭЭЭЭЭЭЭЭЭЭЭЭЭЭЭЭЭЭЭЭЭЭЭ [1;40;37mкФФФФФФФФФФП[0;40;34mЭЭЭЭЭЭЭЭЭЭЭЭЭЭЭЭЭЭЭЭЭЭЭЭЭЭ[1;40;37mCity, knowing the[0;40;34mГ[0;44;30mЭЭЭЭЭЭЭЭЭЭЭЭЭЭЭЭЭЭЭЭЭЭЭ[0;40;34mн[1;40;37mГ          Г[0;44;30mЭЭЭЭЭЭЭЭЭЭЭЭЭЭЭЭЭЭЭЭЭЭЭЭЭЭ[1;40;37mcity is safe--
[0;40;34mГлллллллллллллллллллллллн[1;40;37mГ   *   *  Г[0;40;34mлллллллллллллллллллллллллл[1;40;37mfor now.  Bowing
[0;40;34mГлллллллппппппппплллллллн[1;40;37mГ          Г[0;40;34mлллллллллппппппппппппллллл[1;40;37mhis ALT-1 in a
[0;40;34mГлллп[0;40;31mмммпплллллллмммм[0;40;34mпплн[1;40;37mГ          Г[0;40;34mлллпп[0;40;31mммммллллллллллппмм [0;40;34mпл[1;40;37msilent tribute to[0;40;34mГлл [0;40;31mл        ппплллллллм [1;40;37mГ    плп   Г[0;40;34mон[0;40;31mмллллллллллпппп      пм [1;40;37mthe mysterious
[0;40;34mГп[0;40;31mмп              пппллл [1;40;37mГ          Г [0;40;31mлллллппппп              л[1;40;37mone known as
[0;40;31mмп                [1;40;34mммммм[0;40;31mпп[1;40;37mРФП      кФй[0;40;31mппп[1;40;34mмммм                   [0;40;31mл[1;40;37mJoe,"
[0;40;31m ппмм           [1;40;34mмллллллллм[1;41;34mмммм[0;40;31mммм[1;41;34mммм[1;40;34mмллллллллм            [0;40;31mммммпп[1;40;37me turns and
[0;40;34mГллмм[0;40;31mппппппппп [1;40;34mллллллопплллллллп[0;40;31mмммм[1;40;34mпп лллллллл [0;40;31mпппппппппп[0;40;34mммммл[1;40;37mdeparts into the
[0;40;34mГ [1;40;30mўў[1;44;34mААААААААА[1;40;37m [1;40;34mллллллн[0;40;31mмллм [1;40;34mммммм[0;40;31mплллллм  [1;40;34mпплллллл [1;44;34mАААААА[1;40;37m [1;40;30mўў[1;44;34mААААБ[1;40;37mnight...
[0;40;34mГ[1;40;30mўў [1;44;34mБ[1;40;30mў[0;40;37mў[1;40;30mў[1;44;34mБББ[1;40;37m [1;40;30mў [1;40;34mллллпммлллллллллллм[0;40;31mп[1;40;34mммммллллмллллл [0;40;37mўў[1;44;34mББ[1;40;37m  [1;40;30mўўў[1;44;34mБ
[0;40;34mГ   [1;44;34mВ[1;40;37m [1;40;30mў [1;44;34mВ[1;40;37m [1;40;30mўўў [1;40;34mоллллллллллллллллпмллллллллллллллн [1;40;30mўў[1;44;34mВВ[1;40;37m     [1;44;34mВ[1;40;37m [1;40;30mўў
[0;40;34mГ              [1;40;34mппллллллллллппммппппплллллллпппп [1;40;30mў  [1;44;34mлл[1;40;37m       [1;40;30mў ў
[0;40;34mГ                     [1;40;34mмммммлллллллллмммм
[0;40;34mГ                      [1;40;34mлллллппппппллллл
[0;40;34mГ           [1;40;37mAnd so the [0;40;37mн   о Г~~Г н   о [1;40;37mstory ends...
[0;40;34mГ                      [0;40;37mн   о Г__Г н   о
[0;40;34mРФФФФФФФФФФФФФФФФФФФФ [0;40;31mмлллллммммммлллллм [0;40;34mФФФФФФФФФФФФФФФФФФФФФФ
[1;40;37m                     [1;40;34mо[1;41;34mм  мм [0;40;31mллллллл[0;41;31m    [1;41;34mм[1;40;34mн

