[40m[2J[2;1H[27C[0;1;31mViSiON-X User Configuration[3;1H[4;1H   [37mTerminal Dependencies[11CUser Colors[13CMiscellaneous[5;1H[6;1H[5C([35mA[37m) [36mAvatar Toggle[8C[37m([35mB[37m) [36mBorder Color[9C[37m([35mM[37m) [36mMore [s
[uPrompts[7;1H[5C[37m([35mD[37m) [36mDisplay Length[7C[37m([35mC[37m) [36mBackground Color[5C[37m([35mN[37m) [36mConfig Newscan[8;1H[5C[37m([35mE[37m) [36mAnsi Emulation[7C[37m([35mH[37m) [36mHighlight Color[6C[37m([35mO[s
[u[37m) [36mPost Prompts[9;1H[5C[37m([35mF[37m) [36mFull Screen Editor   [37m([35mI[37m) [36mInput Color[10C[37m([35mQ[37m) [36mQuit to Main[10;1H[5C[37m([35mG[37m) [36mIBM Graphics[9C[37m([35mJ[37m) [36mWindow Border[8C[s
[u[37m([35mT[37m) [36mDisplay Time Left[11;1H[5C[37m([35mL[37m) [36mLinefeeds[12C[37m([35mK[37m) [36mWindow Inside[8C[37m([35mY[37m) [36mYour Configuration[12;1H[5C[37m([35mU[37m) [36mUpper/Lower Case[5C[37m([35mP[37m) [s
[u[36mPrompt Color[9C[37m([35mZ[37m) [36mEdit/Create Macros[13;1H[30C[37m([35mR[37m) [36mRegular Color[8C[37m([35m=[37m) [36mPrompt Type[14;1H[30C[37m([35mS[37m) [36mStatus Color[15;1H[30C[37m([35mV[37m) [36mStatus Box Col[s
[uor[16;1H[0m
