[40m[2J[2H[3C[0;31mллллллллллллллллллллллллллллллллллллллллллл[s
[uллллллллллллллллллллллллллллллл[3H   ллллл[65Cлллл[4H   ллллл[s
[u[18C[1;34mFROM [0;31mFABOULOS [1;5;36mLAS VEGAS [0;1mNEVADA[s
[u[17C[0;31mлллл[5H   ллллл[65Cлллл[6H   ллллл[18C[1;37mCOM[s
[uING [35mSOON TO A [34mBBS NEAR YOU[18C[0;31mлллл[7H   ллллл[s
[u[26C[37mVIA [1;32mTHIS [36mECHO[26C[0;31mлллл[8H   ллллл[s
[u[19C[1mAN [35mANSI [33mCONTEST [37mSPONSORED [31mBY[18C[s
[u[0;31mлллл[9H   ллллл[21C[1;37mEAGLE'S [0;31mNEST [1;34mBB[s
[uS [33m021/001[20C[0;31mлллл[10H   ллллл[21C[34mWHERE [s
[u[1;5;32m$$$$$$$$$$ [0mWILL [1;36mBE[20C[0;31mлллл[11H   лл[s
[uллл[17C[1;35mYOUR [33mMOTIVATION [36mFOR [32mPATICIPATING[s
[u[16C[0;31mлллл[12H   ллллл  [1;30mWatch for it[37CHit it Bi[s
[ug    [0;31mлллл[13H   ллллл[65Cлллл[14H   пппппппппппппппппп[s
[uпппппппппппппппппппппппппппппппппппппппппппппппппппппппп[15H[s
[u[11CУФД   АБВБА  [1;5;33m\  |  /    [0;31mГ    [1;5;33m\  | [s
[u /    [0;31mГ[5C[1;5;33m\  |  /  [0;31mАБВБА[16H[11CУФД   [s
[uАБВБА    [1;5;33m\|/[6C[0;31mГ[6C[1;5;33m\|/[6C[0;31mГ[s
[u[7C[1;5;33m\|/    [0;31mАБВБА[17H[11CУФД   АБВБА[5C[s
[u[1;5;33m [D[0;31mФФФФФФФСФФФФФФФ[1;5;33m [D[0;31mФФФФФФФ[s
[uСФФФФФФФФ[1;5;33m [D[5C[0;31mАБВБА[18H[11CУФД   АБВБА[s
[u[44CАБВБА[19H[11CУФД   АБВБА[44CАБВБА[20H[11CУФД   АБВБА[s
[u[44CАБВБА[21H[22H[23H[0m
