[40m

[5C[0;1;30;47m≤≤[8C≤[1C≤≤≤[5C≤[6C≤≤≤[6C≤≤[5C≤≤≤[4C≤[10C≤≤[5C≤≤≤[2C≤[40m
[5C[47m≤[9C≤≤≤[7C≤≤[6C≤[7C≤[5C≤≤[4C≤≤≤[10C≤[7C≤≤≤[1C≤[40m
[8C[47m≤≤[6C≤≤[19C≤[22C≤[1C≤[12C≤[40m
[7C[47m≤≤≤≤[50C≤≤≤[5C≤≤≤≤[40m
[7C[47m≤[54C≤≤[7C≤≤[40m
[19C[47m≤≤[3C[0;31m€€€€€€€€€€€€€€€€€€€€€€€€€€€€€€€   [1;30;47m≤[12C≤[40m
[23C[0;31m€[41m                               [40m€
[12C[1;30;47m≤[1C≤[7C[0;31m€[41m  [1;33m€ ﬁ›€€                 €€€   ﬁ [0;31m€
[12C[1;30;47m≤≤≤≤[5C[0;31m€[41m [1;33m›€€ﬁ€     ‹‹‹€‹‹          €    €ﬁ [0;31m€[6C[1;30;47m≤[1C≤≤[6C≤≤[40m
[7C[47m≤≤[4C≤≤[5C[0;31m€[41m [1;33m€‹€€    €€€€€€€€€›€             €€€ [0;31m€[5C[1;30;47m≤≤≤≤[5C≤≤≤[40m
[6C[47m≤≤[5C≤[5C[0;31m€[41m  [1;33m€€€    ﬁ€€€€€€€€€‹€ﬁﬁ €€ﬁ       €€€€ [0;31m€[5C[1;30;47m≤[8C≤[40m
[6C[47m≤≤[10C[0;31m€[41m [1;33m˛ €€     €€€€€€€€€€€€ﬁﬁ›€€€ﬁ      ﬁ€€€€ [0;31m€
[7C[1;30;47m≤≤[9C[0;31m€[41m [1;33m››€€     ﬂﬂ€€€€€€€€€€ﬁ€›€€€€‹€€€  €€€€€ [0;31m€[17C[1;30;47m≤[40m
[11C[47m≤[2C≤≤[3C[0;31m€[41m [1;33mﬁ€         ﬂﬂﬂﬂﬂﬂﬂﬂﬂ €‹€€€€€€€€››€€€€ [0;31m€[30;41mﬁ[2C[1;47m≤[13C≤≤[40m
[15C[47m≤[4C[0;31m€[41m [1;33mﬂ˛                        ﬂﬂﬂ€€ €€€ [0;31m€[41m [3C[1;30;47m≤≤[3C≤≤≤≤[40m
[6C[47m≤[14C[0;31m€[41m                              [1;33m€€€€ [0;31m€ [30;41m›[9C[1;47m≤≤[40m
[5C[47m≤[5C≤≤≤[8C[0;31m€[41m                              [1;33m€€ [0;31m€  [41m [10C[1;30;47m≤[40m
[5C[47m≤≤[2C≤≤≤≤[9C[0;30;41m›[31;40m€[41m [1;33m€›‹‹                          [0;31m€
[5C[1;30;47m≤[5C≤[7C≤[3C[41m [0;31m€[41m [1;33m›€€€€  ‹  ›‹€€‹ ‹€‹         [0;31m€[30;41m€[5C[1;47m≤[2C≤≤[9C≤[40m
[16C[47m≤[6C[0;30;41m›ﬁ[31;40m€[41m [1;33m€€€€›ﬁ€ﬁﬁ›€€€€ €€€›€€     [0;31m€ [30;41m€[5C[1;47m≤[3C≤≤[7C≤≤≤[40m
[15C[47m≤≤[6C[0;30;41m›[1Cﬁ[31;40m€[41m [1;33m€€€›ﬁ€ﬁﬁ›€€€€ﬁ€€€›€€€   [0;31m€[11C[1;30;47m≤≤[7C≤≤≤[40m
[8C[47m≤≤[13C[0;30;41m›[1C›[1C[31;40m€[41m [1;33m€€›ﬁ€  ›€€€€ﬁ€€€€€€€  [0;31m€[30;41mﬁ[5C[1;47m≤≤[40m
[6C[47m≤≤≤≤[13C[0;30;41m›[1C›[1C‹[31;40m€[41m [1;33m€›     €€€€ €€€›€€  [0;31m€[30;41m›[4C[1;47m≤≤≤[1C≤[8C≤[40m
[8C[47m≤[3C≤[4C≤[5C[0;30;41m›[4C›[31;40m€[41m        [1;33m€€ﬂ ﬂ€€€   [0;31m€ [30;41m›[5C[1;47m≤[6C≤[4C≤≤[40m
[11C[47m≤≤[3C≤≤≤[4C[0;30;41m€[4C›[1C[31;40m€[41m                 [40m€[30;41m›[18C[1;47m≤≤≤[40m
[12C[47m≤≤[4C≤[11C[0;30;41m›[31;40m€[41m [1;33m€‹‹‹       ‹‹ [0;31m€[30;41mﬁ[19C[1;47m≤[8C≤[40m
[8C[47m≤[21C[0;30;41m›‹[31;40m€[41m [1;33m€€€€‹››ﬁ€€€ [0;31m€[30;41m›ﬁ[5C[1;47m≤≤≤[5C≤≤[8C≤≤[3C≤≤[40m
[6C[47m≤≤≤[14C≤≤[7C[0;30;41m‹[31;40m€[41m [1;33m€€€€››ﬁ€€ [0;31m€[41m [30m››[4C[1;47m≤≤≤[5C≤≤≤[6C≤≤≤≤[40m
[7C[47m≤[4C≤[8C≤≤≤[10C[0;31m€[41m [1;33m€€€››€€ [0;31m€ [30;41mﬁ››€€[4C[1;47m≤[6C≤[8C≤[40m
[12C[47m≤≤≤[7C≤≤[11C[0;31m€[41m [1;33m€€››€ [0;31m€[30;41m€[2C››[40m
[13C[1;47m≤[21C[0;30;41m˛[31;40m€[41m [1;33m€˛  [0;31m€[41m [30m€[2C›€€[40m
[6C[37;41m€€€€€€[5C€€€€[6C€€€€[4C€€[31;40m€[41m   [40m€[37;41mﬁ[30m›[2C[37;40m€[30;41m›[37;40m€€   €€€€€€[5Cﬁ€€€€›  €€   €€
[6C[41m€€[2C€€€[3C€€€€€€[4C€[40m€€€€[41m€[3C€€ﬁ[31;40m€[41m [40m€[37;41m€ [30m€[1C[37;40m€€[30;41m›[37;40m€€€  €€  €€€    €€›ﬁ€€  ﬁ€   €›
[6C[41m€€[3C€€[2C€€€[40m›ﬁ[41m€€€[2C€[40m€€›ﬁ€€[41m€[2C€€€€[31;40m€[37;41m›€›[30m›[1C[37;40m€€[31;47m˛[1C[37;40m€€  €€   €€   ﬁ€€  €€› ﬁ€   €›
[6C[41m€€[3C€€[2C€€[40m›  ﬁ[41m€€[2C€[40m€›  ﬁ€[41m€[2C€€[1C€€[1C€›[30m€[1C[37;40m€€[31;47mﬁ[5C[37;40m€€   €€   €€›  ﬁ€€ ﬁ€   €›
[6C[41m€€[3C€€[2C€€[4C€€[2C€[40m€    €[41m€[2C€€[1C€€[1C€[31;47m˛[3C[37;40m€[31;47m˛[37;40m€    €€   €€   €€›  ﬁ€€  €€€€€
[6C[41m€€[3C€€[2C€€[4C€€[2C€[40m€    €[41m€[2C€€[1C€€[1C€€[4C[40m€€€   €€   €€  ﬁ€€    €€› ﬁ€€€›
[6C[41m€€[3C€€[2C€€[40m›  ﬁ[41m€€[2C€[40m€›  ﬁ€[41m€[2C€€[4C€€[5C[40m€€€  €€   €€  ﬁ€€€€€€€€›  €€€
[6C[41m€€[3C€€[2C€€€[40m›ﬁ[41m€€€[2C€[40m€€›ﬁ€€[41m€[2C€€[4C€€[2C[40m€€ €€€  €€   €€  €€€€€€€€€€  ﬁ€›
[6C[41m€€[2C€€€[3C€€€€€€[4C€[40m€€€€[41m€[3C€€[4C€€[2C[40m€€€€€€  €€  €€€  €€›    ﬁ€€  ﬁ€›
[6C[41m€€€€€€[5C€€€€[6C€€€€[4C€€[4C€€[3C[40m€€€€   €€€€€€  ﬁ€€[6C€€› ﬁ€›

    [1m‹‹‹ ‹ ‹ ‹‹   ‹‹  ‹‹  ‹  ‹‹‹ ‹ ‹    ‹  ‹‹   ‹‹‹ ‹ ‹ ‹‹  ‹‹ ‹‹  ‹‹‹‹  ‹  ‹‹ ‹
[5C€  €‹€ €‹   € € €‹ €‹€  €  €‹€   € € €‹   €‹‹ € € €‹€ €‹ €‹ﬂ €ﬁ›€ €‹€ €ﬁ €
[5C€  € € €‹   €‹ﬂ €‹ € €  €  € €   ﬂ‹ﬂ €    ‹‹€ €‹€ €   €‹ € € €  € € € € €€

[56C[30mBy George Ramos Jr.
[56C[0mCopywrite (C) 1992[0m[255D
Downloaded From P-80 International Information Systems 304-744-2253
