[m[2J[34m                      [m
[34m                         [m

                  [33mﬁ‹[m
[1;30m   [31m‹[m          [33mﬁ‹[1;30m   [0;33mﬁ‹‹[31m‹‹‹‹‹
[A[27C[m
[1;30m   [31;41m›ﬂ[40m‹‹[m        [33mﬁ‹‹[31m‹‹[41m   [m
[A[23C[1;33;41m‹[42mﬂ[41m‹  [0;31m‹[m
[1;30m   [31mﬁ[0;31m≤[41m  [1mﬂﬂ[40m‹‹[m     [31m‹[41m   [m
[A[20C[31m≤[41m         [40m€‹[m
[1;30m    [31;41m›[0;31m≤[41m     [1mﬂﬂ[40m‹‹[0;31m‹
[A[16C[41m    [40m≤≤[41m    [40mﬂﬂ[41m   [40mﬂ[m
[1;30m   [31mﬁ[0;31m≤[41m       [1m‹‹‹[0;31m≤[41m       [m
[A[23C[31mﬂﬂ[m
[1;30m   [31;41m›[0;31m≤€[1;41m‹‹‹ﬂﬂﬂ[0;31m€€€≤[41m   [m
[A[19C[1;31;41m∞±‹[m
  [1;31m‹€[41mﬂﬂ[0;31m€€€€€€€€€≤[41m   [1m∞±ﬂ[m              ‹‹
[A[38C‹‹
[1;30m   [31mﬁ[0;31m≤€€€€€€€€€€≤≤[41m   [1m∞±[40m›[m
[A[33C   [32m±[m€€€€‹
[1;30m    [31;41m›[0;31m≤€€€€€[1;41m‹‹‹ﬂ[0;31m≤≤€€≤[1;41m∞±‹[m
[A[23C[1;31m‹[m            [32m±[m€€€€€›
[1;30m   [31mﬁ[0;31m≤[1;41m‹‹‹ﬂﬂﬂ    [0;31m€≤≤[41m [40m€€€€€€€
[A[26C€‹[m        €€€€€€€
[1;30m   [31mﬂ€[0;31m≤€€€€[41m     [40m€≤≤≤[41m   [1m∞±‹[m
[A[25C[m  [31mﬂﬂ›[1;30m   [m__‹‹[1;30;47mﬂﬂﬂﬂ[m‹‹‹
     [1;31mﬂ[41m‹[0;31m≤€€€[41m    [40m€≤[41m     [1m∞±[m
[A[24C[1;31m›[30m [m [1;30m  [0;43mﬂﬂﬂﬂ[33;40m‹‹[37;43mﬂﬂﬂﬂﬂ[m
[A[40C[43mﬂﬂﬂﬂ[m
       [1;31mﬂ[41m‹[0;31m≤€€[41m [1m‹‹‹[0;31m≤€€€€€[1;41m∞‹[m
[A[24C[m    [33mﬂﬂﬂﬂﬂ€€€€€€€ﬂﬂﬂﬂ
[m         [1;31mﬂ[41m‹[40mﬂﬂ[30m   [31;41m∞[0;31m€€€€≤€€€‹
[A[26C[m        [33m€€€€›[1;30m  [m
      [31m‹ﬂ[m        [1;31;41m∞[0;31m€€€≤€€€€€[m
[A[34C[33mﬁ€€€[m
     [31m€€[m       [31m‹€€€€€≤€€€€[m          [33m€€›
[A[38C[m
     [31mﬂ€€‹[1;30m  [0;31m‹‹€€€€€[1m€[30m [0;31mﬂ€€€€›
[A[26C[m         [33mﬁ€[m
       [31mﬂ€€€€€€€ﬂ[1mﬂﬂ[30m  [0;31m‹€€€€[m         [33m‹€€€‹
[A[39C[1;30m  [m
[m

Downloaded From P-80 International Information Systems 304-744-2253
