[40m[2J[0;34mÚÄÄÄÄÄÄÄÄÄÄÄÄÄÄÄÄÄÄÄÄÄÄÄÄÄÄÄÄÄÄÄÄÄÄÄÄÄÄÄÄÄÄÄÄÄÄÄÄÄÄÄÄÄÄÄÄÄÄÄÄ[s
[uÄÄÄÄÄÄÄÄÄÄÄÄÄÄÄÄÄÄ¿³[1;44m°±²               [31mÄÄÄÍÍÍ[0;31;44mÍÍÍ[40m[s
[u[44m[1;34mEMERGENCY FOLD SYSTEM[0;31;44mÍÍÍ[1mÍÍÍÄÄÄ             [40m[s
[u[44m     [34m°±²[0;34m³ÃÄÄÄÄÄÄÄÄÄÄÄÄÄÄÄÄÄÄÄÄÄÄÄÄÄÄÄÄÄÄÄÄÄÄÄÄÄÄÄÄÄÄÄÄÄÄÄ[s
[uÄÄÄÄÄÄÄÄÄÄÄÄÄÄÄÄÄÄÄÄÄÄÄÄÄÄÄÄÄÄÄ´³[31C[1;31mÄÍÍ[0;31mÍ[1;34mProfile[s
[u[0;31mÍ[1mÍÍÄ[20C[37mú[11C[0;34m³³    [37mú[11C[1mú[61C[0;34m³³[s
[u[8C[1;31mÚÄÄÄÄÄÄÄÄÄÄÄÄÄÄÄÄÄ¿[28C[30mú[22C[0;34m³³  [1;37mú[5C[31m[s
[u³ [35mPRESSURE SENSOR [31mÃÄÄÄÄÄú [0;5;30;44mÛ[43C[0;34m³³[8C[1;31m[s
[uÀÄÄÄÄÄÄÄÄÄÄÄÄÄÄÄÄÄÙ   [0;34mÜÜ² [5mÛ [0;34mÛÜÜ[30C[1;30mú[8C[0;34m³[s
[u³[5C[1;30mú[23C[0;34mÛ[1;35;44m²[0;34mÛÜ [5;30;44mÛ[1C[0;34mÜÛ[s
[u[1;35;44m²[0;34mÛ    [37mú[13C[1;30mú[19C[0;34m³³[15C[1;37mú[13C[s
[u[0;34mÛ[1;35;44m±[0;34mÛÜ [5mÛ [0;34mÜÛ[1;35;44m±[0;34m²[15C[s
[u[1;37mú[22C[0;34m³³[6C[37mú[19Cú  [34m²[1;35;44m°[0;34mÛÜ [s
[u[5;30;44mÛ[1C[0;34mÜ²[1;35;44m°[0;34mÛ[38C³³[29C²[1;35;44m°[40m[s
[u[44m[0;34mÛÜ [5mÛ [0;34mÜÛ[1;35;44m°[0;34m²[38C³³[5C[1;31mÚÄÄÄÄÄÄ[s
[uÄÄÄÄÄÄÄÄÄÄÄ¿[5C[30mÜ[0;34mßßÜ [5;30;44mÛ[1C[0;34mÜßß[5C[1;31mÚÄÄÄÄ[s
[uÄÄÄÄÄÄÄÄÄÄÄÄ¿[6C[30mú[9C[0;34m³³[5C[1;31m³ [35mFOLD SYSTEM TAP [s
[u[31mÃÄÄú [0mÛ  Ü[1;30mßßßßß[0mÜ  [1;31múÄÄÄ´ [35mMOUNT BRACKETT [s
[u[31m³[16C[0;34m³³[5C[1;31mÀÄÄÄÄÄÄÄÄÄÄÄÄÄÄÄÄÄÙ    [0mú   ß   ß[7C[s
[u[1;31mÀÄÄÄÄÄÄÄÄÄÄÄÄÄÄÄÄÙ[16C[0;34m³ÃÄÄÄÄÄÄÄÄÄÄÄÄÄÄÄÄÄÄÄÄÄÄÄÄÄÄÄÄÄÄÄÄÄÄÄ[s
[uÄÄÄÄÄÄÄÄÄÄÄÄÄÄÄÄÄÄÄÄÄÄÄÄÄÄÄÄÄÄÄÄÄÄÄÄÄÄÄÄÄÄÄ´³   [1;32mThe Emergency Fold [s
[uSystem is really a pressure sensor, after the shields   [0;34m³³ [1;32ma[s
[ure breached, the Emergency Fold System Taps into your fold systems and[6C[s
[u[0;34m³³ [1;32mexecutes a hyperspace jump to a random sector.  Sometimes[s
[u, it may put you    [0;34m³³ [1;32minto a worse situation.  This one is [s
[uinvoked by Enemy Mechs or Enemy Players [0;34m³³ [1;32mwarlike actions t[s
[uhat result in shield destruction, truly a last resort![6C[0;34m³³[78C³À[A
[1CÄÄÄÄÄÄÄÄÄÄÄÄÄÄÄÄÄÄÄÄÄÄÄÄÄÄÄÄÄÄÄÄÄÄÄÄÄÄÄ´[1;31m..[0;31m.[1mPress[0;31m[A
[49C.[1mANY[0;31m.[1mkey[0;31m.[1mto[0;31m.[1mContinue[0;31m.[1m..[A
[72C[0;34mÃÄÄÄÄÄÄÙ[0m

Downloaded From P-80 International Information Systems 304-744-2253
