[40m[2J[5C[0;35mлпппппппппппппппппппппппппппппппппппппппппппппппп[s
[uпппппппппппппппппл[2H[5Cл [36mЩЭЭЭЭЭЭЭЭЭЭЭЭЭЭЭЭЭЭЭЭЭЭЭЭЭЭЭЭЭЭЭЭ[s
[uЭЭЭЭЭЭЭЭЭЭЭЭЭЭЭЭЭЭЭЭЭЭЭЭЭЭЭЭЭЛ [35mл[3H[5Cл [36mК[26C[1;35mо[s
[uн[33C[0;36mК [35mл[4H[5Cл [36mК[25C[1;35mлл[34C[0;36mК [s
[u[35mл[5H[5Cл [36mК[11C[1;35mмммммммллллллллллллллллллллллллл[s
[uлмммммм[11C[0;36mК [35mл[6H[5Cл [36mК    [1;35mммлллллллллл[s
[uлллллллллллллллллллллллллллллллллллллллмм    [0;36mК [35mл[7H[s
[u[5Cл [36mК[6C[1;35mппппплллллллллллллллллллллллллллллллллллллл[s
[uлппппп[6C[0;36mК [35mл[8H[5Cл [36mК[18C[1;35mпппллпппппппп[s
[uппппппппппппп[17C[0;36mК [35mл[9H[5Cл [36mК[11C[1;35mммммм[s
[uмллллллллллллллллллллллллллллммммм[11C[0;36mК [35mл[10H[5Cл [s
[u[36mК    [1;35mммллллллллллллллллллллллллллллллллллллллллллллллл[s
[uллмм    [0;36mК [35mл[11H[5Cл [36mК[6C[1;35mппппплллллллллл[s
[uлллллллллллллллллллллллллллллппппп[6C[0;36mК [35mл[12H[5Cл [s
[u[36mК[17C[1;35mллпппппппппппппппппппппппппп[16C[0;36mК [35mл
[13H[5Cл [36mК[11C[1;35mмммммллллллллллллллллллллллллллллмммммм[s
[u[11C[0;36mК [35mл[14H[5Cл [36mК    [1;35mммлллллллллллллллл[s
[uлллллллллллллллллллллллллллллллллмм    [0;36mК [35mл[15H[5Cл [s
[u[36mК[6C[1;35mппппплллллллллллллллллллллллллллллллллллллллппппп[s
[u[6C[0;36mК [35mл[16H[5Cл [36mК[13C[1;35mлл  пппппппппппппп[s
[uпппппппппппппп[16C[0;36mК [35mл[17H[5Cл [36mК[12C[1;35mон[s
[u[20Cп[26C[0;36mК [35mл[18H[5Cл [36mК[21C[1;35mмпппм лмппп[s
[uм л мпппм[20C[0;36mК [35mл[19H[5Cл [36mК[21C[1;35mлппп  лм[s
[u   л л л   м[20C[0;36mК [35mл[20H[5Cл [36mК[22C[1;35mпппп [s
[uл ппп  п  ппп[21C[0;36mК [35mл[21H[5Cл [36mШЭЭЭЭЭЭЭЭЭЭЭЭЭЭЭЭ[s
[uЭЭЭЭЭЭЭЭЭ  [1;35mл  [0;36mЭЭЭЭЭЭЭЭЭЭЭЭЭЭЭЭЭЭЭЭЭЭЭЭЭЭЭЭЭЭЭМ [35m[s
[uл[22H[5Cлммммммммммммммммммммммммммммммммммммммммммммммммммммммм[s
[uммммммммммл[23H[57C[1;30mMichael Arnett[0m

Downloaded From P-80 International Information Systems 304-744-2253
