[30;40m
[40m[2J[0;30;47m                                      [40m[s
[u[47m                                                 [40m[s
[u[47m                        ‹‹€€€€€€€€€€‹‹           [40m[s
[u[47m                                                 [40m[s
[u[47m     €€€€€€€€€€€€€€€€‹                           [40m[s
[u[47m                                   €€€€€€[40m[s
[u[1;33;40m˛[0;30;47m€€€€[1;33;40m˛[0;30;47m€€€€€€  [40m[s
[u[47m                                                 [40m[s
[u[47m          ‹€€€€€€€€€€€€€€€€€€                    [40m[s
[u[47m                                         €€€€€€€€[40m[s
[u[47m€€€€€€€€€€€‹                                     [40m[s
[u[47m                     ‹€€€€€€€€€€€€€€€€€€€€€€‹‹   [40m[s
[u[47m                                               ‹‹[40m[s
[u[47m‹€€€€€€€€€€€€€€€€€€€€€€€€€€€€€€‹‹‹               [40m[s
[u[47m                        ‹‹€€€€[1;31;40m‹‹[s
[u[0;30;47m€€€€€€€€€€€€€€€€€€€€€€€€€€€€€€[1;31;40m‹‹[s
[u[0;30;47m€€€€€‹‹                               ‹€€[40m[s
[u[1;31;40m‹‹€€€€€€‹[0;30;47m€€€€€€€€€€€€€€€€€€€€€€€[40m[s
[u[1;31;40m‹‹‹€€€€€€€€‹‹[0;30;47m€€€€‹‹‹€ﬂ€           [40m[s
[u[47m         ‹€€[1;31;40m‹€€€€€€€€€€ﬂﬂ€€‹‹[0;30;47m[40m[s
[u[47m€€€€€€€€€€€€[1;31;40m‹‹‹€€€€ﬂ[0;30;47m€[40m[s
[u[1;31;40mﬂﬂ€€€€€€€€€€‹‹‹[0;30;47m€€ €€              [40m[s
[u[47m     €€[1;31;40mﬂ€€€€€[0;30;47m€€€€€€€€[40m[s
[u[1;31;40m€€€€€€€€€€€€€€€€€€€€ﬂﬂ[0;30;47m€€ﬂﬂ€€€€€€[40m[s
[u[1;31;40mﬂﬂﬂﬂﬂﬂﬂ€€€[47mﬂ[0;30;47m€€‹               [40m[s
[u[47m     ﬂ€[1;31;40mﬂﬂ€€€€€€‹‹‹[0;30;47m€€[40m[s
[u[1;31;40m€€€€€€€€€€€€€€€€€€ﬂ[0;30;47m€              [40m[s
[u[47m    ﬂ€[1;31;40mﬂ[0;30;47m [1;31;40mﬂﬂ[s
[u[0;30;47m€                       ﬂﬂﬂﬂﬂ€[1;31;40m‹€€€€[s
[u[0;30;47m€[1;31;40mﬂﬂﬂﬂﬂ[0;30;47m€€[1;40m‹‹‹‹‹‹‹[s
[u[0;30;47m€€[1;31;40mﬂﬂ[0;30;47m€                   [40m[s
[u[47m €€ €€                            ‹[1;31;40m‹[s
[u[0;30;47m€[1;31;40mﬂ€€€[0;30;47m€[31;40m€€€€€€[s
[u[30;47m€[1;40m€‹‹[0;30;47m€€€[1;40m€[0;30;47m€[40m[s
[u[31;40m€€€[30;47m€                    €€ €€         [40m[s
[u[47m‹‹€[33;40m‹‹‹‹‹‹‹‹‹‹[30;47m€‹‹   €[1;31;40mﬂﬂﬂﬂﬂ[s
[u[0;30;47mﬂ€[31;40mﬂﬂﬂﬂﬂﬂ[30;47m€[1;40m€‹‹‹‹‹€[s
[u[0;30;47m€[31;40mﬂﬂ[30;47m€ﬂ                    €€ [40m[s
[u[47m€€        €€[33;40mﬂ€€‹‹[30;47m€€€€€€[33;40mﬂ€ﬂ[s
[u[30;47m€‹         €€€€€€€€€€€€€€€€€€€                [40m[s
[u[47m     €€ €€        €[33;40m±‹‹‹[30;47m€[33;40mﬂﬂﬂﬂﬂﬂ[s
[uﬂﬂﬂ[30;47m€[33;40m±[30;47m€         €€€€€€€€€€€€€€€[40m[s
[u[47m€€€€          ‹‹‹        €€ €€        €[33;40m±±≤≤≤≤≤[s
[u≤≤≤≤≤≤≤±±[30;47m€         €€€€€€€€€  €€€€€€€€        [40m[s
[u[47m  € ﬂ€€‹     €€ €€        €[33;40m±±±≤≤≤≤≤≤≤≤≤±±±±[s
[u[30;47m€         €€€€€€€ﬂ   ﬂ€€€€€€€          €  €€€€[40m[s
[u[47m€‹‹‹€€ €€        €[33;40m±±±±≤≤≤≤≤≤±±±±±±[s
[u[30;47m€       ‹€€€€€€€€     ﬂ€€€€€€€         €  €€€€[40m[s
[u[47m€€€€€€€€€        €[33;40mﬂ±±±±≤≤≤≤≤≤≤≤≤±±[s
[u[30;47m€      €€€€€€€€€ﬂ      €€€€€€€€€‹      €  €€€€[40m[s
[u[47m€€€€€€€€€         ﬂﬂ€[33;40mﬂﬂﬂﬂﬂﬂﬂﬂﬂ[30;47m€ﬂﬂ[40m[s
[u[47mﬂ    ‹€€€€€€ﬂﬂ          ﬂﬂ€€€€€€€€€‹   €‹‹€€€€€€€[40m[s
[u[47m€€€€€€       [52D[1;37;40m(c) Magic-MARK-er Graphics[s
[u [0m

Downloaded From P-80 International Information Systems 304-744-2253
