[40m[2J[2H[3H[4H[5H[6H[6C[0;35mÚÄÄÄÄÄÄÄÄÄÄÄÄÄÄÄÄÄÄÄÄÄÄÄÄÄÄÄÄ[s 
[uÄÄÄÄÄÄÄÄÄÄÄÄÄÄÄÄÄÄÄÄÄÄÄÄÄÄÄÄÄÄ¿[7H[6C³[33;45mÛÛÛßß   Þ Ýßß[40m[s 
[u[40mÝ Ý[30;47mÜ[33mÝÝÝ ÞÞ ÝÝÞ Þ ÝÝÞ ÝÝÞ Þ Ý[30mÜ[33;40mÝÝ[s 
[u[30;45mß[33mÞ Þ ÝÞ   ÛÛÛÛ[35;40m³[8H[6C³[33;45mÝÞ      [40m[s 
[u[45m        [30mß[47mÛÛÜ                  ÜÛÛ[45mß       [40m[s 
[u[45m      [33mÝÞÛ[35;40m³[9H[6C³[45m    [1;31m°°°°°°° [40m[s 
[u[45m       [0;30;45mßÛÛ[47mÜ            ÜÛÛ[45mß        [40m[s 
[u[45m[1;31m°°°°°°°    [0;35m³[10H[6C³[45m   [1;30mßÜ Ü[40m[s 
[u[45m[31m°°°°°°         [0;30;45mß[47mÛÜ        ÜÛ[45mß  [40m[s 
[u[45m       [1;31m°°°°°°[30mÜ Üß   [0;35m³[11H[6C³[45m [40m[s 
[u[45m    [1;30mßÜßÜßÜÜÜ[0;30;45mÜÜÜÜÜ      ßÛ[47m      Û[40m[s 
[u[45mß      ÜÜÜÜÜ[1mÜÜÜßÜßÜß     [0;35m³[12H[6C³[45m    [40m[s 
[u[45m   [1;30mßÜß[0;30;45mÜ[47mßß[1;34mÜ[44mÛ[0;34;47mÛ[40m[s 
[u[47mÛ[44m [1;37;40mÜ[0;30;47mß[45mÜ    Þ[47m      [45m[40m[s 
[u[45mÝ    Ü[47mßß[1;34mÜ[44mÛ[0;34;47mÛÛ[44m [1;37;40mÜ[s 
[u[0;30;47mß[45mÜ[1mßÜß       [0;35m³[13H[6C³[45m       [40m[s 
[u[45m  [30mþ[47mÜ\ [1;34mßÛ[44mÛÜÜÜ[0;30;47m/ [45mßÜ   [40m[s 
[u[45m[37mÞ[47m    [45mÝ   [30mÜß[1;47m\  [34mßÛ[44mÛÜÜ[40m[s 
[u[44mÜ[0;30;47m/Ü[45mþ         [35;40m³[14H[6C³[45m    [40m[s 
[u[45m      [1;30m-[0;30;45mßßßßßßßßß [1m;;;   [47m    [40m[s 
[u[45m   ;;; [0;30;45mßßßßßßßßß[1m-          [0;35m³[15H[6C³[s 
[u[1;30;45m°°°[35m°°°°                    [47m    [45m     [40m[s 
[u[45m             °°°°[30m°°°  [0;35m³[16H[6C³[45m  [40m[s 
[u[45m[1;30m°°°[35m°°°°°                 [47m    [45m     [40m[s 
[u[45m        °°°°°°°[30m°°°    [0;35m³[17H[6C³[45m    [40m[s 
[u[45m[1;30m°°°[0;31;45m°°°[1;35m°°°°°            [47m    [40m[s 
[u[45m         °°°°°[0;31;45m°°°°[1;30m°°°      [0;35m³[18H[6C[s 
[u³[45m      [1;30m°°°[0;31;45m°°°°[1;35m°°°°         [40m[s 
[u[0;45mÞ[47m    [45mÝ      [1;35m°°°°°[0;31;45m°°°°[40m[s 
[u[45m[1;30m°°°        [0;35m³[19H[6C³[45m        [31m°°[40m[s 
[u[45m°°°°°°°         [47m      [45m      °°°°°°°°°      [40m[s 
[u[45m[30m.\\  [35;40m³[20H[6CÀÄÄÄÄÄÄÄÄÄÄÄÄÄÄÄÄÄÄÄÄÄÄÄÄÄÄÄÄÄÄÄÄ[s 
[uÄÄÄÄÄÄÄÄÄÄÄÄÄÄÄÄÄÄÄÄÄÄÄÄÄÄÙ[21H[22H[23H[0m
