[0;40;37m[1;44;37m                        [1;44;36mF  [1;41;36m [0;41;37m[Q] Quit to Main Menu  [M] Memorial Messages       
[0;44;37m      Jabbacratic       [1;44;36mI  [1;41;37mмммммммммммммммммммммммммммммммммммммммммммммммммммм
[1;44;37m                        [1;44;36mL  [1;41;37mлллллллллллллллллллллллллллллллллллллллллллллллллллл
[1;44;37m     кТПкФПкФПкФПкФП    [1;44;36mE  [1;41;36m [1;41;37m[L] Examine File Archives  [N] New files           
[1;44;37m      Г Г ГГ ГГ УД Г       [1;41;37mмммммммммммммммммммммммммммммммммммммммммммммммммммм
[1;44;37m     кХФХФХДФДГФДУФД       [1;41;37mлллллллллллллллллллллллллллллллллллллллллллллллллллл
[1;44;37m     ГГ С ГГ ГГ ГГ Г    [1;44;36mM  [1;41;36m [1;41;37m[S] Search for a File  [R] Examine a Bill          
[1;44;37m     Рй   СРФССФйС С    [1;44;36mE  [1;41;37mмммммммммммммммммммммммммммммммммммммммммммммммммммм
[1;44;37m                        [1;44;36mN  [1;41;37mлллллллллллллллллллллллллллллллллллллллллллллллллллл
[1;44;37m        [0;44;37mand proud       [1;44;36mU  [1;41;36m [1;41;37m[V] Read the Small Print  [H] Help level           
[1;44;37mммммммммммммммммммммммммммм[1;41;37mмммммммммммммммммммммммммммммммммммммммммммммммммммм
ллллллллллллллллллллллллллллллллллллллллллллллллллллллллллллллллллллллллллллллл
[D] Embezzle a File  [U] Submit a File  [E] Edit Marked list  [?] Help         
ммммммммммммммммммммммммммммммммммммммммммммммммммммммммммммммммммммммммммммммм
ллллллллллллллллллллллллллллллллллллллллллллллллллллллллллллллллллллллллллллллл
[F] File Transfer Info  [I] Get the Lowdown on a File  [S] Your File Stats     
ммммммммммммммммммммммммммммммммммммммммммммммммммммммммммммммммммммммммммммммм
ллллллллллллллллллллллллллллллллллллллллллллллллллллллллллллллллллллллллллллллл
[G] Go Campaigning        [1;41;37mPEACE THROUGH JABBACRACY                             
[0;41;30mммммммммммммммммммммммммммммммммммммммммммммммммммммммммммммммммммммммммммммммм
[1;40;36mWhat's your decision, Senator?