[40m[2J[8C[0;1;36mЮЬ ЬЭ Ь[60C[35mЬЬ
   [36mЮЬ ЭЬЬЯЯЯЯЫЬ ЬЭ    [35mЬЬЬЬЬЬЬЬЬЬЬЬЬЬЬЬЬЬЬЬЬЬЬЬЬЬЬЬЬЬЬЬЬЬЬЬЬЬЬЬЬЬЬЬ[7CЮЯ[33mЬЬ[35mЯЭ
  [36mЬ ЫЬЯ[30mЬЬЯЯЯЯЬЬ[36mЯЫ  Ь  [35mЫ [33mЬЬЬЬЬЬЬЬЬЬЬЬЬЬЬЬЬЬЬЬЬЬЬЬ ЬЬЬЬЬЬЬЬ ЬЬЬЬЬЬЬЬ[35mЯЬ[5CЮ[33mЮЫЫЭ[35mЭ
   [36mЫЯ[30mЬЯ[8CЯЬ[36mЯЫ Ь [35mЫЬЬЬЬЬЬЬЬЬЬЬ  [33mЬЬЫЫЫЫЫЫЫЯЯЬЫЫЫЫЫЫЫЫЫ ЫЫЫЫЫЫЫЫЫЬ[35mЯЬ   Ю[33mЮЫЫЭ[35mЭ
  [36mЯЭ[30mю[12Cю[36mЯЫ[8C[35mЬЬЯЯ[33mЬЬЫЫЫЫЫЫЫЯЯ[35mЬ [33mЬЫЫЫЫЯ[35mЬЬ[33mЮЫЫЫ ЫЫЫЫЭ[35mЬ[33mЯЫЫЫЫЬ[35mЯЬ  Э[33mЫЫ[35mЮ
 [36mЬЫ[30mЮ[14CЭ[36mЫЬ   [35mЬЬЯЯ[33mЬЬЫЫЫЫЫЫЫЯЯ[35mЬЬЫЯ[33mЬЫЫЫЫЯ[35mЬЫЬЫ[33mЮЫЫЫ ЫЫЫЫЭ[35mЫЯ[33mЬЫЫЫЫЯ[35mЬЯ Э[33mЬЬ[35mЮ
   [36mЭ[30mЭ  [31mЬЬЬЬЬЬЬ   [30mЮ[36mЮЭ  [35mЫЯ[33mЬЬЫЫЫЫЫЫЫЫЫЬЬЬЬЬ ЬЫЫЫЫЯЬЬЬЬЬЬЮЫЫЫ ЫЫЫЫЭЬЫЫЫЫЯ[35mЬЯ  Ю[33mЮЫЫЭ[35mЭ
 [36mЬЫЭ[30mЭ[31mЬЫЯЯЫЫЫЯЯЫЬ [30mЭ[36mЫЬЯ [35mЫЬЬЬЬЬЬЬЬЬЬЬЬЬЬЬ [33mЬЫЫЫЫЯ[35mЬЬЬЬЬЬЬЬ[33mЮЫЫЫ ЫЫЫЫЭ[35mЬЬЬЬЬЯ[5CЭ[33mЯЯ[35mЮ
  [36mЫЮ[31mЮЭ[37mЬЫЫЬ[31mЯ[37mЬЫЫЬ[31mЮЭ[36mЮЯ[18C[35mЫЬЬЬЬЬЬЯ[7CЫЬЬЬЬЬЬЬЬЬЬЫ[10CЯЯЯЯ
 [36mЬ Э[31mЫ[37mЮЫЫЫЫЮЫЫЫЫЭ[31mЫ[36mЮЫЯ
  ЫЭ[31mЫ[37mЮЫЫюЫЮЫюЫЫЭ[31mЫ[36mЮЭЬ[19CЬЮ  Ю ЬЭ
ЬЫЭЯ[31mЮЬ[37mЯЫЫЯ[31mЬ[37mЯЫЫЯ[31mЬЭ[36mЯЯЬ[16CЯЬЬ ЫЫ ЭЫЫЬ ЮЬ
 Ы [31mЫЬЫЫ ЬЫЫЫЬЬЫЫЬЫЭ[36mЫЯ[17CЫЯЯЯЯЯЯЯЯЯЫЭ
 Ю[31mЮЭЫЯЭЫЫЫЫЫЮЯЫЫЭЬЫ[36mЮ Ь[14CЯЬЭ[0mЫ[30;47m...ю[1;40mЫЫЫЫ[36mЮ Э  Ю   Э
 Ы[31mЮЫЮЭЫЬЯЯЯЬЫЭЬЫЮЫЭ[36mЫЯ[17CЭ[0mЭД[1;36m-[0mДЮ[1;30mЫЫЫЫ[36mЮЬЫЬЬЫЫЬЫ Э
  Э[31mЫЫЭ[0mЬ[1;31mЯЯЯЯЯ[0mЬ [1;31mЭЫЫЫ[36mЮЫЬ[15CЬ Э[0mЭД[1;36m-[0mДЮ[1;30mЫЯ[0mЬЬЬЬЬЬЬЬЬ[1;36mЯЫЫЬ
 ЬЯЬ[31mЯЭ[0mЭ[1;47mЬ[0mЭ[1;47mЬ[0mЭ[1;47mЬ[0mЭЭ[1;31mЭ[36mю[31mЯ[36mЬЫЯ ЮЬ ЬЭ  ЬЭ ЬЫ   ЬЫЭ[0mЭ   Ю[1;30mЫ[0mЮ[1;30mЪДДДДДДД [47mЮ[40mЭ[36mЫЬЬ
   ЬЭ[31mЭ[37mЭЫЭЫЭЫЭЭ[31mЭЬ[36mЯЫЫЫЯЯЯЯЯЫЬЫЫЯЯ[31mЬ[36mЯЯЯЫЯЫЭ[0mЭ   Ю[1;30mЫ[0mЮі[1mюЯ[6C[30;47mЮ[40mЫ[36mЮЯ
   ЬЭ[31mЭ[37mЯ[31mЬЬЬЬЬ[37mЯ[31mЮЯЫЫЬ [35mЬЫЫЫЫЭ[31mЬЬЬЬЬЫЫЫЯ [36mЫ ЮЭ[0mЫ[30;47mєєє[37;40mЫ[1;30mЫ[0mЮі[8C[1;30;47mЮ[40mЫЭ[36mЭЭ
  ЬЯЫ[31mЮЫЫЬЬЬЫЫЭ[36mЫЬ[31mЯЯ[35mЮЫЫЫЫЫЭ[31mЫЫЫЫЫЭЫЫ[36mЮЯ  ЭЭ[0mЫ[30;47mєєє[37;40mЫ[1;30mЫ[0mЮі[8C[1;30;47mЮ[40mЫЫ[36mЮЬ
    ЮЬ[31mЯЫЫЫЫЫЯ[36mЬЫЭ[35mЬЫЫЫЫЫЬ[0;35mЬ [1;36mЬЬЬЬЬЬЬЬЫЯ   Э[0mЫ[30;47mєєє[37;40mЫ[1;30mЫ[0mЮі[8C[1;30;47mЮ[40mЫЭ[36mЭ
    ЬЯЫЬЬЬЬЬЯ Ы[35mЮЫЫЫЫЫЫЫЫ[45mЫ[40mЬ[36mЯЬ Я ЯЭ ЭЯЫЬЭ[0mЫ[30;47mєєє[37;40mЫ[1;30mЫ[0mЮАДДДДДДД [1;30;47mЮ[40mЫ[36mЮЯ Э
[6CЯЭ ЮЯЬ  Ю[35mЮЫЯ[45mЯ[40mЫЫЫЫЫЫЫЫЬ[36mЮ[5CЯ  ЫЭ[0mЫ[30;47mИКј[37;40mЫ[1;30mЫ[0mЮЫЫЫЫЫЫЫЫЫ[1;30;47mЮ[40mЭ[36mЫ Ь
[15CЭ[35mЫЫ[0;35mЬЯ[1;45mЯ[40mЫЫЫЫЫЫЫЭ[36mЫЬ Ь [0;33mЬЫЫЬЬЬ[1;30mЯЯЯ[0mЬЬЬЬЬЬЬЬЬЬЬЬЬ[1;30mЯ [0;33mЬЬЬ
[14C[1;36mЯЫ [31mЬЬ[36mЮЬ[0;35mЯ[1;45mЯ[40mЫЫЫ[45mЯ[40mЯ[34mЮЬ[36mЮЫ[0;33mЬЫЫЫЫЫЫЫЫЭ[37mЯЯ[33mЬЬЬЬЬЬЬ[37mЯЯЯЯ  [33mЬЫЫЫЭ
[16C[1;36mЭ[31mЫЫ[36mЮ[37mЬ[36mЯЬ[0;35mЯЫЯ[34mЬЫЫ[1;44mЯ[40mЫ[36mЮ[0;33mЯЯЯЯЯЯЯЯЯЯЯЮЫЫЫЫЫЫЫЭЯЯЯЯЯЯЯЯЯЯ[1;36mЬ ЬЭ Э
[13CЬ  Э[31mЫЫ[36mЮ ЬЯ[34mЬ[0;34mЬЫЫЫЫЫ[1;44mЮ[40mЭ[36mЭЬ    [0;33mЭ    ЮЫЫЫ[1;37;47mЯ[0;33mЫЫЫЭ   Э    Ю[1;30mАї[36mЯЯЯЫ
[14CЫЯ [31mЫЫ[36mЮЯ[34mЬ[44mЯ [0;34mЫЫЫЫЫЫЫ[1;44mЫ[36;40mЮЬ[0;33mЯЯ[1;36mЬ[0;30;43mї[33;40mЭ[5CЯЯЯ[1;30;47m±[0;33mЯЯЯ    [30;43mЪДДДДї[1;36;40mЮ[30mіЮЫЭ[36mЭЬ
[14CЮ[31mЮЫЫЬ[36mЮ[34mЮ[44m [0;34mЫЫЫЬЯЫЫЫЫЭю[1mЬ[36mЯЯЬ[0;30;43mі[33;40mЭ[1;36mЬ[5C[0;33mЬЬ[1;30;47mІ[0;33mЬЬ[5C[30;43mі[33;40mЫ[30;43mДД[33;40mЫ[30;43mі[1;36;40mЮ[30mА[0mю [1;30mЭ[36mЫ
[13CЯЯЭ[31mЫЫЫ[36mЮ[0;34mЮЫЫЫЬ [1;36mЬЬ[0;34mЯЫЫЫЭЫ[1;44mЯЫ[40mЭ[36mЫЯ[5C[0;33mЮЫЫ[1;30;43mЯ[0;33mЫЫЭ    [30;43mі [33;40mЫЫЫ[30;43mі[1C[1;36;40mЮ[30mЮЫЭ[36mЭ
[15CЫЬЬЬ Э[0;34mЫЫЫЫЭ[1;36mЭ ЯЬ[0;34mЯЫЫЫЫЫ[1;37mЮЬ[36mЮ[8C[30mє[7C[0;30;43mАДДДДЩ[1C[1;36;40mЫЬЬЬЫЬ
[14CЯ  юЬЯ [0;34mЯЯЯЯЫ[1;36mЮ ю ЯЬ [0;34mЯЯ[30;47mЯ[1;37mю[40mЫ[36mЮ[5C[30mЙННОНН»[9C[0;33mЮ[1;36mЯ ЮЫ Я
   [0;36m(C)DH'92[6C[1mЬ [37mЬ[47m~~[0;30;47mД[37;40mЬЫЬ[1;36mЮ  ЬЬ [37mЬ[47m~[0;30;47mД [1;37mЮ[40mЭ[36mЭ[5C[30mў  ”  ў[12C[36mЮ
[17CЭ[37mЫ[47mЬЬЬЬ_ Ь[0mЭ[1;36mЯ  Э[37mЮ[47mЫЫЬЬ[40mЯ[36mЬЯ
[18C[37mЯЯЯЯЯЯЯ[0m[255D[0m
