[40m[2J[13C[0;1m˙[7C[0m‹    ﬂ‹[16C‹ﬂ    ‹[16C[1m.[2;1H[22C[s
[u[0m‹[5Cﬂ‹[5Cﬁ›[5C‹ﬂ[5C‹[3;1H[23Cﬂ  €€€‹ ≤   ﬂﬂ   ≤ ‹€€€  ﬂ
[4;1H[7C[1m.[21C[0mﬂﬂ‹≤ ‹‹‹‹ ≤‹ﬂﬂ[14C[1m.[5;1H˙[17C.[13C[s
[u[0m›ﬂ    ﬂﬁ[6;1H[29C[1m.  [0mﬁ[6C›[7;1H[13C[1m.[19C[0mﬂ[s
[u‹‹‹‹ﬂ[8C[1m.[23C˙[8;1H[9;1H[10;1H.[16C.    [44m      [40m[s
[u[44m [0;30;44mﬁ[2C›       [2C        [12C[1;37;40m.[12C˙
[11;1H[7C˙[14C[0;30;44m›       [2C       ﬁ[2C        [5C[40m[s
[u[1;37;40m˙[12;1H ‹ﬂﬂﬂﬂﬂﬂﬂﬂﬂﬂﬂﬂﬂﬂﬂ› ‹ﬂ‹ [44m  ﬂ[40m€ﬂﬂﬂﬂﬂ[s
[u[44m‹    ‹[40mﬂﬂﬂﬂﬂﬂﬂﬂ[44m›ﬂ[40m€ﬂﬂﬂﬂﬂ‹   ‹ﬂﬂﬂﬂﬂﬂ›ﬂﬂﬂ€[5C‹ﬂ›
[13;1H ›[14Cﬁ ﬁ   ›[44m   [40m›[6C[44m›  ‹[40mﬂ[7Cﬁ[44m[40m[s
[u[44m ﬁ[40m›[6C› ﬁ[6Cﬁ ﬁ› ﬁ   ‹ﬂ ﬁ[14;1H ›  ‹ﬂﬂﬂﬂﬂﬂ› ﬁﬂﬂ  › ﬁ [s
[uﬁ[0;30;44m›  [1;37;40m› ﬁ[44mﬂﬂ[2C[40mﬁ[44m  ﬂﬂ[40mﬂﬂ› ﬁ[s
[u[44mﬂﬂﬂ  [40m› ﬁﬂﬂ  ﬁ › ‹ﬂﬂﬂﬂ   › ﬁ ‹ﬂ  ‹ﬂ[15;1H €  ﬂ‹[5C› ﬁ  [s
[u ﬁ  ›› ›[44m  [40m› ﬁ[44m  [40m› ﬁ[44m    [2C[40m› ﬁ[s
[u[44m     [40m› ﬁ  › ﬁﬁ  ›[7C›  ﬂ  ‹ﬂ[16;1H  €   ﬂ‹   › ﬁ   › ﬁ[s
[u‹ﬁ ﬁ[44m  [40m› ﬁ[44m‹‹[2C[40m›[44m    [2C[40m› ﬁ[s
[u[44m     [40m› ﬁ‹‹  ›ﬁ  ﬂﬂﬂﬂﬂ›  ›    ﬂ‹    .[17;1H   ﬂ‹   €  › [s
[uﬁ  ﬁ[7C[44m› [40m›[5Cﬁ[44m     [2C[40m› ﬁ[44m     [40m[s
[u[40m›[5Cﬁ ﬁ[6Cﬁ   ›[6Cﬂ[18;1H[5C€   € › ﬁ  › ‹‹‹‹‹ ﬁ[s
[u[44m [40m› ﬁ[44mﬂ[40m› ›[44m    [0;30;44mﬁ[2C[40m[s
[u[1;37;40m› ﬁ[44m     [40m› ﬁﬂ› › ﬁ  €ﬂﬂﬂ    › ﬁﬂﬂ‹  ›[19;1H[s
[u[6C€   ›› ﬁ ﬁ  ›   ﬁ  [44m›[40m› ﬁ[44m ﬁ[1C[40mﬁ[44m  [40m[s
[u[44m  [3C[40m› ﬁ[44m     [40m› ﬁ ﬁ ﬁ ﬁ  ›[7C› ﬁ  ﬁ  ﬁ[20;1H[s
[u ‹ﬂﬂﬂﬂ    ›› ﬁ‹› ﬁ[5C› ﬁ› ﬁ[44m  [40m› ﬂﬂ€[44m [3C[40m› ﬁ[s
[u[44m     [40m› ﬁ  › › › ﬂﬂﬂﬂﬂﬂ› › ﬁ   ›  ﬂ›[21;1H[9C€ ›[5C›[s
[u[5Cﬁ    ﬁ[44m  ﬁ[1C[40m‹[44mﬂ  [3C[40m› ﬁ[44m    ﬁ[40m[s
[u[40m› ﬁ  ﬁ ﬁ ﬁ‹[5Cﬁ  › ﬁ   ›  ﬁ[22;1H ﬂﬂﬂﬂﬂﬂﬂﬂ  ﬂﬂﬂﬂﬂﬂ[7Cﬂﬂ[s
[u[44mﬂﬂﬂ   ﬂ   [0;30;44mﬁ[3C[1;37;40mﬂﬂ[44mﬂ    ﬂﬂﬂ[40mﬂ  ﬂﬂﬂ[s
[u   ﬂﬂﬂﬂﬂ   ﬂﬂﬂ   ﬂﬂﬂ[23;1H[14CT H E   U N [44mD I S C O [40m[s
[u[40mV E R [44mE D   C [40mO U N T R Y[24;1H[9C.[16C[s
[u[0;30;44m›        ﬁ[6C        [21C[1;37;40m.[25;1H[36C[0m‹
[26;1H[32Cﬂ‹˛‹€‹˛‹ﬂ
[31Cﬂ€‹ﬂ€ﬂ€ﬂ‹€ﬂ[9C[1m˙
   ˙[15C˙[9C[0mﬂﬂﬂ  ﬂ ‹ ﬂ  ﬂﬂﬂ
[36C‹
[35C€€€[34C[1m˙
[34C[0m€ﬂ ﬂ€[18C[1m.
[14C.[12C[0m˛  ‹‹ﬂﬁ[5C›ﬂ‹‹  ˛[17C[1m˙
[26C[0m/‹ﬂ€ﬂ‹€‹‹€‹€‹‹€‹ﬂ€ﬂ‹\
   [1m.[22C[0m˛   ‹ﬂ‹ﬂﬂ   ﬂﬂ‹ﬂ‹ ﬂ››
[25C˙   ﬁ ﬁ≤[7C≤›ﬁﬂ ﬁﬁ[7C[1m˙
[20C.[7C[0mﬁ  ≤[9C≤  › ››
[28C› ﬁ[10Cﬁ  ﬁ  ﬁﬁ
[10C[1m˙[16C[0mﬁ ›ﬁ  ‹ﬂﬂﬂﬂﬂ‹  ›  ›  ›[25C[1m.
    .[22C[0m›ﬁ ›[14Cﬁ   ›
[26Cﬁ › ›    ‹‹‹[8C›   ›
[12C[1m.[13C[0m›[6Cﬂ€ﬂﬂﬂ€ﬂ[6Cﬁ   ﬁ[13C[1m.
[30mCopyright 1991[7C[37m˙   [0mﬁ[14C›[10C›
[1;30mParamount Pictures[22C[0mﬁ[10Cﬁ[12C[1;30mMichael Arnett[0m
