[2J[0;37;40m[3;6Hњ[9C.   њ    њ[14Cњ     .[7Cњ     .     .   њ[4H    .   њ   њ    .    [34mл[32mл[36mл[31mл   [37mњ     .     .[6Cњ  .   ј    [31mby,     [37mњ[5H[9Cњ .[9Cњн  њ    .[11Cњ    .     .     њ   [s
[u[1;31mJay McGhee[6H     [0;37mњ[10Cњ     н[12Cњ  .[11Cњ[12Cњ  .   њ[7H[6C[1;37mлнолнолнолнълнълнолнолнолнълнолнолнолъолнол[8C[0;37mњ   .[8H     . [47m                                         [40m  њ .  [1;36m621-2536    [0;37mњ  .
[9H    њ  [47m                                         [30mл[37;40m.[8C.[10H  .     [1;30mллллллллллллллллллллллллллллллллллллллл[0;37mњ[7Cњ    .     њ[11H[6Cњ  ллллллллллллллллллллллллллллллллллллл[8C.   њ[7C.[12H[9CлллллG E N I U S ' S[s
[u  P A L A C Eлллл  . њ     њ [1;32m300-1200 BD   [0;37mњ[13H[9Cллллллллллллллллллллллллллллллллллллл.     .[6C[1;35m24HRS[37m/[0;35m7DAYZ[37m.[14H[8CњллллллллллллллллАААААлллллллллллллллл[6Cњ   .[9Cњ   њ[15H[9CллллллллллллллллАААААллл[s
[uллллллллллллл    .    њ   ј[8C.[16H[9CллллллллллллллллАААААлллллллллллллллл њ[7C.[9Cњ     њ[17H[32mАААААААААААААААААААААААА[33mББББББ[32mААААААААААААААААААААААААААААААААААААААААААА[18HААААААААААААААААААААААААА[33mББББББББ[32mАААААААААААА[s
[uАААААААААААААААААААААААААААА[19HААААААААААААААААААААААААААА[33mБББББББББ[32mААААААААААААААААААААААААААААААААААААА[20HАААААААААААААААААААААААААА[33mБББББББББББББ[32mАААААААААААААААААААААААААААААААААА[21HАААААААААААААААААААААААААААА[33mБББББББ[s
[uББББББББББББ[32mАААААААААААААААААААААААААА[22HАААААААААААААААААААААААААААААААА[33mБББББББББББББББББББББ[32mАААААААААААААААААААА[23HААААААААААААААААААААААААААААААААААА[33mББББББББББББББББББББ[32mАААААААААААААААААА[0m
