[40m[2J[37C[0;31m‹‹‹€€€‹[C‹‹[42mﬂﬂﬂﬂ[40m‹[2;37H€€[1;33;41m‹‹‹‹‹‹‹[42m‹[0;31;42m    ‹[40mﬂ[3;26H[1;33m‹‹‹‹‹‹€€[47mﬂ[40m€€€€€€€€€€€€€[47m‹[40m€€€€‹‹‹‹‹[4;21H‹€€€€€€€€€€€€€ﬂ[37m‹€€€€[33;47mﬂ€ﬂ[37;40m€€€€‹[33mﬂ€€€[47mﬂ[40m€€€€€€‹‹‹[A
[5;20H€€€€[47m‹€[40m€€€[47mﬂ[40m€€€ﬂ[37m‹€€€€€€€[0m€[1m€€€€€€€‹[33mﬂ€€€€€€€[47m‹[40m€€€€‹[6;19H€€[47mﬂ[40m€€€€€€€€€€[37m‹€€€€€‹€€€[33;47m‹[37;40m€€€€‹€€€€‹[33m€€€€€€€€€€[47mﬂ[40m€›[7;18Hﬁﬁ[47mﬂ[40m€€€€€€€€€€€€[47m‹‹‹‹‹‹‹‹[40m[A
[40C[40m€€€[47m‹‹‹‹‹‹‹‹[40m€€€€€€€€€€€€[47mﬂ[40m€[8;18H€€€€€€[43mﬂ[40m€€€€[43mﬂﬂﬂ[0;32m€[1;33;43m [30m˙[33mﬂﬂ[40m€€€[43mﬂﬂﬂ [30m˙   [33mﬂﬂ[40m€€€€€[47mﬂ[40m€€€€€€€€€›[9;19Hﬂ€€[43mﬂ[30m ˙    ˙   [0;32;43mﬂ[1;30m        ˙  [40m[A
[44C[43m  [1A[B    [33mﬂﬂﬂﬂﬂﬂﬂ[30m [32m‹[0;32m€[1;33;42mﬂﬂ[40m€ﬂ[10;19H[0;33m‹[1;30;43m   [0;32;43mﬂ[1;30m ˙       ˙   ˙               ˙  ˙   [0;32;43mﬂ[1;30m [0;32;43mﬂ[1;30m˙[0;33m€[11;19Hﬁ[1;30;43m [32mﬂ[0;32m€[43m‹[40m[A
[23C[43m[1;30m   [1A[B[33m‹‹‹‹‹[40m€€€€€[43m‹‹[30m      [33m‹‹‹‹‹‹‹[30m   ˙   [0;32;43m‹[1;42m‹[0;32;43mﬂ‹[1;30m ˙[0;33m›[12;20Hﬂ[1;30;43m  [33m‹‹[40m€€€€€€€€€€€€€€€€€€€€[41m€[40m€€€€€€€€€€€[43m‹‹‹‹[30m   [0;33;41mﬂ[40m[A
[41m[13;19H[1;40m‹€€€€€€€€€€€€€[1A[B€€€€€€€€€€€€[41m€€€[40m€€€€€€€€€€€€[43m≤±∞±[41m›[C[0;32m‹[14;18H[1;33mﬁ›€€€€€€€€€€€€€€€€€€€€€€€€[41m€€€€[40m€€€€€€€€€€€[43m≤≤±∞±≤[15;19H[40m€ﬁ€€€€€€€€€€€€€€€€€€€€€€€€[41m€[40m€[41m€[40m€€€€€€€€€[A
[56C€[43m≤±±∞±≤[40m›[16;20Hﬂ‹€€€€€€€ﬂ[1A[Bﬂﬂﬂﬂﬂ[0;34m€€€€€€€€€€€[1;33;44mﬂﬂ[40mﬂﬂﬂ€€€€€€[43m≤±∞∞±≤[40mﬂ[17;22Hﬂﬂﬂﬂ[9C[0;34mﬁ€€€€€€€€€€€›[10C[1;33mﬂﬂﬂﬂ[18;36H[0;34m€€€€€€ﬁ€€€€[19;36Hﬁ[1;44m≤≤≤≤[0;34m€ﬁ€[1;44m≤≤[0;34m›[20;37H€€€€›[A
[41C€€€€[21;37Hﬁ€€€›€€€›[22;33H[33m‹€€≤≤€€€›[1A[B€€€≤≤€€‹[23;33Hﬂ€€€€€ﬂﬂ[Cﬂﬂ€€€€€ﬂ[14;65H[31m›[B[1D[1D[1;33;41mﬁ[1D›[B[1D[1D[C[0;31mﬂ[1D[1D[1;33;41m‹[1Dﬂ[B[1D[1D[0;31mﬂ[1D[1D[1;33;41m‹[1Dﬂ[1D[1Dﬂ[1D[1Dﬂ[1D[1Dﬂ[40m[A
[58C[41m[1D[1D[0;31mﬂ[1D[1Dﬂ[1D[1Dﬂ[1D[1Dﬂ[1D[1D‹[1A[B[1D[1Dﬂ[1D[1D[C[C€[B[1D€[B[1Dﬁ[B[1Dﬁ[B[1Dﬁ[B[1Dﬂﬂ[1D[1D€€[1D[C[1D‹ﬂ[1D[1D[1D[1D[C[C[C[C[1D [1A‹ﬂ[1D[1D [C[1A[1D[C‹[B[1D[1D [1A[C[1Dﬂ[1D [B[A
[58C[1D[B[1D[1D[B[1D[1D[1Dﬂﬂﬂ[1D[1D‹[1D[1D‹[1D[1D[1A[1A[B[1Dﬂ‹[1A[C‹[B[1D[1D[1D[1A[1A[1A[1A[1A[C[B[B[B[B[B[1D[1D [1A[C[C [1A[1A[1A[1D[1D[1A[B[1D[1A[C[1D[Cﬂ[B[1D [B[1D [B[1D [B[1D [B[1D[1D [A
[52C   [B[1D[1D [1D  [1D[1D[1D [1A[1A[1A[1A[1A[1A[1A[1A[1A[B[1A[B[1A[B[1A[B[1A[B[1A[B[1A[B[1A[B[1A[B[1A[B[1A[B[1A[B[1A[B[1D[1D[1D[1D[1D[1D[1D[1D[1D[1D[1D[1D[1D[1D[1D[1D[1D[1D[1D[1D[1D[1D[A
[31C[1D[1D[1D[1D[1D[1D[1D[1D[1D[1D[1D[1D[1D[1D[1D[1D[1D[1D[1D[1D[1D[1D[1D[1D[1D[1D[1D[1D[1A[B[1D[1D[1D[1A[1A[1A[1A[1A[1A[1A[20;5H[19;8H[1A[C[C[C[C[C[C[C[C[C[C[C[C[C[C[C[C[C[C[C[C[C[C[C[A
[;25H[C[C[C[C[C[C[C[C[C[C[C[C[C[C[C[C[C[C[C[C[C[C[C[C[C[C[C[C[C[C[C[C[C[C[C[C[C[C[C[C[C[C[B[B[B[B[B[B[B[B[B[1D[1D[11H[1A[1A[1A[20;5H[19;8H[1A[1;33mHÑ[1DÉ[1DÖ[1D†[1D¶[1DÜ[1Dé[1D[CM·öR[A
[13CG‰R[CH‰éVé•[1D[1D[1D[1D[1D[1D[1D[1D[1D[1D[1D[1D[1D[1D[1D[1D[B[C[1D[0;31mGoin[1D[1D[1D[1DQuit[1A[Bting so soom[1Dn?[2C[20;24H[1D[1D[7D[1D[1D[1D[1D[1D[1D[1D[1D[1D[1D[33mHope it was[6C[7D[1D[1D[1D[1D[A
[10C[1D[1D[1D[1D[1D[1D[5C[1D[1D[19;9H[1D[20;5H[C[C[C[C[C[5D[C[C[C[C[C[C[C[C[C[C[C[Ca[Cnice Rest![1A[3;25H[20;28H[1D[1D[1D[1D[1D[1D[1D[1D[1D[1D[1D[1D[1D[1D[1D[1D[1D[1D[1D[1D[1D[1D[1D[19;8H[1A[A
[7C[B[20;5H[1A[18A[1D[1D[1D[1D[7;3H[1D[1D[1A[1A[B[B[C[C[4A[1m‹[1D [1D[9;8H[1D[1D[1D[1D[1D[1D[1D[1A[1A[1A[1A[1A[C[C[C[C[C[5D[3;2H[4H[21B[1A[23A[C[C[C[C[C[C[C[C[C[C[C[C[C[C[C[C[C[C[24B[24A[A
[18C[C[60C[B[B[B[B[B[B[B[B[B[B[B[B[B[B[B[B[B[B[B[B[B[1D[1D[1D[1D[1D[1D[1D[1D[1D[1D[1D[1D[1D[1D[1D[1D[1D[1D[1D[1D[1D[1D[1D[1D[1D[1D[1D[1D[30mN-C [0;31mC[CURTESY[C[1D[1D[1D[1D[1D[1D[1D[1D[A
[56C[1mo[C[C[C[C[C[C[C[36mMany Ace[1D[1Dx[C...[0;34m[[C[C[C][22;80H[1D[1D[1D[1;30mi[37mCE[1D[1D[1D[1D[1D[1D[1D[1D[1D[1D[1D[1D[1D[1D[1D[1D[1D[1D[61D[0m[255D
Downloaded From P-80 International Information Systems 304-744-2253
