[0;40;37m[1;40;37m         [0;40;34mмммммллллллллллллллллллллллллллллллллллллллллллллллллллллммммм
[1;40;37m     [0;40;34mмммо[0;44;34m [1;44;37mGREAT MOMENTS IN DA WARREN'S HISTORY #3: CAPTAIN BOB IS BORN[0;40;34mлнммм
[1;40;37m      [0;40;34mлло[0;44;30m_[0;40;34mпппппппппппппппппппппппппппппппппппппппппппппппппппппппппппп[0;44;30m_[0;40;34mнлл
[1;40;37m     [0;40;34mпппппп                    [1;40;37mкФФФФФФФФФФП                          [0;40;34mпппппп
[1;40;37m                               Г          Г [0;40;37mммммммммм
[1;40;37m                               Г  *    *  Г[0;40;37mо[0;47;30mWATCH IT,[0;40;37mн
[1;40;37m                               Г          Г [0;40;37mпл[0;47;30mDUDE.[0;40;37mпп[0;47;30mл
[1;40;37m                               Г   ммммм  Г[0;40;37mФммлп [0;47;30mлл
[1;40;37m                               Г          Г
                          [0;40;31mмлллл[1;40;37mРФФП    кФФй          [0;47;30mл[1;40;37m         [0;47;30mл
[1;40;37m                        [0;40;31mмллл[0;40;36mмллллллммммллллмм         [0;47;30mлллллллл
[1;40;37m                      [0;40;31mмллллл[0;40;36mолллллл[0;43;36mлппппп  [0;43;30m)[0;43;36mп[0;40;36mл       [0;47;30mлллллл
[1;40;37m        [0;40;31mмлллллмммммммлллллллл[0;40;36mлл[0;46;33mплл[0;40;33mл[0;43;33m [0;43;30mCCC/ [0;40;33mл[0;43;30m/[0;40;33mллм    [0;47;30mлллллллл
[1;40;37m       [0;40;31mлллллллллллллллллллллл[0;40;36mлллл[0;46;33mпл[0;40;33mл[0;43;33m     [0;43;30m/[0;46;33mлл[0;40;33mллн
[1;40;37m     [0;40;31mмлллппппплллллллллллллп[0;40;36mолллллл[0;46;33mпп[0;40;33mлл[0;43;33m [0;43;36mм[0;40;36mл[0;46;33mплл[0;40;33mп
[1;40;37m               [0;40;31mпплллллппп   [0;40;36mолллллллллллллллн
[1;40;37m                            [0;46;34mмммм[0;40;34mлллллллл[0;46;34mл[0;40;34mл[0;46;34mммм
[1;40;37m                            [0;40;34mолллллллллллллллп
[1;40;37m                            [0;40;34mллллллллллллллллл
[1;40;37m                            [0;40;33mмллл[0;43;34mп[0;40;34mпплнллп[0;44;33mмммл[0;40;33mм
[1;40;37m                           [0;40;33mллллп         плллл
[1;40;37m                          [0;40;33mллллп           плллл
[1;40;37m                        [0;40;34mм[1;44;37mппппп[1;40;37m             [1;44;37mппппп[0;40;34mм