[40m[2J[20C[0;31mмлллллллпмлмплллллллплллллллллм[12Cм[2;1H [1;37mмм [30mм[15C[0;31mлл мл  мллпмм  ммм  лм[7Cп м[5Cм   мллп[9C[1;37mм м[0mм[3;1H [1mпм[0mл[1;30;47mп[40mп[0mмммммм[1;30mм [0;31mмлм [1;30mм [0;31mлл ллмллп  ллмллпл[s
[uлмлллм [37mмм[1;30mм [0;31mмллпмм пллмллп[37mмммммммммм[1mпл[47mп[0mм[1;30mп[4;1H [37mплп[0mмлллллллл[1;30;47mп[40mм[0;31mпллм лл лл ппллмллллм[1;30mп[0;31mмллллпллм[1;30mп[0;31mмллп[1;30mм[0;31mпллп млллм[37mплллллллллллмп[s
[u[1;30mлп[5;1H   [37mл[0mллллллллллл[1;30;47mп[40mм[0;31mплллл лл мллп лл плллп лл [1;30mм[0;31mплллп[37mмлл[1;30;47mп[40mм [0;31mмллп[1;30mм[0;31mпллм[37mплллллллллл[1;30mл[6;1H   [37mл[0mлл[47mл[1;30mм[0mппппппппп[1;30mп [s
[u[0;31mплл  мллп [1;30mп [0;31mп [37mп[1;30mп   п [0;31mлл [37mп[1;30mп [0;31mп [37mпппп[1;30mп[0;31mмллп [37mпп[1;30mп [0;31mп [37mппппппп[1;47mм[0mллл[1;30mл[7;1H   [37mл[0mлл[1;30mл[14C[0;31mп плп[15Cп[12Cп[17C[s
[u[1;37;47mл[0mлл[1;30mл[8;1H   [37mл[0mлл[1;30mл [37mHandle   :[њњњњњњњњњњњњњњњњњњњњњњњњњњњњњњњњњњњњњњњњњњњњњњњњњњњ] [47mл[0mлл[1;30mл[9;1H   [37mл[0mлл[1;30mл[65C[37;47mл[0mлл[1;30mл[10;1H   [37mл[0mлл[1;30mл [37mPassword :[њ[s
[uњњњњњњњњњњњњњњњњњњњњњњњњњњњњњњњњњњњњњњњњњњњњњњњњњњ] [47mл[0mлл[1;30mл[11;1H   [37mл[0mлл[1;30;47mп[0mммммммммммммммммммммммммммммммммммммммммммммммммммммммммммммммммм[1;47mп[0mлл[1;30mл[12;1H [37mмлм[0mп[47m                      [40m[s
[u[47m[1mViS[31miO[0;31;47mN[30m-X [1;37mLo[31mgi[0;31;47mn [1;37mPro[31mced[0;31;47mur[30me                       [37;40mпм[1;30;47mл[40mм[13;1H [37mмп[0mл[1;30;47mм[40mм[0mпппппппппппппппппппппппппппппппппппппппппппппппппппппппп[s
[uппппппппппп[1mмл[47mм[0mп[1;30mм[14;1H [0mп[1;30mп п[28C[37mANS[0mi[1;30mњ[37mJED[30m<[0mAC[1mi[0mD[1;30m>[27C[37mп п[0mп[0m
