[40m[2J[1C[0;31;40mRAT HEAD SYSTEMS 1989[46C[1;37m‹ﬂﬂ‹[2H[38C[31mWooo ha ha ha![15C[37m€    ∞[3H[16C[31mXXXX[18CDon`t try to run.[11C[37m∞[5C€[4H[5C€€€€€€[13C€€€€€€[8C[31mIt WILL get you...[9C[37m€[6C—[5H    €€±±±±€€[11C€€±±[s
[u±±€€[33C∞[6H    €€±±±±±€€€€€€€€€€€€€±±±±±€€[12C‹‹‹‹‹‹‹‹[13C€[7H[6C€€€€€€[0;31;40m∞∞∞[1;37m€€€€[0;31;40m∞∞∞[1;37m€€€€€€€€[9C€‹‹€‹€∞ €± €€‹ ‹  €[5C∞[8H[10C€€[0;31;40m∞∞∞∞[1;37m€€€[0;31;40m∞∞∞∞[1;37m€€[8C‹€€‹€€    ‹€∞ €± €≤€∞ﬂ∞ﬂ€›››‹[s
[u€[9H[10C€€€€€€€€€€€€€€€€€ﬂ∞‹∞€‹ﬂ[8C‹ €∞ €± € ﬂ‹∞∞€ ‹›[10H[11C€€€€€€[0;31;40m∞[1;37m€€€€€€[17C≤ €∞ €± €  ‹ €€€[11H[12C€€€€€€€€€€€[16C‹ﬂ ﬂ‹[6C‹ﬂ   ﬂ‹[12H[14C€ € € €[16C‹ﬂ[5Cﬂ‹[5Cﬂ‹   ‹ﬂ[13H[14H[15H[34mFor the latest mind expansion[s
[u and and brain boosting, call thes other boards -[16Has soon as possible to feed your head[0;33;40m![17H[18H[1;34m--------------------------------------------------------------------------------Just Say Yes............................[s
[u[0;35;40m415/922-2008 2 lines. 400+ Text Files!!![1;34mThe Temple of the Screaming Electron....[0;35;40m415/935-5845 Information, Inuendo, Lies![1;34mThe Nimitz Downport.....................[0;35;40m415/276-3677 Sporting the Lovely Lady G![23H[s
[u[31mDigtal Rodent Syndicate Approved 1989[33CTaker Easy[0m
