[40m[2J[2H[15C[0;1m€€±€€[s
[u±€€€€€± €€€±[3H[15C€±€±€[s
[u±€±    €±  €±[4H[15C€±€±[s
[u€±€±    €€€€€±[5H[15C€± [s
[u €±€±    €±  €±[6H[15C€±[s
[u  €±€€€€€±€±  €±[7H[8H
[9H    €€€€€±€€€€€±€€€€€±€€€[s
[u€€±€€€€€±€€±   €€€€±[10H [s
[u   €±  €±[6C€±    €±  €±€[s
[u±  €±€±€± €±[11H    €€€€€[s
[u±€€€€€±€±    €±  €±€€€€€±€[s
[u± €± €€€±[12H    €± €±[s
[u[7C€±    €±  €±€± €± €±€±[s
[u[5C€±[13H    €±  €±€€€€€[s
[u±€€€€€±€€€€€±€±  €±€€±  €€[s
[u€€±[14H[15H[16H[17H
[18H[19H[20H[21H[22H
[23H[0m
