[2J[00;36;40;1mллпппппл  ллпппппл                      ллпппплл  лл    лл  пппллппп  ллпппплл
лл        лл     л    [0;36;44;1mлппп[0;36;40;1mм       ммл   лл    лл  лл    лл     лл     лл    лл
лл     л  лл          [0;36;44;1mл[0;34;40mлллл[0;36;44;1mппп[0;36;40;1mмм[0;36;44;1mпп[0;34;40mлл[0;36;1mл   лл    лл  лллллллл     лл     лл    лл
ллпппппп  лл          [0;36;44;1mл[0;34;40mлллллллл[0;31;44;5mп[0;34;40mлллл[0;36;1mл   лл    лл  ллпппплл     лл     лл    лл
лл        лл          [0;36;44;1mл[0;34;40mллллллллллллл[0;36;1mл   лл    лл  лл    лл     лл     лл    лл
лл        лл     л    [0;36;44;1mл[0;34;40mлллллллллллл[0;36;44;1mм[0;36;40;1mп   лл    лл  лл    лл     лл     лл    лл
пп        пппппппп    ппп[0;36;44;1mмм[0;34;40mллллл[0;36;44;1mмм[0;36;40;1mп     пппппппп  пп    пп  пппппппп  пппппппп
                           пп[0;36;44;1mмм[0;36;40;1mп
    лл  лл                                        [0;37;1mммммммммммммммммммммммммм
    [0;36;1mлл  лл                                        [0;37;1mл[0;37mл[0;37;44mпппппппппппппппппп[0;37;40mнллл[0;37;1mл
    [0;36;1mлл  лл                                        [0;37;1mл[0;37mл [0;36mBULLETINS[8C[0;37mнлмл[0;37;1mл
    [0;36;1mпп  пп                                        [0;37;1mл[0;37mл [0;36mUPDATED:[0;33;1m 7/01/87 [0;37mнллл[0;37;1mл
                                                  л[0;37mл [0;36mФФФФФФФФФФФФФФФФ [0;37mнллл[0;37;1mл
[0;37;44;1mкФФФФФФФФФФФФФФФФФФФФФФФФФФФФФФФФФФФФФФФФФФП[0;37;40;1m      л[0;37mл [0;36mFILES[12C[0;37mнл[0;30;47mo[0;37;40mл[0;37;1mл
[0;37;44;1mГ SYSOP: NORM HENKE    DATA:  216-291-3048 Г[0;37;40;1m      л[0;37mл [0;36mUPDATED:[0;33;1m 7/01/87 [0;37mнл[0;30;47mo[0;37;40mл[0;37;1mл
[0;37;44;1mГ PO BOX 21411                             Г[0;37;40;1m      л[0;37mл[0;37;44mмммммммммммммммммм[0;37;40mнл[0;30;47m [0;37;40mл[0;37;1mл
[0;37;44;1mГ Cleveland, OH 44121  VOICE: 216-291-3480 Г[0;37;40;1m      ппппплллллллллллллллппппп
[0;37;44;1mРФФФФФФФФФФФФФФФФФФФФФФФФФФФФФФФФФФФФФФФФФФй[0;37;40;1m ллллллллллллллллллллпппппппппппппл
[0;37;42;1mкФФФФФФФФФФФФФФФФФФФФФФФФФФФФФФФФФФФФФФФФФФП[0;37;40;1m лл[0;37mлл[0;37;1mлллл[0;33;1m AT-CLONE [0;37;1mлл[0;37mГ   [0;33;1m80 MB    [0;37;1mл
[0;37;42;1mГ   Charter Member of C.A.S.A., the        Г[0;37;40;1m лллллллллллллллллллл[0;37mГФФФФФФФФФФФФ[0;37;1mл
[0;37;42;1mГ   Cleveland/Akron Sysops Association     Г[0;37;40;1m лннннннннннллллллллл[0;37mГ [0;33;1mMULTI-TECH [0;37;1mл
[0;37;42;1mРФФФФФФФФФФФФФФФФФФФФФФФФФФФФФФФФФФФФФФФФФФй[0;37;40;1m ллллллллллллллллллллмммммммммммммл
[0;36;40m


Downloaded From P-80 International Information Systems 304-744-2253
