[2J[H[0;1;37;40m [46mGood morning from ...                                                  [33mßÛÛÛÛ[2;2H                                                                         ßÛÛ[3;2H                                                     [40m[s
[u[46m                      ß[4;2H      [32m_   _                                                                 [5;2H     /^\ /^\                                                                [6;2H    / [5;37m@   @ [0;1;32;46m\         [40m[s
[u[46m                                                      [7;2H   (   [33m. .   [32m) [0;33;40m°[1;33;46m                                                  [0;33;40m°[1;33;46m        [0;33;40m°[8;2H[1;33;46m [0;33;40m±[1;33;46m  [40m[s
[u[46m[32m\[33m^-----^[32m/  ³                                                  ³  [0;33;40mÛ[1;32;46m [0;33;46mÜ   [1;32m³[9;2H[0;33;40m²[1;32;46m³  /|______|\ ³[0;33;40m²[1;32;46m  [0;33;40m±[1;32;46m                             [40m[s
[u[46m               [0;33;40m²[1;32;46m ³[0;33;40m²[1;32;46m [0;32;46mİ [1;32m³  [0;33;40m²[1;32;46m³[10;2H³[0;33;40mÛ[46m [1;32m/ \      / \³³ [0;33;46mÜ[1;32m³[0;33;40m±[1;32;46m                                           ³ ³³ [40m[s
[u[0;32;46mİ [1;32m³ [0;33;46mÜ[1;32m³³[11;2H³³/ [0;31;46mT [1;32m\    / [0;31;46mW [1;32m\³[0;33;46mÜ[1;32m³³³[0;33;46mÜ                                        Ü [1;32m³ ³³ [0;32;46mİ [1;32m³[0;33;40m²Û[1;32;46m³³[12;2H³(  \  \[40m[s
[u[46m  /  /  )³³³³³  [0;33;46mÜ                                    Ü[1;32m³[0;33;46mÜ[1;32m³ ³³ [0;32;46mİ[33mÜ[1;32m³[0;32;46mİ[1;32m³³[0;32;46mİ[13;2H[1;32m³[0;33;46mÜ   [1;32m\  \/  /   [0;33;46mÜ[1;32m³³[0;32;40m²[1;32;46m[40m[s
[u[46m³³ [0;33;46mÜ[1;32m³                                   [0;33;46mÜ[1;32m³³³³ ³³ [0;32;40m²[1;32;46m³[0;32;46mŞİ[1;32m³³[0;32;40mÛ[14;2H±Û[46mÜ[1;32m³__(____)____³³[0;32;40mÛ²±[1;32;46m³[0;32;46mÜ[1;32m³³[0;33;46mİ          [40m[s
[u[46m                       Ü[1;32m³³³³[0;32;40mÛ[46mÜ[1;32m³[0;32;40m²[33;46mİ[32;40m²Û[46mŞİ[40m°[1;32;46m³[0;32;40mÛ[15;2H°°°°°°°°°°°°°°°°°°°°°°[34m²²²²²²²²²²²²²²²²²²²²²²²²²²²²²²²²²²²²²²²²²[32m°°°°°°°°°°°°°[16;2H±±±±±±±±±±±±±±±[s
[u[34m²²²²²²²²²²²²ÛÛÛÛÛÛÛÛÛÛÛÛÛÛÛÛÛÛÛÛÛÛÛÛÛÛÛÛ²²²²²²²²²²²²²[32m±±±±±±±±[17;2H²²²²²²²²²²[34mÛÛÛÛÛÛÛÛÛÛÛÛÛÛÛÛÛÛÛÛÛÛÛÛÛÛÛÛÛÛÛÛÛÛÛÛÛÛÛÛÛÛÛÛÛÛÛÛÛÛÛÛÛÛÛÛÛÛÛÛÛÛ[32m²²²²[18;2HÛÛÛÛ[34mÛÛÛÛÛÛÛÛÛÛÛÛÛÛÛÛÛÛÛÛÛÛÛÛÛÛÛÛÛÛÛÛÛÛÛÛÛÛÛÛÛÛÛÛÛÛÛÛÛÛÛÛÛÛÛÛÛÛÛÛÛÛÛÛÛÛÛÛÛ[s
[uÛ[32mÛÛ[20H[36mThis[Csystem[Coperating[Con[Ca[C[1;37mLASER[CAT[C[0;36mwith[C[1;37mMULTItech[C224[Cmodem[C[0;36mfor[C300/1200/2400[21Hoperation.[2CWe[Chave[C170[CMeg[Cof[CON-LINE[Cstorage[Cand[Ccomplete[CFIDO[Cand[CFID[s
[uO*NET[22Hsupport[Cand[Coperate[C24[Chours[Cdaily.[2C[31mLILÿFROGÿSYSOP[C--->[CTerry[CWodek[8;30H[1;37;46m [B[36m·[1D[B[32mº[1D[Bº[1D[B[31mÓÄ½[C[2A[32m·[1D[Bº[1D[B[31mÓ[2C[3A[36m·[1D[B[32mº[1D[Bº[1D[B[40m[s
[u[46m[31mÓ[4C[3A[36mÖ[1D[B[32mÇ[1D[Bº[1D[B[31m½[3A[36mÄ[1D[B[32mÄ[1A[36mÄ[B[32mÖ[1D[Bº[1D[B[31m½[46D[46C[2A[32mÄ·[CÖ[1D[Bº[1D[B[31mÓ[2A[32mÄ[1D[2B[31mÄ[2A[32m·[1D[Bº[1D[B[31m½[C[2A[32mÖ[1D[Bº[40m[s
[u[46m[1D[B[31mÓ[1D[BÄ[3A[32mÄ[1D[2B[31mÄ[1D[BÄ[3A[32m·[1D[Bº[1D[B[31m¶[1D[B½[8;9H[33m===[5;35H[37mDid you know ...[6;31HA girl that kisses a frog[7;31Hwill become a princess !![8;9H[33m---[23H[37;40m [0m

Downloaded From P-80 International Information Systems 304-744-2253
