[40m[2J[0;36;40m [2;37H[37m€€€€€€€€€€€€€€€€€€€€€€€€€€€€€€€€€€€€€€€€[3;38Hﬂ€€€€€€€€€€€€€€€€€€€€€€€€€€€€€€€€€€€ﬂ[4;42Hﬂ€€€€€€€€€€€€€€€€€€€€€€€€€€€€€€ﬂ[5;46Hﬂ€€€€€€€€€€€€€€€€€€€€€€€ﬂ[6;50Hﬂ€€€€€€€€€€€€€€€€€€ﬂ[2H [3H[32m≤≤≤≤≤≤≤≤≤[4H≤≤≤≤≤≤≤≤≤≤
[5H≤≤≤≤≤≤≤≤≤≤≤[6H≤≤≤≤≤≤≤≤≤≤≤≤ ±[7H≤≤≤≤[33m€[32m≤≤≤≤≤≤ ±±±[8H≤≤≤≤[33m€[32m≤≤≤≤≤≤≤±±±±±[9H≤≤≤≤[33m€[32m≤≤≤≤≤≤≤≤±±±±±[10H≤≤≤≤[33m€[32m≤≤≤≤≤≤≤±±±±±±±∞[11H≤≤≤≤[33m€[32m≤≤≤≤≤≤±±[33mﬁ[32m±±±±±∞∞≥[12H≤≤≤≤[33m€[32m≤≤≤≤≤≤±±[33mﬁ[32m±±±±±∞[s
[u∞∞≥[13H≤≤≤≤[33m€[32m≤≤≤≤≤±±±[33mﬁ[32m±±±±∞[33mﬁ[32m∞≥≥≥[14H≤≤≤≤[33m€[32m≤≤≤≤≤ﬁ±±[33mﬁ[32m±±∫∫∫[33mﬁ[32m≥≥≥≥≥[15Hﬁﬁ≤≤[33m€[32m≤ﬁﬁ≤ﬁﬁ∫±[33mﬁ[32m∫ﬁ∫∫∫[33mﬁ[32m≥≥≥≥≥≥[16Hﬁﬁﬁﬁ[33m€[32mﬁﬁﬁﬁﬁﬁ∫∫[33mﬁ[32m∫ﬁ∫∫∫[17Hﬁﬁﬁﬁ[33m€[32mﬁﬁ[s
[uﬁﬁﬁﬁ∫∫[33mﬁ[32m∫ﬁ∫∫[18Hﬁﬁﬁﬁ[33m€[32mﬁﬁﬁﬁﬁﬁ∫∫[33mﬁ[32m∫ﬁ[19Hﬁﬁﬁﬁ[33m€[32mﬁﬁﬁﬁﬁﬁ∫∫[33mﬁ[20H[32mﬁﬁﬁﬁ[33m€[32mﬁﬁﬁﬁﬁﬁ[21Hﬁﬁﬁﬁ[33m€[32mﬁﬁﬁﬁ[22Hﬁﬁﬁﬁ[33m€[32mﬁﬁ[23Hﬁﬁﬁﬁ[2H[3;69H≤≤≤≤≤≤≤≤≤≤[4;65H±±±≤≤≤≤≤≤≤≤≤≤≤[5;63H±±±±≤≤≤≤≤≤[33m€[s
[u[32m≤≤≤≤≤[6;62H±±±±≤≤≤≤≤≤≤[33m€[32m≤≤≤≤≤[7;62H±±±±≤≤≤≤≤≤≤[33m€[32m≤≤≤≤≤[8;60H∫±±±±[33m›[32m≤≤≤≤≤≤≤[33m€[32m≤≤≤≤≤[9;55H∞   ∫±±±±±[33m›[32m≤≤≤≤≤≤≤[33m€[32m≤≤≤≤≤[10;52H› ∞∞∞∞ ∫±±±±±[33m›[32m±≤≤≤≤≤≤[33m€[32m≤≤≤≤≤[11;51H€€∞∞∞∞∞∞∫∫±[s
[u±±±[33m›[32m±±≤≤≤≤≤[33m€[32m≤≤≤≤≤[12;47H≥ ∫€€€∞∞[33m›[32m∞∞∞∫∫›±±±[33m›[32m±±±≤≤≤≤[33m€[32m≤≤≤≤≤[13;46H≥≥≥∫∫€[33m›[32m€∞[33m›[32m∞∞∫∫∫››±±[33m›[32m±±››≤≤≤[33m€[32m≤≤≤≤≤[14;44H≥≥≥≥≥∫∫∫[33m›[32m∫∫[33m›[32mﬁ∫∫∫∫›››±[33m›[32m±[s
[u±›››≤≤[33m€[32m≤≤≤≤›[15;43H≥≥≥≥≥≥∫∫∫[33m›[32m∫∫[33m›[32mﬁ∫∫∫∫››››[33m›[32m››››››≤[33m€[32m≤›≤››[16;55H[33m›[32mﬁ∫∫∫∫››››[33m›[32m›››››››[33m€[32m›››››[17;58H∫∫∫››››[33m›[32m›››››››[33m€[32m›››››[18;60H∫››››[33m›[32m›››››››[s
[u[33m€[32m›››››[19;63H››[33m›[32m›››››››[33m€[32m›››››[20;65H[33m›[32m›››››››[33m€[32m›››››[21;67H››››››[33m€[32m›››››[22;70H›››[33m€[32m›››››[23;72H›[33m€[32m›››››[11;23H[12;30H[1;37m≥[0;31m€€[13;30H[1;37m≥[14;30H≥
[15;27H[0;32m‹€€€€€€€€€€€€€‹[16;24H[33mﬂﬂﬂﬂﬂ[12Cﬂﬂﬂﬂﬂﬂﬂﬂﬂﬂﬂ[H[22;26H[34mO[18CO[23;25H[32m€€€€€€€€€€€€€€€€€€€€€€[22;35H[1;37mO[H[0;36mA hush falls over the crowd ...[1D[1D[1D[1D[1D[1D[1D[1D[1D[1D[1D[1D[1D[1D[1D[1D[1D[1D[s
[u[1D[1D[1D[1D[1D[1D[1D[1D[1D[1D[1D[1D[1D                               [31Da[1D[C birdie is needed to tie the match and send it into a Sudden Death Playoff[1D[1D[1D[1D[1D[1D[1D[1D[1D[1D[1D[1D[1D[1D[1D[1D[1D[1D[1D[s
[u[1D[1D[1D[1D[1D[1D[1D[1D[1D[1D[1D[1D[1D[1D[1D[1D[1D[1D[1D[1D[1D[1D[1D[1D[1D[1D[1D[1D[1D[1D[1D[1D[1D[1D[1D[1D[1D[1D[1D[1D[1D[1D[1D[1D[1D[1D[1D[1D[1D[1D[1D[1D[1D[1D[1D[1D                         [s
[u                                                  [75D[22;35H [1D[1A[1;37mO[1D [1D[1AO[1D [1D[1AO[1D [1D[1AO[1DO[1D [1A[1DO[1D [1D[1AO[1DO[1D [1D[1A[42mO[1DO[1D [1D[1A[40mO[1DO[1D [1D[1A[CO[1DO[1D [1D[1AO[1D [s
[u[1DO[1D [1D[1AO[1DO[1D [1D[1AO[1DO[1D [1D[1A[Co[1Do[1Do[1D [1D[1Ao[1Do[1Do[1D [1D[1Ao[1Do[1Do[1D [1D[1Ao[1Do[1Do[1Do[1D [1D[B[1Do[1Do[1Do[1Do[1D [1D[B[1Do[1Do[1Do[1Do[1D [1D[Bo[1Do[1Do[1Do[1Do[1D [s
[u[1D[Bo[1Do[1Do[1Do[1Do[1D [1D[B¯[1D¯[1D¯[1D¯[1D¯[1D¯[1D [1D[B¯[1D¯[1D¯[1D¯[1D¯[1D [1D[1D[B¯[1D¯[1D¯[1D¯[1D¯[1D [1D[B[1D¯[1D¯[1D¯[1D¯[1D¯[1D [1D[1D.[1D.[1D.[1D.[1D.[1D [1D[1D.[1D.[1D.[1D.[1D [8;24H[s
[u[H[8;25H[0;36mYou have scored a [5;36mHole In One![9;25H[0;36mWhat an incredible way to[10;25Hwin the tournament![22;26H [18C [23;25H                      [18;24H[CThanks for calling.  Enjoy![8;25H                              [9;25H  [s
[u                       [10;25H                   [20;17HDuffers Den    203-791-8532    Node 141/730[22;14HSysop - Don Dawson[8C[1;37mWOC[0;36m-ing all 18 Holes!!![23H [0m

Downloaded From P-80 International Information Systems 304-744-2253
