
[9C[0;35;40m╨╨╨╨╨╨
[7C[31m╨╨[35m╨╨╨╨╨╨[12C[32mз©
[7C[31m╨╨[35m╨╨╨╨╨╨[11C[32mзее©
[7C[31m╨╨[35m╨╨╨╨╨╨     [36m_[5;37m|[0;36m_   [32mцее╢
[7C[31m╨╨[35m╨╨╨╨╨╨[33m____ [36m╨╨╨   [32mцее╢
[7C[34mш╡╡╡╡ш[35m╨╨[33mввв╤ [36m╨╨╨[31m___[32mцее╢
     [36mлнннн╧[34m╡ш[35m╨╨[33mввв╤ [36m╨╨[31mльььь╧[32mее©
     [36mлнннн╧[34m╡ш[35m╨╨[33mввв╤ [36m╨╨[31mльььь╧[32mее╢[36m__
  [32m___[36mлнннн╧[34m╡ш[35m╨╨[33mввв╤ [36m╨╨[31mльььь╧[32mее╢[36mн╧
  [32mг╨╤[36mлнннн╧[34m╡ш[35m╨╨[33mв[34m╡╟╡╟╡╟╡[31mьььь╧[32mее╢[36mн╧[11C[31m╨╨[32mи╩[5;37mЗ
  [0;32mг╨[33m╡╡╡╡╡╡[36m╧[34m╡ш[35m╨╨[33mв[34m╡╟╡╟[35mшвввш[31mьь╧[32mее╢[36mн╧[10C[35m╡╡[31m╨[32mл╧[36mв
  [32mг╨[33m╡╡╡╡╡╡[36m╧[34m╡ш[35m╨╨[33mв[34m╡╟╡╟[35mшвввш[31mь[33m╨╟в╟в╟в╟╤ [37m______[32mг[35m╡╡[31m╨[32mл╧[36mв[33m╡╡
[31mцшешешеш╢[33m╡[36m╧[34m╡ш[35m╨╨[33mв[34m╡╟╡╟[35mшвввш[31mь[33mгввввввв╤[37m/в\  /в\[35m╡[34mш╟ш╟ш[33m╡╡
[31mцшешешеш╢[33m╡[36m╧[34m╡ш[35m╨╨[33mв[34m╡╟╡╟[35mшвввш[31mь[33mг╟в╟в╟в╟╤[37mооооооооо[34mш╟[35mвввввв
[31mцшешешеш╢[33m╡[36m╧[34m╡[32m╡е╠е╠е╠е╠е╡[35mвш[31mь[33mгввввввв╤[11C[35mввв[31mшшшшш     [1;33mмьм
[0;31mцшешешеш╢[33m╡[36m╧[34m╡[32m╡еееееееее╡[35mвш[31mь[33mг╟в╟в╟в╟╤[14C[31mъъъ[36m╡╟╡     [1;33mЁ [0;37m\  [33mэ__
[31mцшешешеш╢[33m╡[36m╧[34m╡[32m╡е╠е╠е╠е╠е╡[35mвш[31mо[33mгввввввв╤[25C[1;33mЁ  [0;37m\[33m/___\
[31mцшешешеш╢[33m╡[36m╧ [32m╡еееееееее╡[35mвш [33mг╟в╟в╟в╟╤[29CЁ[5;37mэ [0;33mэЁ
[31mцшешешеш╢[33m╡  [32m╡е╠е╠е╠е╠е╡   [33mхййййййй╪[29Cюддъы
[31mцшешешеш╢[44C[37mWelcome from Small Time BBS
[0m

Downloaded From P-80 International Information Systems 304-744-2253
