[0;1;37;40m[2J[0;37;40m[2;14Hммпппллммм[33m[2;34Hммм[37m[3;13Hл    ллллллпм[33mммммллллллллм[37m[4;12Hон   олллл о[43mп[33;47mл[40mлллллллллллллл[1;34m[4;49HЩЭЛЩ ЩЫЛЩЭЛЩЭЛЩ  ЩЫЛЩЛЛЩЩЛ[0;37;40m[5;12Hл    оллллл[33;47mмл[40mллллллллллл
[5;36Hлллллмм[1;34m      ЬЭЙК  К ЬЭ ЬЫМК   К КККЬЙ[0;37;40m[6;12Hл    оллл[33;47mмл[40mллллллллллллплллллллл[1;34m     Ш МШЭМЪ ШЭМШШЭШЭМШЪМШШМШШМ[0;37;40m[7;12Hл[33m     ммллллллллллллллллллллллп[37m[8;11Hлллмм [33mллллллллллллллллллппппп
[1;37m[8;49H"Where Altered States[0;37;40m[9;11Hолллл [33mплллллллллппп[1;37m[9;51HCan and DO Exist!"[0;37;40m[10;12Hлллллм [31mммм м м[37m[11;11Hонппппп [31mллп п лн[1;37m[11;49HAlterLink BBS[0;37;40m[12;11Hл       мммллмм[1m[12;49H(
[12;50H914) 562-7837[0;37;40m[13;11Hл       лллллллл[1m[13;49HRichard D. Roos, Sysop[0;37;40m[14;10Hон      оллллллллл[1m[14;49H24 Hours/Day 7 Days/Week[0;37;40m[15;10Hл       лллллллллллл[1m[15;49HNew Windsor, New York[0;37;40m[16;9Hон  
[16;13H    оллллллллллллл[1m[16;49HStarring... Opus![0;37;40m[17;9Hл       ллллллллллллллл[18;9Hл       лллллллллллллллл[1m[18;49HTitle screen by[0;37;40m[19;9Hл      оллллллллллллллллм[1m[19;49HDrew Olbrich[20;17H(Opus)[22;4H** Read Bulle
[22;17Htin 3 Regarding Information Regarding the North **[23;17HJersey Micro Show on June 7th[23;1H[0m
