[47m                       [0;1;30;47mм[1C[32;40mмм [47m   [40m
[A[31C[47m                                                   [40m
[A[2C[47m                     [1C[40mпп м [47m            [40m
[A[41C[47m                                                   [40m
[A[12C[47m          [30mмм[1C[32;40mпллм [30;47mмммммм   [40m
[A[39C[47m       [33mТ Т  кП  Т  Т  кФПк   ПТФПТФПТПк       [40m
[A[5C[47m             [30mмм[1C[33;40mмм[32mппппппппп [33mллм
[A[36Cмм [30;47mммм    [32mГФД кДУП Г  Г  Г ГРПТкйГФ ГФ ГГГ [40m
[A[79C[47m                 [30mм[1C[33;40mмллпмлл лллм лммпллпм
[A[39Cллмм [30;47mм [33mС С Р  й СФйСФйРФй РСй СФйСФййРй    [40m
[A[2C[47m            [1C[40mм пппмлллпмллллм пппммлллллллм
[A[46C[30;47mм          [33mТФПк П ТПк                      [40m
[A[9C[47m   [30mм[1C[33;40mмлллпммммм мммммммпллллмплллллллм
[A[48C[30;47mм        [32mГФ Г Г ГГГ                        [40m
[A[11C[47m[1C[33;40mмллллпмллллнолллллллл ллллмпллллллллм
More [y/n]:             [A[50C[47m       С  РФй йРй                       [30mм[1C[40m
[A[12C[33;40mллллпмлллллл ллллллллл лллллмплллллллм [47m    [40m
[A[55C[47m                                  [30mм[1C[40m
[A[11C[33;40mллллл лллллллмпллллллллмпллллломпллллллм [47m  [40m
[A[54C[47m                                   [1C[40mлллллпмллллл
[A[22Cллпомпллллллл ллллн плмплллллн[30;47mн                 [40m
[A[70C[47m                  о[33;40mоллллл лллллллп  плмплллллнол
[A[38Cлл    лп ллллл [47m                                   [40m
[A[8C[47m[1C[40mлллллноллллллн[5Cпп пллл пплммммм ллллллл
[A[53C[47m                                   [30mо[33;40mоллллно
[A[16Cллллллммм  мллллллл плммплллнолллллн[30;47mн           [40m
[A[64C[47m                         [1C[33;40mллллл лллллллллл лл
[A[29Cлллллн   плнмллнолллллн[30;47mн                        [40m
[A[77C[47m            [1C[33;40mлллллл лллллллллмплллллл  мммллл
[A[42Cлл лпмллл [47m                            ммммммммм[40m
[A[9C[40mм лллллмпллллллпллмплллллллллллллллпмл ллл [47mмммм[40m
[A[56C[47mмммммммммммммммммммммммм[30mммммммммммл[1C[40m
[A[12C[33;40mлллллмплллллммплмплллллллллллпп  л ллл [30;47mл[40m
[A[52C[47mмммммммммммммммммммммммммммм[32mммммммммммм[40mм [33m
[A[13Cллллллмпллллмпплм ппппппппммлммпмллп [32mм[47mмммммммм[40m
[A[59C[47mммммммммммммммммммммм[33mмммммммммммм[40mм плллллмпллл
[A[25Cллмм плмммлллпп ммплллп [47mммммммммммммммммммммммммммм[40m
More [y/n]:             [A[76C[47mмммм              [30mп[1C[33;40mппллллммплллллмпллмм
[A[36Cмммллпмллп [30;47mп                                    [40m
[A[4C[47m             пп[1C[33;40mпллллммпплллмплллллпмлп
[A[44C[30;47mпп                                        [37m([40m[A
[7C[47mc)1989 [EE]  [30mпп[1C[33;40mппплллмммппмллппп [A
[41C[30;47mпп                                     [0m
