==============================================================================
Date: 08-29-90 (18:44)           Number: 3578      Channel 1 Network Publ
  To: ALL                        Refer#: NONE
From: RICHARD DAW                  Read: YES
Subj: bbs.ad                       Conf: (8) ANSI
------------------------------------------------------------------------
[40m[2J[44m                                                [40m[s
[u[44m                                 [0;1;44mÜÜÜ Ü ÜÜÜ ÜÜ[40m[s
[u[44mÜ ÜÜÜ Ü Ü ÜÜÜ Ü  Ü ÜÜÜ    [0;5;31;44m!      [0;1;44m[40m[s
[u[44mÜÜÜ ÜÜÜ ÜÜÜ ÜÜÜ ÜÜÜ ÜÜÜ ÜÜÜ Ü Ü   [0;44mÜ[1mÛ³Û[40m[s
[u[0;44mÜ[1mÛ[0;44mÜ[1mÛ[0;44mÜ Ü[1mÛÜÛ[0;44mÜ[1mÛ[40m[s
[u[0;44mÜ[1mÛ[0;44mÜ[1mÞ³Ý[0;44mÜ[1mÛÜÛ[0;44mÜ [1mÝÞ [40m[s
[u[0;44mÜ[1mÛÜ    [0;44mÄÄÄ    Ü[1mÛÜÛ[0;44mÜ[1mÛÜ [40m[s
[u[0;44mÜ[1mÛÜÜ[0;44mÜ[1mÛÜ [0;44mÜ[1mÛÜÛ[0;44mÜ[1mÛÜ[40m[s
[u[44mÛ[0;44mÜ[1mÛ  [0;44mÜ[1mÛÜÛ   [0;44mÛ[1mÛ[0;44m[40m[s
[u[44mÛ[1mÛ[0;44mÛ[1mÛ[0;44mÛ[1mÛÜÜ[0;44mÛ[1mÛßÜ[40m[s
[u[0;44mÛ[1mÛ[47mÜ[44mÛ[0;44mÞ[1mÞÜÝ[0;44mÛ[1mÛ[40m[s
[u[0;44mÛ[1mÛ [0;44mÝ[1mÞÝ [0;44mÛ[1mÛÜÜ  [0;44m/³³³\ [40m[s
[u[44m  Û[1mÛßÜ[0;44mÛ[1mÛÜÜ[0;44mÛ[1mÜÜÛ[0;44mÛ[1mÛÜ[40m[s
[u[44mÜ[0;44mÛ[1mÛ[0;44mÛ[1mÛ[0;44mÛ[1mÛßÜ[0;44mÛ[1m[40m[s
[u[44mÛÜÜ[0;44mÛ[1mÛ[0;44mÛ[1mÛ   [0;44mÛ Û Û ÛÜÜ ÛßÜ Û[40m[s
[u[44mÜÛ ÞÜÝ Û Û  ÞÝ  ÛÜÜ  /ø-.-ø\  ÛßÜ ÛÜÜ ÜÜÛ ÛÜÜ Û Û ÛßÜ [40m[s
[u[44mÛÜÜ Û Û                                       //     \[40m[s
[u[44m\                                              [1mBUL[40m[s
[u[44mLETIN                [0;44m//       \\            [40m[s
[u[44m[1mBOARD                                             [40m[s
[u[44m      [0;44m//    ÛÝ   \\                            [40m[s
[u[44m                                   ÜÜÜ//ßßßß ÝÝßßßß\\Ü[40m[s
[u[44mÜÜ                                                 ÜÜÜ[40m[s
[u[44mÜÜßßßßß  //      ÝÝ     \\  ßßßßßÜÜÜÜÜ                [40m[s
[u[44m                 Üßßßßß           //      Þ Þ      \\ [40m[s
[u[44m          ßßßßßÜ                          ßÜ          [40m[s
[u[44m     //       Þ Þ       \\               Üß           [40m[s
[u[44m                ßÜÜÜÜÜÜÜÜÜÜÜÜÜ//        Þ Þ        \\Ü[40m[s
[u[44mÜÜÜÜÜÜÜÜÜÜÜÜß                               ßÜ        [40m[s
[u[44m  ßßßßßßßßßßßßßßßßßßßßßßß          Üß                 [40m[s
[u[44m                  ßßßßßÜÜÜÜÜ  [1mSYSOP: Bill Wolford [40m[s
[u[44m [0;44mÜÜÜÜÜßßßßß                                    [40m[s
[u[44m           ßßßßßÜÜÜÜÜÜÜÜÜÜÜÜÜßßßßß                    [40m[s
[u[44m         [1mNODE-1 813-442-4286     [0;44mÛÛÛÛÛÛÛÛÛÛ[40m[s
[u[44mÛÛÛÛÛÛÛÛÛÛÛÛÛÛÛÛÛÛÛÛÛ     [1mP.O. BOX 5308           [40m[s
[u[44m   2400 Baud        [0;44m\//\\_\\_______________//_/[40m[s
[u[44m/\\/ [1mCLEARWATER, FL. 34618   NODE-2 813-447-3753  [40m[s
[u[44m   [0;44m//  \\ \\    [1mMR-486   [0;44m// //  \\  [40m[s
[u[44m                          [1mHST 38400 Baud      [40m[s
[u[0;44m//    \\ \\   [1mSERVER  [0;44m// //    \\ [1m4.8[40m[s
[u[44m Gigabytes Storage                        [0;44m//   [40m[s
[u[44m   \\ \\         // //      \\                        [40m[s
[u[44m                    //        \\ \\       // //       [40m[s
[u[44m \\                      [40m [D[44m              [40m[A
[15C[44m   ÛÛÛÛÛÛÛÛÛÛÛÛÛÛÛÛÛÛÛÛÛÛÛÛÛÛÛÛÛÛÛÛÛÛÛÛÛÛÛÛÛÛÛÛ     [40m[A
[67C[44m             [0m
---
 þ EZ 1.33 #1092 þ Test...Test... is this *%#$ thing on?!
                                                                         
PCRelay:MICROWAV -> #64 
4.10                MicroWave Research  (813) 447-3753 HST

Downloaded From P-80 International Information Systems 304-744-2253
