==============================================================================
Date: 09-20-90 (21:43)           Number: 4097      Channel 1 Network Publ
  To: ALL                        Refer#: NONE
From: MIKE DUKEMAN                 Read: YES
Subj: DARKSIDE ANSI SCREEN         Conf: (8) ANSI
------------------------------------------------------------------------
[40m[2J[0;33m°±²°±²°±²°±²°±²°±²°±²°±²°±²°±²°±²°±²°±²°±²°±²°±²°±²°[s
[u±²°±²°±²°±²°±²°±²°±²°±²°±²°±±[6C[36m.[8C[1;37m.  [0;31m.    [s
[u[32m²[5C[1;37m.  .[26C[0;36m.   [1;33m±±±±   [37m.[7C[s
[u[0;33m²²  [36m.   [31m.[5C[32m²²[1;37m.[0;32m² ² °²  ²°²² [s
[u  [1;37m.   [0;32m±[9C[1;37m.[9C[0;31m.[6C[1;33m±±±±±±±±[s
[u[9C[0;33m±°[10C[32m²²²°²²°° ±²°²²°° ²°²  ±  ±  ±[21C[1;33m±[s
[u±±±±±±±±±  [37m.[5C[0;33m°±[5C[36m.  [32m²° ²°±±± ° °±±  ²²[s
[u ²± °² ° ± ±±[20C[1;33m±±±±±±±±±±±±   [37m.   [0;33m²²[6C[s
[u[32m° ² ±±°²±°±±²±°°°±°°±² ²²²²²°²   ±  ±[6C[31m.[5C.    [s
[u[1;33m±±±±±±±±±±[8C[0;33m±°  [32m±² ²²²²°±°°±°°²±°±°±±°²±°  °[s
[u²°°° ° ²  ± ±[9C[1;37m.[8C[33m±±±±±±±±[9C[0;33m°± [32m± ° [s
[u²°±°[31m°[32m±±²±°±²°°±[31m°[32m²±°²°±°±°°[31m°[32m± ²±°  ±[s
[u± ±[20C[1;33m±±±±   [0;36m.[7C[33m²²  [32m²²²°° °²²²±[31m°[s
[u[32m±°±²±±²°±°±°²±°±[31m°[32m° ²±  °²±   ±±    [36m.[8C[31m[s
[u.[16C[1;37m.  [0;33m±° [32m²° ° °²°²°±±±[31m°[32m±±°°°±±°°±[s
[u°²±²±±² ±² ² °  ² ±    [34mThe Dark Side BBS.....   [31m.    [s
[u[33m°±  [32m²°² ²±°°± [1;37m. [0;32m² ²[31m°°[32m²[31m°°[s
[u[32m²[31m° °[32m²[31m° [32m°±   °° °²  ²±  ²[7C[31m1(609)3[s
[u91-0987    [36m.[6C[33m±²[32m± °°² ° ²[31m°[32m±²² ² [31m°[s
[u°[32m²[31m°[32m²[31m°[32m²[31m°°[32m²²   [31m°[32m°²²[s
[u[31m°[32m°°² ²  ± ±²[26C[31m.[5C[33m²°[32m± °°  °  [31m° [s
[u[32m² ²   [31m°[1;30m°[37m. [0;31m°°[1;30m°[37m.[0;31m°° [s
[u[32m²°[31m°[32m²[31m°°  [32m² ²± ± ±±±[12C[31m.[19C[33m°[s
[u± [32m±  °°² °[31m°°°[5C°°°°°°°°°°°°°°°°[32m² ²[5C± ±²[33C[s
[u[33m±²  [32m± ± ± °  [31m°°°°  °°°°[1;30m²[0;31m°°°°°°°±°°  [s
[u[32m²² ² ±   ²±[17C[31m.[15C[33m²°[13C[31m°°°°°°[1;30m²²²[s
[u²[0;31m±°°°°[9C[32m²  ±²[10C[1;37m.[21C.   [0;33m°±    [s
[u[1;37m.[7C.  [0;31m°°°°[1;30mÛÛ²²²[0;31m°°°°°[6C[1;37m. [s
[u[0;32m²²[18C[30;47m²[37;40m°[30;47m²[18C[33;40m±²[15C[s
[u[31m°°°°°[1;30m²²²²[0;31m±°°°[18C[37m°°[8C[30;47m²[40m[s
[u[47m[1C[37;40m° [30;47m²[17C[33;40m²°[16C[31m°°²°°[1;30m[s
[u²[0;31m°±°°°°[17C[37m°°°°    °[30;47m²²[37;40m°[30;47m[40m[s
[u[47m²[37;40m°[30;47m²[37;40m°[30;47m²²[37;40m°[14C[33m°±[s
[u[16C[31m°°°°°°±°°°°°°°[14C[30;47m²[37;40m°±±°[30;47m²[40m[s
[u[47m[7C²[37;40m°[30;47m²[18C[33;40m²²[13C[31m°°°±±±±±°°°±[s
[u°°°°   °°[10C[30;47m²²[37;40m°°[30;47m²²[7C²[37;40m°[s
[u[30;47m²[18C[33;40m±°[11C[31m°±±±±±±°±±±°±±°±±°±°°°°°[9C[s
[u[37m°°°°°°[7C[30;47m²[37;40m°[30;47m²[12C[34;40mH.W.J [s
[u[33m°±²°±²°±²°±²°±²°±²°±²°±²°±²°±²°±²°±²°±²°±²°±²°[37m°°[A
[47C[30;47m²²[37;40m°°[33m±²°±²[37m°°°[30;47m²[37;40m°°°[33m[A
[63C±²°±²°±²°±²°±²°±²[0m
                                                                                
NET/Mail : The Dark Side BBS - Ocean City, Nj - 1(609)391-0987         
                                                       
PCRelay:SOFTWARE -> #305 RelayNet (tm)
4.10                GO SOFTWARE Smithville, NJ  609 652-0135 HST

Downloaded From P-80 International Information Systems 304-744-2253
