[40m[2J[2;1H[3;1H[49C[0;31mмллллм[4;1H[33Cмллллм[9Cмллллп[5;1H[32Cмллллп[9Cмллллп[6;1H[31Cмллллп[9Cмлллл[7;1H[24C[34mммммммммммммммммммммммммммммм[8;1H[24C[44m [1mкФФФФ [37mSysop Doors Menu [34mФФФ[0;30;44mП [9;1H[24C [40m[s
[u[44m[1;34mР[0;30;44mФФФФФФФФФФФФФФФФФФФФФФФФФй [10;1H[24C [1;34mкФФФФФФФФФФФФФФФФФФФФФФФФФ[0;30;44mП [11;1H[24C [1;34mГ [30m[[37mA[30m][37mdd Door     [30m[[37mQ[30m][37mQuit  [0;30;44mГ [12;1H[24C [1;34mГ [30m[[37mC[40m[s
[u[44m[30m][37mhange Door     Doors [0;30;44mГ [13;1H[24C [1;34mГ [30m[[37mD[30m][37melete Door     Menu  [0;30;44mГ [14;1H[24C [1;34mР[0;30;44mФФФФФФФФФФФФФФФФФФФФФФФФФй [15;1H[23C[31;40mмммм[11Cмммм[16;1H[22Cмллл[11Cмлпп
[17;1H[21Cмлпп[12Cп[18;1H[21Cп[19;1H[0m
