[0;33m…ÕÕÕª …ÕÕÕª …ÕÕª…ª    …ÕÕÕª …ÕÕÕª …ÕÕÕª …ÕÕª…ª …ÕÕÕª …ª …ÕÕÕª
[A[62C…ÕÕÕª …ÕÕÕª
∫…ÕÕº ∫…Õª∫ ∫…ª∫∫∫    ∫…ÕÕº ∫…Õª∫ ∫…Õª∫ ∫…ª∫∫∫ ∫…ÕÕº ∫∫ ∫…ÕÕº ∫…ÕÕº ∫
[A[69C…Õª∫
∫»ÕÕª ∫»Õº∫ ∫∫∫∫∫∫    ∫»Õª  ∫»Õº∫ ∫»Õº∫ ∫∫∫∫∫∫ ∫∫    ∫∫ ∫»ÕÕª ∫∫    ∫
[A[69C∫ ∫∫
»ÕÕª∫ ∫…Õª∫ ∫∫∫∫∫∫    ∫…Õº  ∫…ª…º ∫…Õª∫ ∫∫∫∫∫∫ ∫∫    ∫∫ »ÕÕª∫ ∫∫    ∫
[A[69C∫ ∫∫
…ÕÕº∫ ∫∫ ∫∫ ∫∫∫»º∫    ∫∫    ∫∫»Œª ∫∫ ∫∫ ∫∫∫»º∫ ∫»ÕÕª ∫∫ …ÕÕº∫ ∫»ÕÕª ∫
[A[69C»Õº∫
»ÕÕÕº »º »º »º»ÕÕº    »º    »º »º »º »º »º»ÕÕº »ÕÕÕº »º »ÕÕÕº »ÕÕÕº »
[A[69CÕÕÕº
[1;37;41m‹‹‹‹‹‹‹‹‹‹‹‹‹‹‹‹‹‹‹‹‹‹‹‹[0;30;41m‹[31;40mﬂ[30;41m€ﬂ[40m
[A[28C[41mﬂ[31;40m€[41m       [30m‹‹‹    ﬂﬂ€[31;40mﬂ
[A[48C[30;41m‹[1;37m‹‹‹‹‹‹‹‹‹‹‹‹‹‹‹‹‹‹‹‹‹‹‹‹[40m
[41m[0;31;43mﬂﬂﬂﬂﬂﬂﬂﬂﬂﬂﬂﬂﬂﬂﬂﬂﬂﬂﬂﬂﬂﬂ[40mﬂ [30;41mﬂ [31;40m€
[A[27C[41m [30m‹€[1;37;40m‹‹‹‹‹‹‹‹[41m€[0;30;41m€        [40m
[A[48C[41mﬂ[1C[31;40mﬂ[43mﬂﬂﬂﬂﬂﬂﬂﬂﬂﬂﬂﬂﬂﬂﬂﬂﬂﬂﬂﬂﬂﬂ[40m
[43m                    [33;40mﬂ [30;41mﬂ [31;40m€[41m  [40m
[A[27C[41m[30m€[1;37;40m‹[41m€€[40mﬂ[0;30;41m€ﬂﬂﬂ€[40m
[A[37C[1;37;40mﬂﬂ[0;30;41m€          ﬂ[1C[33;40mﬂ[43m    [40m
[A[57C[43m                [40m
[43m                   [40mﬂ [41m   [31;40m€[41m  [30m€[40m
[A[28C[41m[1;37m€€€€[40m‹‹‹‹‹‹[0;30;41m€‹            [1C[40m
[A[53C[33;40mﬂ[43m                   [40m
[43m[31m‹‹‹‹‹‹‹‹‹‹‹‹‹‹‹‹‹‹‹[1C[30;41m›   [31;40m€[41m  [40m
[A[27C[41m[30mﬂ€[1;37;40mﬂﬂﬂﬂﬂﬂ[41m€€€€[0;30;41m€‹‹‹‹‹‹  [40m
[A[48C[41m    ﬁ[42m€[31;43m‹‹‹‹‹‹‹‹‹‹‹‹‹‹‹‹‹‹‹[40m
[43m[1;37;40m€€€€€€€€€€€€€€€€€€› [41m    [0;31m€[41m  [30m[40m
[A[27C[41m€[1;37;40m‹‹[0;30;41m€[31;40m˛[1;37mﬂﬂ
[A[34C[0;30;41m€[1;37;40m‹[41m€€[40mﬂ[0;30;41m€[1;37;40mﬂﬂﬂﬂ
[A[44C[41m€[0;30;41m€       [1C[1;37;40mﬁ€€€€€€€€€€€€€€€€€€
[0;31;43mﬂﬂﬂﬂﬂﬂﬂﬂﬂﬂﬂﬂﬂﬂﬂﬂﬂﬂﬂ[1C[30;41m›   [31;40m€[41m  [40m
[A[27C[41m[30m€[1;37m€[40mﬂﬂﬂﬂﬂﬂﬂﬂ[0;30;41m€[31;40m˛
[A[39C[30;41m€[1;37;40m‹[0;30;41m€ ﬂﬂﬂ      ﬁ[1C[31;43mﬂﬂ[40m
[A[56C[43mﬂﬂﬂﬂﬂﬂﬂﬂﬂﬂﬂﬂﬂﬂﬂﬂﬂ[40m
[43m                   [33;40m‹ [41m   [31;40m€[41m  [30mﬂ[40m
[A[28C[41mﬂﬂ  €[1;37m€€€[40mﬂﬂﬂﬂ[41m€[0;30;41m€          [40m
[A[52C[42m€[33;40m‹[43m                   [40m
[43m                    [40m‹ [30;41m‹  [31;40m€[41m      [40m
[A[32C[41m[30m€[1;37m€€€[0;30;41m€  ﬂﬂﬂ        ‹[1C[40m
[A[52C[33;40m‹[43m                    [40m
[43m[31m‹‹‹‹‹‹‹‹‹‹‹‹‹‹‹‹‹‹‹‹‹‹[40m‹ [30;41m‹ [31;40m€[41m [40m
[A[28C[41m   [30m€[1;37;40m‹[41m€€€[40m‹[0;30;41m€      [40m
[A[44C[41m    ‹[1C[31;40m‹[43m‹‹‹‹‹‹‹‹‹‹‹‹‹‹‹‹‹‹‹‹‹‹[40m
[43m[1;37;41mﬂﬂﬂﬂﬂﬂﬂﬂﬂﬂﬂﬂﬂﬂﬂﬂﬂﬂﬂﬂﬂﬂﬂﬂ[0;30;41mﬂ[31;40m‹
[A[26C[30;41m€‹‹[31;40m€[41m [30mﬂﬂﬂﬂﬂﬂﬂ      ‹‹€[31;40m‹
[A[48C[30;41mﬂ[1;37mﬂﬂﬂﬂﬂﬂﬂﬂﬂﬂﬂﬂﬂﬂﬂﬂﬂﬂﬂﬂﬂﬂﬂﬂ[40m
[41m[14C[0;33m…Õª  …Õª  …ÕÕÕÕÕÕª  …ÕÕÕÕÕª  …ÕÕÕÕÕª  …ÕÕÕÕÕª[6C
[A[65C[1;30m(c)JC
[14C[0;33m∫ ∫  ∫ ∫  ∫ …ÕÕª ∫  ∫ …ÕÕÕº  ∫ …Õª ∫  ∫ …ÕÕÕº
[14C∫ »ÕÕº »ª ∫ »ÕÕº ∫  ∫ »Õª    ∫ »Õº ∫  ∫ »ÕÕÕª
[14C»ÕÕÕÕª …º »ÕÕÕÕª ∫  ∫ …Õº    ∫ …ª …º  »ÕÕÕª ∫
[19C∫ ∫  …ÕÕÕÕº ∫  ∫ »ÕÕÕª  ∫ ∫»ª»ª  …ÕÕÕº ∫
[19C»Õº  »ÕÕÕÕÕÕº  »ÕÕÕÕÕº  »Õº »Õº  »ÕÕÕÕÕº[0m
