[40m[2J[23;27H[0;1;40m             [0;40m            [;27H[1m         [s
[u  [0;40m/\[1m            [2;27H          [0;40m/[1m  [0;40m\[1m    [s
[u       [3;27H         [0;40m/[1m [0;40m/\[1m [0;40m\[1m        [s
[u[0;5;31;40m  [4;27H[0;1;40m        [0;40m/[1m [0;40m//\\[1m [s
[u[0;40m\[1m         [5;27H       [0;40m/[1m [0;40m/\ [D [D/\[1m [s
[u[0;40m\[1m        [6;27H      [0;40m/[1m  [0;40m›/\/\ﬁ[1m  [s
[u[0;40m\[1m       [7;27H     [0;40m/[1m [0;40m[1m [0;40m››[1m  [s
[u[0;40mﬁﬁ[1m [0;40m[1m [0;40m\[1m [0;40m     [8;27H[1m    [s
[u[0;40mﬁ±±/±≤€€≤±\±±›[1m    [0;40m [9;27H[1m  [0;40m›[1m [s
[u[0;40mﬁ±≤±›±≤€€≤±ﬁ±≤±›[1m  [0;40m› [1m [10;27H [0;40m/\[1m [s
[u[0;40mﬁ±≤±›±≤€€≤±ﬁ±≤±›[1m [0;40m/\[1m  [11;27H[0;40m/∞∞\/±≤±›±≤€€≤±ﬁ[s
[u±≤±\/∞∞\[1m [12;27H[0;40m›±≤±ﬁ±≤/∞±≤€€≤±∞\≤±›±≤±∞›[13;27H›±≤±ﬁ±/∞∞±≤€€[s
[u≤±∞∞\±›±≤±∞›[14;27H[5;31m˙[0;40m±[1;30;47mﬁ[0;40m±ﬁ±›∞∞±≤€€≤±∞∞ﬁ±›±[s
[u[1;30;47m›[0;40m±∞[5;32m˙[15;27H[0;40m›±[1;30;47mﬁ[0;40m±ﬁ±\∞∞±≤€€≤[s
[u±∞∞/±›±[1;30;47m›[0;40m±∞›[16;27H\±[1;30;47mﬁ[0;40m±ﬁ±±\∞±≤€€≤±∞/±±›±[s
[u[1;30;47m›[0;40m±/[1m [17;27H [0;40m\__/[1m [0;40m\∞∞±≤€€≤±∞∞/[1m [s
[u[0;40m\__/[1m  [0m
