[0;37m
[37m[37m
[37m[40m[2J[4C[0;1mњ[9C[0;34mкФФФ [1mкФП[36mкФП [34mкФФ [0;34mкФФ  [1;37mњ  [35m([33m313[35m) [32m939-9352[19C[34mАБВВл[0;33mл[2H[14C[34mРФФП [1mУФй[36mУФД [34mГ   [0;34mУФФ    [1;36m24 Hours/7 Days[6C[37mњ[11C[34mАБВВл[0;33m[s

[uлл[3H[14C[34mФФФй [1mГ  [36mГ Г [34mРФФ [0;34mРФФ    [1;32m65 Megz [33mONLINE[18C[34mАБВВлллл[4H[14C[31mФФФФФФ[37;44mD O C K[31;40mФФФФФФ[8C[37mњ[12Cњ[13C[34mАБВВлл[0;33mллл[5H[9C[1;37mњ[58C[34mАБВВлл[0;33mллл[6H[22C[s

[u[37mмммммммммммммммммммммммммм[19C[1;34mАБВВллллл[0;33mл[7H[13C[37mллллллллллллллл[47m  [1mNCC 1701-D  [0mлллллллллллллл[10C[1;34mАБВВллллллл[8H[6C[37mњ[15C[0mппппппплллллллллллппппппппп[17C[1;34mАБВВллллллл[9H[15C[31mллллл[6C[s

[u[37mњ    [0mллллллл[11C[1;31mллллл[8C[37mњ  [34mАБВВл[0;33mллллл[1;34mлл[10H[17C[0mл[15Cллл    [1mњ[10C[0mл[13C[1;34mАБВВл[0;33mлллллл[1;34mл[11H[18C[0mл[10Cммлллллллмм[5C[1mњ    [0mл[14C[1;34mАБВВл[0;33mллл[1;34mл[s

[u[0;33mлл[1;34mл[12H[13C[37mњ[5C[0mппппппппппллл[1;34mллллл[0mлллпппппппппп[15C[1;34mАБВВлллллл[0;33mл[1;34mл[13H[31C[0mппппппп[23C[1mњ   [34mАБВВлллллллл[14H[65CАБВВллллл[0;33mл[1;34mлл[15H[25C[37mTHE ADVENTURE AWAITS[5Cњ[s

[u[14C[34mАБВВлллл[0;33mллл[1;34mл[16H    [37mњ[36Cњ[24C[34mАБВВллллл[0;33mл[1;34mл[17H[66CАБВВллллллл[18H[58C[37mњ[8C[34mАБВВлллллл[19H[15C[37mњ[34Cњ[17C[34mАБВВллл[0;33mл[1;34mл[20H[48CкФФФФФФФФП[11CАБВВл[0;33mл[1;34mл[s

[uл[21H[8C[37mњ[39C[34mГ[31mANSI BY:[34mРФФФФФП [37mњ    [34mАБВВллл[22H[25C[37mњ[22C[34mРФП [33mZELDAMASTER[34mГ[7CАБВВлл[23H[50CРФФФФФФФФФФФФй[0m
