[2J

[1;31m    ีออออออออออธ
    ณ            ีอัอธ ีอออธ ีธ    ีธ    ีอัอธ ีอออธ ีอธีธ
    ิออออออออออธ   ณ   ฦอออต ณ     ณ       ณ   ณ   ณ ณ ณ ณ
               ณ   ณ   ณ   ณ ณ     ณ       ณ   ณ   ณ ณ ณ ณ
    ิออออออออออพ  ิฯพ  ิพ ิพ ิอออพ ิอออพ ิอฯอพ ิอออพ ิพิอพ
[0m    ีออออออออออธ
    ณ          ณ ีอออธ ีอัอธ ีอออธ
    ณ         ฦต ฦอออต   ณ   ฦอออต     24 hrs (Night time hours vary)
    ณ          ณ ณ   ณ   ณ   ณ   ณ
    ิออออออออออพ ิพ ิพ  ิฯพ  ิพ ิพ              (714)983-8587
[1;34m    ีออออออออออธ                               [0;33m        ีอออธ
[1;34m    ณ            ิอัอพ ีอออธ ีอัอธ ีอออธ ีอธ ีอธ ีอออธ[0;33m ิออ\ \ออออออ\
[1;34m    ิออออออออออธ   ณ   ิอออธ   ณ   ฦอต   ณ ณ ณ ณ ิอออธ[0;33m     \  __  /\\
[1;34m               ณ   ณ       ณ   ณ   ณ     ณ ณ ณ ณ     ณ[0;33m      ณณพ ณณพ \
[1;34m    ิออออออออออพ  ิฯพ  ิอออพ  ิฯพ  ิอออพ ิพิอพิพ ิอออพ[0;33m      ิพ  ิพ

[0;32m             Many different message bases and many IBM files...

                                by, Jay McGhee
[1;31m                                    ออออออออออ [0m
