[A[0;36m[[1m1[0;36m]  [1;34mBest Uploaders
[0;36m[[1m2[0;36m]  [1;34mWorst Uploaders
[0;36m[[1m3[0;36m]  [1;34mBest Downloaders
[0;36m[[1m4[0;36m]  [1;34mWorst Downloaders
[0;36m[[1m5[0;36m]  [1;34mBest Post/Call Ratios
[0;36m[[1m6[0;36m]  [1;34mWorst Post/Call Ratios
[0;36m[[1m7[0;36m]  [1;34mBest Uploaders in Kilobytes
[0;36m[[1m8[0;36m]  [1;34mWorst Uploaders in Kilobytes
[0;36m[[1m9[0;36m]  [1;34mBest Downloaders in Kilobytes
[0;36m[[1m10[0;36m] [1;34mWorst Downloaders in Kilobytes
[0;36m[[1m11[0;36m] [1;34mBest Message Posters
[0;36m[[1m12[0;36m] [1;34mWorst Message Posters
[0;36m[[1m13[0;36m] [1;34mBest Callers
[0;36m[[1m14[0;36m] [1;34mWorst Callers
[0;36m[[1m15[0;36m] [1;34mAll Statistics[0m

