[0;40;37m

[0;40;34m                               [1;40;35mDA  WARREN DOORS
[0;40;34m      [0;40;35mÚÄÄÄÄÄÄÄÄ[1;40;35mTÄRÄIÄVÄIÄAÄLÄÄPÄUÄRÄSÄUÄIÄTÄSÄ/ÄCÄAÄRÄDÄÄGÄAÄMÄEÄS[0;40;35mÄÄÄÄÄÄÄ¿
[1;40;31m      [0;40;35m³                                                                  ³
[0;40;34m      [0;40;35m³ [[1;40;35mE[0;40;35m] [1;40;35mElvis Trivia           [0;40;35mTest your knowledge of King arcana    ³
[0;40;34m      [0;40;35m³ [[1;40;35mS[0;40;35m] [1;40;35mStar Trek Trivia       [0;40;35mFor the Gabriel Koerner in you!       ³
      ÃÄÄÄÄÄÄÄÄÄÄÄÄÄÄÄÄÄÄÄÄÄÄÄÄÄÄÄÄÄÄÄÄÄÄÄÄÄÄÄÄÄÄÄÄÄÄÄÄÄÄÄÄÄÄÄÄÄÄÄÄÄÄÄÄÄÄ´
      ³ [[1;40;35mB[0;40;35m] [1;40;35mBattle Trip            [0;40;35mCar(d) racing a la Milles Bourne      ³
      ³ [[1;40;35mF[0;40;35m] [1;40;35mFlubaria               [0;40;35mA surreal game of UNO                 ³
      ³ [[1;40;35mO[0;40;35m] [1;40;35mSolitaire              [0;40;35mWhat do you do when you're all alone? ³
[0;40;34m      [0;40;35m³                                                                  ³
[0;40;34m      [0;40;35m³      [1;40;37m[[0;40;37mQ[1;40;37m] Quit to Main Menu     [[0;40;37mM[1;40;37m] Back to main door menu        [0;40;35m³
[0;40;34m      [0;40;35mÀÄÄÄÄÄÄÄÄÄÄÄÄÄÄÄÄÄÄÄÄÄÄÄÄÄÄÄÄÄÄÄÄÄÄÄÄÄÄÄÄÄÄÄÄÄÄÄÄÄÄÄÄÄÄÄÄÄÄÄÄÄÄÄÄÄÄÙ