[?7h[40m[2J[19C[0;1m[M[0msg[1;30m. M[0men[1mU]
 ÚÄ[0mÄÄ[1;30mÄÄÄÄÄÄÄÄÄÄÄÄÄÄÄÄÄÄÄÄÄÄÄÄÄÄÄÄÄÄÄÄÄÄÄÄÄÄÄÄÄÄÄÄÄÄÄÄÄÄÄ[0mÄÄ[1mÄ¿
 [0m³  [[1ma[30m] [0mChange Message Base  [[1mu[30m] [0mUpload a Message[10C³
 [1;30m³  [0m[[1mc[30m] [0mToggle New Scan[6C[[1mv[30m] [0mNew Scan this Board[7C[1;30m³
 ³  [0m[[1md[30m] [0mDelete a Message[5C[[1mw[30m] [0mRead Next Message[9C[1;30m³
 ³  [0m[[1me[30m] [0mEdit a Message[7C[[1m/[30m] [0mQWK Mail Menu[13C[1;30m³
 ³  [0m[[1mf[30m] [0mFeedback to Sub-Op   [[1mEnter[30m] [0mRead Current Message  [1;30m³
 ³  [0m[[1mg[30m] [0mLog Off[44C[1;30m³
 ³  [0m[[1mj[30m] [0mJump Conference[36C[1;30m³[7CÜ[47mß  [37m°[40m
 [30m³  [0m[[1ml[30m] [0mList Users w/access[32C[1;30m³Ü[0mÜÜ    [1;30mÛ[37;47m²²±°[40m
 [0;31m³  [37m[[1mm[30m] [0mReply to a Message[33C[1;30mÛ[37;47m° ±²[2C[30;40mÛ[37mÛÛ[47m²±[40m
 [0;31m³  [37m[[1mn[30m] [0mScan for New Msgs[1;30mÜ[37mÜÜÛÛÛÛÛÜÜÜ[5C[30mÜ[37mÜÜÛÜ[13C[30m³ß[0mß[1mß   [30mÛ[37mÛÛ[47m²[40m
 [0;31m³  [37m[[1mp[30m] [0mPost a Message [1;30mÜ[37mÜÛÛÛÛÛßßßßÛÛÛÛÜ[30mŞÛ[37mÛÛÛÛß[6C[47m ±[0mÜ   [1;30mÜ[47mß  [3C[40mÛ[37mÛÛÛÛ
 [31m³  [0m[[1mq[30m] [0mQuit to Main  [1;30mÛ[37;47mÛ[40mÛÛÛß[6C[30mÜ[37mÜÛÛÛ ÛÛÛÛİ[6C[0mß[1;47m±²²[0mİ  [1;30mŞ[37;47m°±²[3C[30;40mÛ[37mÛÛÛ
 [31m³  [0m[[1mr[30m] [0mRead Msgs    [1;30mÛ[37;47mÛ[40mÛÛÛ[6C[30mÜ[0mÜ[1;47m±±²[40mß  [30mÛ[37mÛÛÛ[8C[30mÛ[37mÛ[47m²[40mÛ  ŞÛ[47m²[40mİ   [30mÛ[37mÛÛÛ
 [31m³  [0m[[1mt[30m] [0mList Msgs    [1;30mÛ[37;47mÛ[40mÛÛ    [30mÜ[0mÜ[47m [1m°°[0mßß[5C[1;30mÛ[37mÛÛİ[7C[30mŞ[37mÛÛİ  Ş[47mÛ²[4C[30;40mÛ[37mÛÛÛ
 ÀÄ[31mÄÄÄÄÄ[0;31mÄÄÄÄÄ[1;30mÄÄÄÄÄÄ Û[37;47mÛÛ[40mÛÛ [30mÄÄ [0mßß [1;30mÄÄÄÄÄÄÄÄÄŞ[37mÛÛİ[30mÄÄÄÄÄÄÄ[37mŞÛÛ [30mÄŞ[37mÛÛÛ   [30mÛ[37mÛÛÛÛ
[20C[30mÛ[37;47mÛÛ[40mÛÛ[17CŞÛÛ[6C[30mŞ[37mÛÛİ  [30mÛ[37mÛÛÛ   [30mÛ[37mÛÛÛ
[0;31m°±²Û[1;41m°±²Û[47m²±° [37m°±²Û²°[30m²[40m° Û[37mÛÛÛÛ[12C[30mÜ[0mÜ[47m [1C[1;30;40mŞ[37mÛÛİ    [30mÛ[37mÛÛÛ  [30mÛ[37mÛÛÛÛİ  [30mÛ[37mÛÛÛ
[21C[30mß[37mßÛÛÛÛÜ[6C[30mÜ[37mÜÜ[47m±±°[3C[30;40m²[37mÛ[47m²[40mİ  [30mŞ[37;47m²[40mÛÛ   [30mÛ[37mÛÛÛÛİ  [30mÛ[37mÛÛ[47m²[40mİ
[21C[30mHDß[37mßÛÛÛÛÛÜÜÜÛ[47mÛ²²²[0mß[5C[1;30;47mİ[37m±±[30;40mÜ[0mÜ[1;47m°±²[4C[30;40mÛ[37mÛÛÛÛİ   ŞÛ[47m²[0mİ
[26C[1;30mß[37mßßßÛ[47mÛÛ[40mÛÛßß[8C[0mß[1;47m±  °[7C[30;40mß[37mßßß    [30;47mİ [37m°±[40m
[28C[30mş  b  b  s   s  o ß[0mßß [1;30mt  w  a  r  e ş [0mßß[0m
