[40m[2J[2C[0;1;36mГ[7C[37mљ[25Cљ[23Cљ[2;1H[36mФ[0;36mФ[37mХ[s
[u[36mФ[1mФ[7Cммммм[7C[37mљ[8C[36mммммм[6Cммммм  [37mљ[11C[s
[u[36mммммм[7C[37mљ[3;1H  [36mГ   мммппп [34mммм [36mпппмм[11Cл[s
[u [34mм [36mл[6Cл [34mм [36mл[8Cмммппп [34mммм [36mпппмм[4;1H[s
[u    мп [34mмммлллллллллмм [36mпм    [37mљ  [36mмп [34mмл [36mл [s
[u[37mљ  [36mмп [34mмл [36mл   [37mљ  [36mмп [34mмммлллллллллмм [s
[u[36mпм  [37mљ[5;1H  [36mмп [34mмллллппппплллллллм [36mпм  лпп [s
[u[34mмллл [36mл лпп [34mмллл [36mл    мп [34mмллллппппплллллллм [s
[u[36mпм[6;1H л [34mмллллл [36mмпппм [34mплллллллм [36mл л [34mп[s
[uппплл [36mл л [34mпппплл [36mл   л [34mмллллл [36mмпппм [34mплл[s
[uлллллм [36mл[7;1H л [34mлллллл [36mпмм  пм [34mлллллллм [36mлпп[s
[uппл [34mлл [36mл ппппл [34mлл [36mл [37mљ [36mл [34mлллллл [s
[u[36mпмм  пм [34mлллллллм [36mл[8;1H л [34mпллллллмм [36mл  л [s
[u[34mпллллллл [36mл    л [34mлл [36mл[5Cл [34mлл [36mл   л [s
[u[34mпллллллмм [36mл  л [34mпллллллл [36mл[9;1H  л [34mппллллпп [s
[u[36mл   л [34mллллллл [36mл  [37mљ [36mл [34mлл [36mл[5Cл [s
[u[34mлл [36mл    л [34mппллллпп [36mл   л [34mллллллл [36mл
[10;1H   ппм [34mпп [36mмпп    л [34;44mлллллл[40mп [36mл    л [s
[u[34mлл [36mл[5Cл [34mлл [36mл[5Cппм [34mпп [36mмпп    л [34m[s
[uллллллп [36mл[11;1H[6Cпппп[6Cл [34mм[44mллллл[40mп [36mл [s
[u[37mљ   [36mл [34mлл [36mл [37mљ   [36mл [34mлл [36mл  [37mљ[s
[u[5C[36mпппп   [37mљ  [36mл [34mмлллллп [36mл[12;1H[37mљ[9Cљ [s
[u  [36mмп [34mм[44mллллл[1C[36;40mмп[6Cл [34mлл [36mл[5Cл [s
[u[34mлл [36mл[6C[37mљ[9C[36mмп [34mмллллл [36mмп[13;1H[11Cмм[s
[uп [34mмлллпп [36mммп[7Cл [34mлл [36mл[5Cл [34mлл [36mл[13Cмм[s
[uп [34mмлллпп [36mммп[14;1H[8Cммп [34mммлпп [36mммпп[10Cл [34m[s
[uлл [36mл   [37mљ [36mл [34mлл [36mл   [37mљ[6C[36mммп [34mмм[s
[uлпп [36mммпп[15;1H [37mљ  [36mммпп[34mммпп[36mммммпп[11C[37mљ[s
[u  [36mл [34mлл [36mл[5Cл [34mлл [36mл[6Cммпп[34mммпп[36mмммм[s
[uпп[7C[37mљ[16;1H  [36mмп [34mммл [36mмпп   [37mљ[7C[36mммммм[s
[u    л [34mлл [36mл[5Cл [34mлл [36mл    мп [34mммл [36mмпп[6C[s
[u[37mљ    [36mммммм[17;1H л [34mмллллмм[36mппммм[8Cл [34mм [s
[u[36mл    л [34mлл [36mл  [37mљ  [36mл [34mлл [36mл [37mљ [s
[u[36mл [34mмллллмм[36mппммм[8Cл [34mм [36mл[18;1H л [34mлллп [s
[u[36mмм[34mппммм[36mппммммпп [34mмл [36mл   мл [34mлл [36mлм   [s
[uмл [34mлл [36mлм  л [34mлллп [36mмм[34mппммм[36mппммммпп [34mм[s
[uл [36mл[19;1H л [34mллл [36mл  ппмм [34mппмммммппп [36mмп мп [s
[u[34mммллмм [36mпмп [34mммллмм [36mпмл [34mллл [36mл  ппмм [34m[s
[uппмммммппп [36mмп[20;1H лмммммл[6Cпппммммммппп  лмммммммммммлммммм[s
[uммммммлмммммл  [37mљ   [36mпппммммммппп[21;1H[76CГ[22;1H[74CФ[s
[u[0;36mФ[37mХ[36mФ[1mФ[23;1H[76CГ[24;1H[34C[0;31mмммммммммммм[s
[uм[25;1H[28Cмммлллл[1;41mммммммммммм[0;31mллллммм
[24Cммлл[1;41mммм[40mпппп  [0;31mм[1;41mм[46mп п[41mм[0;31mм  [A
[46C[1mпппп[41mммм[0;31mллмм
[21Cмлл[1;41mмм[40mпп[9C[41m л[46m   [40mл[41m [9C[40mпп[A
[55C[41mмм[0;31mллм
[19Cмл[1;41mм[40mпп[12C[41m [40mл[46m     [40mл[41m [12C[40m[A
[57C[40mпп[41mм[0;31mлм
[17Cмл[1;41mм[40mп[14C[0;31mм[1;41mм[46mп     п[41mм[0;31mм[A
[46C[14C[1mп[41mм[0;31mл
[16Cмл[1;41mм[40mп[15C[41m [40mл[46m       [40mл[41m [15C[40m[A
[61C[40mп[41mм[0;31mл
[15Cмл[1;41mм[40mп[15C[41m л[46m         [40mл[41m [15C[40m[A
[62C[40mп[41mм[0;31mл
[14Cмл[1;41mм[40mл[41mммммммммммммммммм[46mп         п[41mммм[40m[A
[49C[41mмммммммммммммм[40mл[41mм[0;31mл
[14Cлл[1mл[41mп[46mмм                                         м[40m[A
[62C[46mм[41mп[40mл[0;31mлл
[13Cлл[1mл  [0;31mппп[1;41mп[46mмм    [0;36mллллллл[46m [40m[A
[36C[40mлл[46m [40mлллллллллллллллллл[1;31;46mмм[41mпп[0;31mпп  [A
[65C[1mл[0;31mлл
[13Cлл[1mл[6C[0;31mпп[1;41mпп[46mмм        [0;36mлл[46m [40m[A
[39C[40mлллллллл[46m      [1;31mмм[41mпп[0;31mпп[6C[1mл[0;31mлл
[13Cлл[1mл[10C[0;31mпп[1;41mпп[46mм     [0;36mлл[46m [40mлллллл[A
[45Cллл[46m  [1;31mм[41mпп[0;31mпп[10C[1mл[0;31mлл
[14Cлл[1mл[11C[0;31mм[1;41mм[46mп     [0;36mлл[46m [40mлллллллл[A
[47Cл[46m [40mл[1;31;46mп[41mм[0;31mм[11C[1mл[0;31mлл
[15Cл[1;41mп[40mм[10C[0;31mл[1mл[46m          м          [40m[A
[51C[40mл[0;31mл[10C[1mм[41mп[0;31mл
[16Cл[1;41mп[40mм[8C[0;31mл[1mл[46m        мм[41mп[0;31mп[A
[41C[1;41mп[46mмм        [40mл[0;31mл[8C[1mм[41mп[0;31mл
[17Cл[1;41mп[40mм[6C[0;31mл[1mл[46m      мм[41mп[0;31mпп   пп[A
[44C[1;41mп[46mмм      [40mл[0;31mл[6C[1mм[41mп[0;31mл
[18Cл[1;41mп[40mм    [0;31mл[1mл[46m    мм[41mп[0;31mпп[9Cпп[A
[47C[1;41mп[46mмм    [40mл[0;31mл    [1mм[41mп[0;31mл
[1;30mкФФФ[37mФФФФФФФФФФФФ[30mФФФ[0;31mпл[1;41mп[40mмм[41mм[40m[A
[25C[46mп  мм[41mп[0;31mпп[1;37mФФФФФФФФФФФФФФФ[0;31mпп[A
[50C[1;41mп[46mмм  п[41mм[40mмм[41mп[0;31mлп[1;30mФФФ[37mФФФФФФ[A
[71CФФФФ[30mФФФП
[37mГ[30mњ [0;36m2o1-[1m728-2612 [30mњ њ њ[0;31mплл[1;41mпп[40m[A
[26C[46mлл[41mп[0;31mп  [36mTwe[1mnty-One Twelve  [0;31mп[A
[52C[1;41mм[40mлл[41mпп[0;31mллп   [1;36m96oo+ O[0;36mNLY!!! [A
[77C[1;30mњ[37mГ
Г[30mњ [0;36m155o Me[1mgabytes [30mњ њ њ [0;31mпплл[1;41mппп[40m[A
[31C[40mмммм [30mњ њ њ њ њ [31mмммм[41mппп[0;31mллпп [1;30mњ њ  [A
[63C[36mCeleri[0;36mty 1.41 [1;30mњ[37mГ
Г[30mњ [0;36mPlus CD_[1mROM  [30mњ њ њ њ њ њ [0;31mппплллл[A
[35C[1;41mппппппппппп[0;31mллллппп [1;30mњ њ њ [36m8o386/4o  [A
[70C[0;36mServer [1;30mњ[37mГ
Г[30mњ [0;36mSysOp: An[1malog Kid  [30mњ њ њ њ њ њ њ[0;31mппппппппп[A
[44Cпп[1;30mњ њ њ њ њ  [36mCall NOW [0;36mfor Access [1;30mњ[37mГ
[30mРФФФ[37mФФФФФФФФФФФФ[30mФФФФФФФФФ[37mФФФФФФФФФФФФФФФФФФФФФФФФФФФ[A
[52CФФФФ[30mФФФФФФФФФ[37mФФФФФФФФФФ[30mФФФй
[60C[0;34m [D [1;36mANSi by LnS [0;34m [D

[0m[255D