[40m[2J[0;30m€€€€€€€€€€€€€€€€€€€€€€   [1;32m‹[42m≤≤[40m›[0;32m‹ [1mﬂ‹[42m≤±≤[40m‹ ‹  ﬂ‹    €  ‹[42m≤±∞[0;32m‹
[9Cﬂ[14C[1;42m≤[40mﬂ ﬂ [42m∞[0;32m› ﬁ‹ ﬂ[1;42m±[40m›ﬁ[42m±[2C[40mﬁ›  ﬁ› ﬂ   [0;32mﬂ[1;42m∞[0;32m›[13Cﬂ
   [1;30m‹ﬂ≤ﬂﬂﬂﬂﬂﬂﬂﬂﬂﬂﬂ ﬂﬂ ˛ [32mﬁ[42m±[0;32m›  ‹ﬁ› [1;42m∞[1C[0;32mﬂ[1;42m∞[0;32m‹  [1;42m∞[0;32m› ‹[1;42m±[2C±[3C[0;32m‹‹ﬂﬂﬂ  [1;30m˛ ﬂﬂ ﬂﬂﬂﬂﬂﬂﬂﬂﬂﬂﬂ≤ﬂ‹
   ﬂﬂ  [0m˛ [32m€ [37mﬂﬂﬂﬂﬂﬂﬂ ﬂ    [1;32mﬂ[42m∞[0;32m‹€€ﬂ ﬁ€ﬂ‹‹ﬂ  ﬂ[1;42m∞ [0;32mﬂ  ﬁ›  [1;42m∞[0;32mﬂ‹‹‹ﬂ    [37mﬂ ﬂﬂﬂﬂﬂﬂﬂ [32m€ [37m˛  [1;30mﬂﬂ
[32mﬂ[0;32mﬂ[1mﬂ[0;32mﬂﬂﬂﬂﬂﬂﬂ[16Cﬂﬂ[17Cﬂ[11C[1;30mSomms<ACiD> [0;32mﬂﬂﬂﬂ[1mﬂ[0;32mﬂﬂﬂﬂ[1mﬂ
   [30m€   [0m€[63C€   [1;30m€
   ≤   [0m›   [1;32mb [0;32mbac[1;30mkward title   [32mq [0;32mqui[1;30mt[15C[32mm [0;32mrep[1;30mly reading new [0mﬁ   [1;30m≤
   ±   [0m›   [1;32mc [0;32mnew[1;30mscan config   [32mr [0;32mrea[1;30md messages[6C[32mn [0;32mnew[1;30mscan[11C[0mﬁ   [1;30m±
   ∞   [0m›   [1;32md [0;32mdel[1;30mete message   [32mt [0;32mtra[1;30mnsfers[10C[32mp [0;32mpos[1;30mt message[6C[0mﬁ   [1;30m∞
[7C[0m›   [1;32me [0;32medi[1;30mt message[5C[32mu [0;32muse[1;30mrs with access  [32m! [0;32msel[1;30mect header[5C[0mﬁ
   [1;30m∞   [0m›   [1;32mg [0;32mgoo[1;30mdbye[10C[32mv [0;32mnew[1;30mscan base[7C[32m^ [0;32mdow[1;30mnload capture  [0mﬁ   [1;30m∞
   ±   [0m›   [1;32mj [0;32mjoi[1;30mn conference  [32mw [0;32mfor[1;30mward title[6C[32m[ [0;32mpre[1;30mvious base[5C[0mﬁ   [1;30m±
   ≤   [0m›   [1;32ml [0;32mlis[1;30mt bases[28C[32m] [0;32mnex[1;30mt base[9C[0mﬁ   [1;30m≤
   €   [47m [63C[0m€   [1;30m€
[32m‹[0;32m‹‹‹‹[1m‹[0;32m‹‹‹‹   [1m‹‹[9C‹‹‹‹   [0;32m‹[1;42m∞±≤[40m‹   [0;32m‹[1;42m∞±≤[40m‹[5C‹‹   ‹[42m≤≤[40m›   ‹‹‹‹    [0;32m‹‹‹‹‹‹‹[1m‹[0;32m‹[1m‹
   [30m‹‹  [0m˛ [32m€    [1;42m≤±∞[0;32m‹ [1;42m∞±[40m‹ [42m≤[40mﬂ   ﬂ [0;32mﬁ[1;42m∞[0;32mﬂ   [1mﬂ [0;32mﬁ[1;42m∞[0;32mﬂ   [1mﬂ  [0;32m‹ﬂ[1;42m±≤[2C≤[40mﬂ ﬂ [0;32m‹ [1;42m≤[40mﬂ   ﬂ   [0;32m€ [37m˛  [1;30m‹‹
   ﬂ‹≤‹‹‹‹‹ ˛  [32;42m∞[0;32mﬂ ﬂ› [1;42m±[40m›ﬁ[42m±[0;32m‹ﬂ    ﬂﬂﬂ‹‹   ﬂﬂﬂ‹‹  ﬁ› ‹[1;42m∞[0;32m›[1mﬁ[42m±[0;32m›  ﬂﬁ›ﬁ[1;42m±[0;32m‹ﬂ  [1;30m˛ ‹‹‹‹‹≤‹ﬂ
[7C[0m‹ [32m‹[5Cﬁ›    ﬁ  [1;42m∞[2C[0;32m‹   ‹  ‹[1;42m∞[0;32m›  ‹  ‹[1;42m∞[0;32m› ﬂ   ﬁ› [1mﬂ[42m∞[0;32m‹€€ﬂ  [1;42m∞[2C[0;32m‹    ‹ [37m‹
[7Cﬂ[8C[32mﬂ[8Cﬂﬂ[5Cﬂﬂﬂﬂ    ﬂﬂﬂ[8Cﬂ[10Cﬂﬂ[7C[37mﬂ[0m
