[40m[2J[4C[0;30m€€€€€€€€€€€€€[8C[1;32m‹[42m≤≤[40m›[0;32m‹ [1mﬂ‹[42m≤±≤[40m‹ ‹  ﬂ‹    €  ‹[42m≤±∞[0;32m‹
[13Cﬂ[10C[1;42m≤[2C[40mﬂ [42m∞[0;32m› ﬁ‹ ﬂ[1;42m±[40m›ﬁ[42m±[2C[40mﬁ›  ﬁ› ﬂ   [0;32mﬂ[1;42m∞[0;32m›[9Cﬂ
[7C[1;30m‹ﬂ≤ﬂﬂﬂﬂﬂﬂﬂ ﬂﬂ ˛ [32mﬁ[42m±[0;32m›  ‹ﬁ› [1;42m∞[1C[0;32mﬂ[1;42m∞[0;32m‹  [1;42m∞[0;32m› ‹[1;42m±[2C±[3C[0;32m‹‹ﬂﬂﬂ  [1;30m˛ ﬂﬂ ﬂﬂﬂﬂﬂﬂﬂ≤ﬂ‹
[7Cﬂﬂ  [0m˛ [32m€ [37mﬂﬂﬂ ﬂ    [1;32mﬂ[42m∞[0;32m‹€€ﬂ ﬁ€ﬂ‹‹ﬂ  ﬂ[1;42m∞ [0;32mﬂ  ﬁ›  [1;42m∞[0;32mﬂ‹‹‹ﬂ    [37mﬂ ﬂﬂﬂ [32m€ [37m˛  [1;30mﬂﬂ
    [32mﬂ[0;32mﬂ[1mﬂ[0;32mﬂﬂﬂﬂﬂﬂﬂ[12Cﬂﬂ[17Cﬂ[10C[1;30mSô<ACiD> [0;32mﬂﬂﬂﬂ[1mﬂ[0;32mﬂﬂﬂﬂ[1mﬂ
[7C[30m±   [0m€[55C€   [1;30m±
[7C∞   [0m›[10C[1;32ma [0;32madd [1;30mrumor[11C[32mq [0;32mqui[1;30mt[17C[0mﬁ   [1;30m∞
[11C[0m›[10C[1;32md [0;32mdel[1;30mete rumor[8C[32ms [0;32msho[1;30mw rumors[10C[0mﬁ
[7C[1;30m∞   [0m›[10C[1;32ml [0;32mlis[1;30mt rumors[32C[0mﬁ   [1;30m∞
[7C±   [47m [55C[0m€   [1;30m±
    [32m‹[0;32m‹‹‹‹[1m‹[0;32m‹‹‹‹[51C‹‹‹‹‹‹‹[1m‹[0;32m‹[1m‹
[7C[30m‹‹  [0m˛ [32m€  [1mﬁ‹ ‹‹‹   ‹ﬂ  ‹ ‹[10C‹[42m≤≤[40m›[0;32m‹ [1mﬁ‹ ‹‹‹   [0;32m‹[1;42m∞±≤[40m‹   [0;32m€ [37m˛  [1;30m‹‹
[7Cﬂ‹≤‹‹‹‹ ˛ [32;42m±[40mﬂ  ﬂ[42m≤[1C[40mﬁ›  [42m±[40m› ﬁ[42m±∞[0;32m‹ [1;42m∞±[40m‹  [42m≤[40mﬂ ﬂ [42m∞[0;32m› [1;42m±[40mﬂ  ﬂ[42m≤[1C[0;32mﬁ[1;42m∞[0;32mﬂ   [1mﬂ [30m˛‹‹‹‹≤‹ﬂ
[11C[0m‹ [32m‹   [1;42m∞±[1C[0;32m‹ﬂ  [1;42m±[0;32m‹ ﬁ[1;42m∞[3C∞[0;32mﬂ ﬂ› [1;42m±[40m›ﬁ[42m±[0;32m›  ‹ﬁ› [1;42m∞±[1C[0;32m‹ﬂ   ﬂﬂﬂ‹‹   ‹ [37m‹
[11Cﬂ[5C[32mﬁ›  ﬁ‹  ﬂ€€ﬂ   ﬁ›    ﬁ  [1mﬂ[42m∞[0;32m‹€€ﬂ  ﬁ›  ﬁ‹  ‹  ‹[1;42m∞[0;32m›    [37mﬂ
[17C[32mﬂ[5Cﬂ[9Cﬂ[9Cﬂﬂ    ﬂ[5Cﬂ  ﬂﬂﬂﬂ[0m
