[40m[2J[0;1;30mƒƒ[0mƒ[1m≈[0mƒ[1;30mƒƒ [37m˙[2;1H   ˙[30;47m›[40m[s
[u[47m[33m€€€€[40m€€€€€€€€€€€€€€€[47m€€€€€[30mﬁ[1C›[33;40m€€€€€€€€  [s
[u  €€€€€€€€[30;47mﬁ[1C›[33;40m€€€€€€€€€€€€€€€€€[30;47mﬁ[3;1H[4C[40m[s
[u[47m›[33;40m€€€€€€€€€€€€€€€€€€€€€€€€[30;47mﬁ[1C›[33;40m€€€€€€€€‹‹‹‹€[s
[u€€€€€€€[30;47mﬁ[1C›[33;40m€€€€€€€€€€€€€€€€€[30;47mﬁ[4;1H[5C[40m[s
[u[37;40mﬂﬂﬂﬂﬂﬂﬂ [30;47m›[37mﬂﬂﬂﬂﬂﬂﬂ[30mﬁ[1C[37;40mﬂﬂﬂﬂﬂﬂ  [s
[u[30;47m›[37mﬂﬂﬂﬂﬂﬂﬂﬂﬂﬂﬂﬂﬂﬂﬂﬂﬂﬂﬂﬂ[30mﬁ[1C›[37mﬂﬂﬂﬂﬂﬂﬂ[0m‹‹‹‹‹[5;1H[s
[u[13C[1;30mﬂﬂﬂﬂﬂﬂﬂﬂﬂ[9Cﬂﬂﬂﬂﬂﬂﬂﬂﬂﬂﬂﬂﬂﬂﬂﬂﬂﬂﬂﬂﬂﬂ ﬂﬂﬂﬂﬂﬂﬂﬂﬂﬂﬂﬂﬂ [37m˙ [s
[u[30mƒƒ[0mƒ[1m≈[0mƒ[1;30mƒƒ [37m˙[6;1H[13C[30;47m›[37m‹‹‹‹‹[40m[s
[u[47m‹‹[30mﬁ[9C›[37m‹‹‹‹‹‹‹‹[30mﬁ[2C›[37m‹‹‹‹‹‹‹‹[30mﬁ[1C›[40m[s
[u[47m[37m‹‹‹‹‹‹‹‹‹‹‹‹‹‹‹‹‹[30mﬁ[37;40m˙[7;1H[13C[30;47m›[40m[s
[u[33;40m€€€€€€€[30;47mﬁ[9C›[33;40m€€€€€€€€[30;47mﬁ[2C›[33;40m€€€€€€[s
[u€€[30;47mﬁ[1C›[33;40m€€€€€€€€€€€€€€€€€[30;47mﬁ[8;1H[2C[40m±±±±±±±±[s
[u±±±±±±±±±±±±±±±±±±±±±±±±±±±±±±±±±±±±±±±±±±±±±±±˙[0;36m˙˘=[1m=)Naut[s
[u[0;36milus[1m(=[0;36m=˘˙[1;30m˙[9;1H∞∞±∞[37m‹[30m±±±±±±∞[33m‹‹‹‹[s
[u‹‹‹‹‹‹‹‹‹‹‹‹ ‹‹‹‹‹‹‹‹‹ ‹‹‹‹‹‹‹‹‹‹ ‹‹‹‹‹‹‹‹‹[30m±±±±±[33m‹‹‹‹‹‹‹‹[0;34m[s
[u-[1m([0mT[1mNO[34m)[0;34m-[10;1H[1;30m∞∞∞±±[37mﬂ‹[30m±±[33m‹[s
[u[30m±[33m€›[0;34m±±±±±±±±±±±±±∞[1;33mﬁ€›[0;34m±±±±±±±[1;33mﬁ€[s
[u[0;34m±±±±±±±±±±[1;33m€ [0;34m±±±±±±±±[1;33mﬁ[30m±±±[33m€›[0;34m±±[s
[u±±±±±[1;33m€[30m±±±[37m‹ﬂ[30m±[11;1H∞[37m‹[30m∞∞±±∞[33m‹€ ‹›[s
[u[0;34m±±±±[1m∞[0;34m±±[1m∞∞∞[0;34m±[1m∞[0;34m±±±[1;33mﬁ›[0;34m±±[s
[u[1m∞[0;34m±±[1m∞[0;34m±±[1;33mﬁ[0;34m±±[1m∞∞[0;34m±±±[1m∞∞[s
[u[0;34m±±±[1;33m›[0;34m±±[1m∞∞∞∞[0;34m±±[1;33mﬁ€ €€›[0;34m±±[1m∞∞∞[s
[u[0;34m±[1m∞[33m›‹[30m±[37mﬂ[30m±±±[12;1H∞±[37mﬂ‹[30m∞∞∞[33mﬂ€€›[s
[u[0;34m±[1m∞[0;34m±±[1m∞∞∞∞∞∞∞∞∞∞[0;34m±[1;33mﬁ›[0;34m±[1m∞∞∞[s
[u[0;34m±[1m∞∞∞[0;34m±[1;33mﬁ[34m∞∞∞∞∞[0;34m±[1m∞∞∞∞∞∞[33mﬁ›[34m∞∞[s
[u∞∞∞∞[0;34m±[1;33mﬁ€ﬁ€€[34m∞∞∞∞∞∞∞[33m€ ‹€[30m±±±±[13;1H∞±±∞[33m‹ﬂ[s
[u[30m∞∞[33m€›[34m∞∞∞∞∞∞∞∞±∞∞∞∞±∞∞[33mﬁ[34m∞±∞∞∞±∞∞∞±[33mﬁ[34m∞±∞∞∞∞[s
[u∞∞∞±∞∞∞[33m›[34m±±∞∞±±±∞[33mﬁ€€›[34m∞±±∞±±∞[33m€€ﬂ[30m±±[37m‹ﬂ[s
[u[30m±[14;1H[37m‹[30m∞±∞[33mﬂ€‹[30m±±[33m›[34m∞±∞±∞[37mﬁ€[34m∞±±[s
[u∞∞±±∞[33mﬁ›[34m±±±∞±±±∞±±[33mﬁ[34m±±±∞[37m€›[34m∞∞±±±∞∞[33mﬁ›[34m[s
[u±±±±±±±[33mﬁ€€›[34m±±±±±±[33m€ﬂ[30m±±±[37mﬂ[30m±±±[15;1H±[37mﬂ[s
[u[30m±±±[33mﬂ€€›[34m±±±±±±[37mﬁ€[34m±±±±±±±±[33mﬁ[34m±±±±±[37mﬁ€[s
[u[34m±±±±[33mﬁ[34m±±±±±[37m€›[34m±±±±±±±[33mﬁ›[34m±±±±±±±[33mﬁ€›[s
[u[34m±±±±±±[33m€[30m∞[33mﬂ‹[30m±±±[37m‹[30m±[16;1H±±[33m‹ﬂ[30m±±[s
[uﬁ[33m€›[34;44m∞[40m±±±[44m∞[37;40mﬁ€[34m±±[44m∞[40m±±±[44m∞[40m[s
[u[44m∞[33;40mﬁ›[34;44m∞[40m±±±[44m∞[37;40mﬁ€[34;44m∞[40m±±±[33mﬁ[s
[u[34m±[44m∞[40m±±±[44m∞[37;40m€›[34m±±±±[44m∞[40m±[33mﬁ›[s
[u[34;44m∞∞[40m±±±[44m∞∞[33;40mﬁ›[34m±[44m∞[40m±±±[44m∞[40m[s
[u[33;40m€€‹€ﬂ[30m±[37m‹ﬂ[30m±±[17;1H±±[33m€€‹€€›[34;44m∞∞∞[40m[s
[u[40m±[44m∞[37;40mﬁ€[34m±±[44m∞∞∞[40m±[44m∞∞[33;40mﬁ›[34;44m[40m[s
[u[44m∞∞[40m±[44m∞∞[37;40mﬁ€[34;44m∞∞∞[40m±[44m∞[33;40mﬁ[s
[u[34;44m∞∞∞[40m±[44m∞[37;40m€›[34;44m∞∞[40m±[44m∞∞∞∞[33;40mﬁ€›[s
[u[34;44m∞∞[40m±[44m∞∞∞∞[33;40m›[34;44m∞∞∞[40m±[44m∞∞[33;40m€€ﬂ[s
[u[30m±±±±±±±[18;1H[37mﬂ‹[30m±[33mﬂ€€›[34;44m∞∞∞∞∞∞[37;40mﬁ€[s
[u[34;44m∞∞∞∞∞∞∞∞[33;40mﬁ[34;44m∞∞∞∞∞[37;40mﬁ€[34;44m∞∞∞∞∞∞[40m[s
[u[33;40mﬁ[34;44m∞∞∞∞∞[37;40m€›[34;44m∞∞∞∞∞∞[33;40mﬁ€€›[34;44m∞∞[40m[s
[u[44m∞∞∞∞∞∞∞∞∞∞∞[33;40m€[30m±±±±[33mﬂ‹[30m±[37m‹ﬂ[30m±[19;1H±±[s
[u[37mﬂ[30m±±[33m€›[34;44m∞∞∞∞∞[37;40mﬁ€[34;44m∞∞∞∞∞∞∞∞[33;40mﬁ›[s
[u[34;44m∞∞∞∞∞∞∞∞∞∞∞∞∞[33;40mﬁ[34;44m∞∞∞∞∞∞∞∞∞∞∞∞∞∞[33;40mﬁ€€›[s
[u[34;44m∞∞∞∞∞∞∞∞∞∞∞∞∞[33;40m€[30m±±[33m‹€€[30m±±±±[20;1H[33m‹ﬂ[30m[s
[u±±[33m€›[34;44m±∞∞±∞[37;40mﬁ€[34;44m∞∞±∞∞∞±∞[33;40mﬁ›[34;44m±∞[40m[s
[u[44m∞∞∞±∞∞∞∞±∞∞∞[33;40mﬁ[34;44m∞∞±∞∞∞±∞±∞∞∞±∞∞[33;40mﬁ€€›[s
[u[34;44m±±∞∞∞∞∞∞∞±∞∞∞±[33;40m€€ﬂ[30m±±[33mﬂ‹[30m±[21;1H[33m€€‹€›[s
[u[34;44m±±∞±±±[37;40mﬁ€[34;44m∞±±±∞±±±[33;40mﬁ[34;44m±±±∞∞±±±∞∞±[40m[s
[u[44m±±∞±[33;40mﬁ[34;44m±±±±∞±[33;40mﬁ[34;44m±±±∞±±±±±[33;40mﬁ€›[s
[u[34;44m±±±∞±±±∞±±±∞±±±[33;40m€[30m±[33m‹€€ﬂ[30m±[22;1H∞[33mﬂﬂ€›[s
[u[34;44m∞±±±±[37;40mﬁ€[34;44m±±±±±±±±[33;40mﬁ›[34;44m±±±±±±±±±±±[40m[s
[u[44m±±±±[33;40mﬁ[34;44m±±±±±±[33;40mﬁ›[34m€[44m±±±±±±±±[40m[s
[u[33;40mﬁ€›[34;44m±±±±±±±[40m€[44m±±±±±±±[33;40m€€€ﬂ[30m±±[23;1H[A
[33m‹[30m∞[33m€›[34;44m±±±±±±[37;40mﬁ€[34;44m≤±±±±±≤±[33;40mﬁ[A
[21C[34;44m≤≤±±±≤≤[33;40mﬁ[34;44m±≤±±±±≤±[33;40mﬁ[34;44m±≤±±±≤±[40m[A
[45C[33;40mﬁ›[34;44m±±±≤±±±≤±[33;40mﬁ›[34;44m±±≤±±±≤[33;40m›[A
[66C[34;44m≤≤±±±±≤≤[33;40m€€›[30m±±[0m
[0;1;33mﬂ€›[34;44m≤≤±±≤≤[37;40mﬁ€[34;44m≤≤≤±±≤≤≤[33;40mﬁ[34;44m≤≤[40m
[A[22C[44m≤≤±≤≤[33;40mﬁ[34;44m≤≤≤≤±±≤≤≤[33;40mﬁ[34;44m≤≤≤±≤≤≤[40m
[A[45C[33;40mﬁ€€›[34;44m≤≤≤±≤≤≤≤[33;40mﬁ›[34;44m≤≤≤±≤≤[40m€[33m€›
[A[68C[34;44m≤≤±≤≤≤≤[40m€[33m€ ‹
ﬁ€›[34;44m≤≤≤≤≤≤≤≤≤≤≤≤≤≤≤[33;40mﬁ›[34;44m≤≤≤≤≤≤≤[33;40mﬁ[34;44m≤≤≤[40m
[A[31C[44m≤≤≤≤≤≤[33;40mﬁ[34;44m≤≤≤≤≤≤≤≤[33;40mﬁ€€›[34;44m≤≤≤≤≤≤≤[40m
[A[57C[44m≤[33;40mﬁ›[34;44m≤≤≤≤≤≤≤[33;40m€›[34;44m≤≤≤≤≤≤≤≤[40m
[A[77C[33;40m€›
€›[34;44m≤≤≤≤≤≤≤≤≤≤≤≤≤≤≤≤[33;40mﬁ[34;44m≤≤≤≤≤≤≤[33;40mﬁ[34;44m≤≤≤≤[40m
[A[31C[44m≤≤≤≤≤≤[33;40mﬁ[34;44m≤≤≤≤≤≤≤≤[33;40mﬁ€€€›[34;44m≤≤≤≤≤≤[40m
[A[57C[44m≤≤[33;40m›[34;44m≤≤≤≤≤≤≤[33;40m€€›[34;44m≤≤≤≤≤≤≤≤[40m
[A[78C[33;40m€
ﬂ€‹‹‹‹‹‹‹‹‹‹‹‹‹‹‹‹€‹‹‹‹‹‹‹€‹‹‹‹‹‹‹‹‹‹€‹‹‹‹‹‹‹‹€€€€€‹‹‹‹‹‹‹‹€‹‹‹‹‹‹‹€€€‹‹‹‹‹‹
[A[76C‹‹ﬂ
[37m⁄¬[0m¬[1;30m¬¬¬¬¬¬¬¬¬¬¬¬¬¬¬¬¬¬¬¬¬¬¬¬¬¬¬¬¬¬¬¬¬¬¬¬¬¬¬¬¬¬¬¬¬¬¬¬¬¬¬¬¬¬¬¬¬
[A[60C¬¬¬¬¬¬¬¬¬¬¬¬¬¬¬¬[0m¬[1m¬ø
≥[0m‹‹‹‹[1m‹‹‹‹‹‹[0;34mø[37mø[1m¬¬[30m≈≈≈[0m‹‹‹[1m‹‹‹‹‹‹‹[0;34mø
[A[29C[37mø[1m¬[0m¬[1;30m≈≈≈[0m‹‹‹‹[1m‹‹‹‹‹[0;34mø[37mø[1m¬[0m¬
[A[48C[1;30m≈≈≈[0m‹[34mø[1;30m≈≈≈≈≈≈≈[37m¬[0m¬[1;30m≈≈≈[0m‹‹‹‹[1m
[A[69C‹[0;34mø[1;37m‹‹‹‹‹[0;34mø[37mø[1m≥
|[0m‹[34mø [37m‹‹‹[1m‹‹‹€[0;34m≥[37m≥[1;30m≈[37m≈[0m≈[1;30m≈≈[0m‹
[A[19C‹‹‹‹[1m‹‹‹‹‹[0;34mø[37mø[1;30m≈[37m≈[0m≈[1;30m≈≈[0m€[34m≥
[A[37C[1;30m≈≈≈≈≈≈[37m€[0;34m≥[37m≥[1;30m≈[37m≈[0m≈[1;30m≈≈[0m€
[A[52C[34m≥[1;30m≈≈≈≈≈≈≈≈[37m≈[0m≈[1;30m≈≈[0m€[34m≥[37m≥[1;30m≈≈
[A[70C[37m‹[0;34mø[1;30m≈≈≈[37m€[0;34m¥[37m≥[1m|
˙[0m€[34m≥[37m≥[1;30m≈≈≈≈≈[37m€[0;34m≥[37m≥[1;30m≈≈[0m≈[1m≈[30m≈≈
[A[18C[0m‹‹‹‹‹‹‹[1m‹‹‹[0;34mø[37mø[1;30m≈[0m≈[1m≈[30m¡≈[0m‹‹‹‹‹‹‹
[A[42C[1m‹‹‹[0;34mø[37mø≈[1m≈[30m≈≈[0m‹‹‹‹‹[1m‹‹‹€[0;34m≥[37mø≈
[A[63C[1m≈[30m≈[0m€[34m≥[37m≥[1;30m≈≈≈≈≈≈¡[37m€[0;34m¥[37m≥[1m˙
[0m˙ƒƒŸ[1;30m≈≈≈≈≈[0mƒƒŸ[1;30m≈≈≈≈≈≈[0mƒƒƒƒƒƒƒƒƒƒƒŸ[1;30m≈≈≈≈≈[0mƒƒƒƒ
[A[39CƒƒƒƒƒƒƒŸ[1;30m≈≈≈≈[0mƒƒƒƒƒƒƒƒƒƒŸ[1;30m≈≈≈[0mƒƒŸ[1;30m≈≈≈≈≈≈≈
[A[75C[0mƒƒŸ˙
[1;30m˙[77C˙
[6C[33më [37m3[31m3[0;31m6 M[1me[37mgz [33më [37mLat[32mest A
[A[27C[0;32mnd Great[1mest Wa[37mrez [33më [37m(3[34m05) [0;34mPri
[A[56C[1m-va[37mte [33më [37mN[35mo R[0;35ma[1mti[37mo [33më[0m

Downloaded From P-80 International Information Systems 304-744-2253
