[32C[0;1;30m∞[21C∞
[14C∞[17C[0;31m∞[20C[1;30m∞[0;31m∞ [1;30m∞
[13C∞[0;31m∞[16C[1;30m∞[0;31m∞[12C[1;30m∞[6C∞[0;31m∞∞[1;30m∞
[A[56C[0;31m∞
[12C[1;30m∞[0;31m∞∞[1;30m∞   ∞[5C∞   ∞[0;31m∞∞∞[12C∞[5C[1;30m∞
[A[52C[0;31m∞∞∞∞∞  [1;30m∞
[12C[0;31m∞∞∞∞[8C[1;30m∞[0;31m∞  ∞∞∞∞∞[11C[1;30m∞[0;31m∞   [1;30m∞
[A[50C[0;31m∞∞∞±∞∞∞
[11C[1;30m∞[0;31m∞∞∞[1;30m∞  ∞[5C[0;31m∞∞ [1;30m∞[0;31m∞∞±∞∞[1;30m
[A[33C∞[10C[0;31m∞∞[1;30m∞∞[0;31m∞∞∞±±±∞∞∞  [1;30m∞[9C∞
[10C∞[0;31m∞∞∞∞[1;30m∞  [0;31m∞[5C∞∞[1;30m∞[0;31m∞∞±±±∞∞[1;30m∞[9C
[A[44C[0;31m∞±∞∞∞±±≤±±∞∞[1;30m∞ ∞[0;31m∞[8C[1;30m∞[0;31m∞[1;30m∞
[9C∞[0;31m∞∞∞±∞∞∞[1;30m∞[0;31m∞[5C∞∞∞∞±±≤±±∞∞[1;30m∞[7C∞[0;31m∞∞±±±
[A[49C≤≤≤±±∞[1;30m∞ ∞[0;31m∞∞[1;30m∞[7C[0;31m∞∞∞[1;30m∞  ∞
[7C∞ [0;31m∞∞∞±±∞∞∞∞∞  [1;30m∞  ∞[0;31m∞∞±±±≤≤±±∞∞[1;30m∞    ∞[0;31m∞
[A[43C∞∞±±≤≤≤[1;41m∞[0;31m≤≤±∞[1;30m∞∞[0;31m∞∞∞∞[6C[1;30m∞[0;31m∞∞
[A[70C∞∞[1;30m∞
[9C∞[0;31m∞∞±±±±∞∞∞[6C[1;30m∞[0;31m∞±±≤≤[1;41m∞[0;31m≤≤±±∞∞[1;30m∞∞
[A[40C[0;31m∞∞∞±±≤≤≤[1;41m∞∞[0;31m≤≤±±±∞∞∞±∞∞[6C∞∞∞±∞∞∞∞[1;30m∞
[8C∞ ∞[0;31m∞∞±≤±±∞∞[1;30m∞[6C∞[0;31m∞±≤≤[1;41m∞∞[0;31m≤≤±±±∞∞∞±±±≤≤
[A[46C≤[1;41m∞∞∞∞[0;31m≤≤±±±±±∞∞[1;30m∞[6C∞[0;31m∞±±±∞∞∞∞∞[1;30m∞
[7C∞[0;31m∞[1;30m∞[0;31m∞∞±±≤≤±±∞∞[1;30m∞   ∞[0;31m∞∞∞±±≤±∞[1;30m∞
[A[34C[12C[0;31m∞±≤[1;41m∞∞∞[0;31m≤≤±±±∞∞∞[6C[1;30m∞[0;31m∞∞±≤±±∞∞
[A[75C∞∞∞[1;30m∞
[6C∞[0;31m∞∞∞∞±±±≤≤±±∞∞∞∞[1;30m∞[0;31m∞∞∞∞∞±∞[1;30m∞ ∞∞∞∞∞∞∞∞∞∞∞∞∞∞∞  
[A[49C[0;31m∞±≤≤±±±∞∞∞∞    [1;30m∞[0;31m∞∞∞±±≤≤±±∞∞∞∞∞
[1;30m∞∞∞   [0;31m∞∞∞±∞±±≤[1;41m∞[0;31m≤±±∞∞∞∞∞∞∞∞∞[1;30m∞  ∞∞±±±±±∞∞∞
[A[40C∞∞∞±±±±±±∞  [0;31m±±±±∞∞∞∞[1;30m∞ ∞[0;31m∞∞∞∞±≤≤[1;41m∞[40m
[A[71C[41m[0;31m≤±±±∞ [1;30m∞∞
 ∞∞∞∞ [0;31m∞∞∞±±±≤≤[1;41m∞[0;31m≤±±∞∞∞±∞∞∞[1;30m∞  ∞±≤≤≤≤≤≤±±±±±±±±≤≤≤
[A[47C≤≤≤±∞ [0;31m∞±±∞±∞∞∞∞∞∞∞∞±≤≤[1;41m∞∞[0;31m≤≤±∞[1;30m∞∞∞∞
∞  ∞∞∞ [0;31m∞∞±≤≤≤[1;41m∞∞[0;31m≤≤±±∞±±∞∞[1;30m∞ ∞±≤≤±±∞∞±±≤≤≤≤≤≤≤±±±∞
[A[47C∞∞±≤≤±∞ [0;31m∞±±∞∞∞∞±∞∞±±≤≤[1;41m∞∞[0;31m≤±∞[1;30m∞∞∞
∞∞  ∞∞∞ [0;31m∞±≤[1;41m∞∞∞∞[0;31m≤≤≤±±±∞∞ [1;30m∞±≤≤±±∞[5C∞∞∞∞∞∞∞∞∞
[A[45C[5C∞±≤±∞ [0;31m∞±±∞∞±±∞±±≤≤≤[1;41m∞[0;31m≤∞ [1;30m∞∞∞  ∞
∞[0;31m∞[1;30m∞ ∞∞∞∞  [0;31m∞±≤[1;41m∞∞∞[0;31m≤≤±±±∞ [1;30m∞≤≤±∞∞  ∞
[A[32C[15C∞   ∞±≤±∞ [0;31m∞±±±≤±±±±±≤≤±∞ [1;30m∞∞∞  ∞∞
±[0;31m∞[1;30m∞ ∞∞∞±∞∞∞ [0;31m∞±≤≤≤≤±±∞ [1;30m±≤≤±∞∞   ∞∞[6C∞[6C∞∞   
[A[51C ∞±≤±∞ [0;31m∞±±≤≤±±±±∞  [1;30m∞∞±∞∞  [0;31m∞[1;30m±
[0;31m∞[1;30m±∞ ∞∞ ∞±±∞∞∞∞[7C∞≤±±∞∞    ∞[0;31m∞[1;30m∞    ∞[0;31m∞
[A[40C[1;30m∞    ∞[0;31m∞[1;30m∞[5C∞±±±∞[9C∞∞∞±±±∞∞  ∞[0;31m∞
[1;30m∞∞  ∞∞ ∞∞∞±±±±∞∞∞∞∞∞ ∞≤≤∞∞[6C∞±∞ ∞  ∞  ∞ ∞±∞[5C∞∞±≤±∞ ∞∞∞∞∞∞∞±±±±∞
[A[71C∞∞∞∞∞  ∞
∞  ∞∞ ∞   ∞∞∞∞±±∞∞∞∞ ∞±≤±∞∞[7C∞∞[0;31m∞[1;30m∞   ∞[0;31m∞[1;30m∞∞[6C∞
[A[52C∞±≤±±∞ ∞∞∞∞±±±∞∞∞  ∞  ∞∞
   ∞[5C∞    ∞∞∞∞∞∞  ∞±±∞∞∞∞[6C∞±[0;31m±∞∞∞±[1;30m±∞[6C∞∞∞±±∞∞ ∞∞∞∞∞∞∞∞
[A[66C  ∞   ∞  ∞∞
  ∞    [37m‹[36m‹‹[0;36m‹‹[1;34m‹[5C‹‹[0;34m‹‹‹‹‹ [1;30m∞∞∞∞∞∞±≤±∞∞±
[A[38C[0;31m±≤±∞[1;30m∞±≤±∞∞∞∞ [0;36m‹[1;34m‹‹[0;34m‹  [1;30m∞∞∞∞∞∞
[A[63C[6C∞   ∞   ∞
 ∞   [37m‹ﬂ ‹‹‹‹ [34mﬂ‹ [0;34m‹[1mﬂ [37m‹‹‹‹‹ [0;34mﬂ‹[6C[1;30m∞±∞∞
[A[37C ∞[0;31m∞[1;30m∞∞∞±∞    [0;36m‹ﬂ [1;37m‹‹ [0;34mﬂ‹ [1;30m∞∞∞∞
[A[62C∞[11C∞   ∞
[5C[36m€ [37;47mﬂ[0mﬂ[1;30mﬂ[37m€€€‹ [0;34mﬂ [1;37m‹€€€€[30mﬂ[0mﬂ
[A[24C[1;47mﬂ[1C[0;34m€[7C[1;30m∞∞∞    ∞∞∞[5C[34m€ [0mﬂ  [1m€ 
[A[56C[0;34m€[6C[1m‹ﬂ[0;34mﬂﬂﬂﬂﬂﬂ‹   [1;30m∞∞
   ∞ [0;36mﬂ‹ [1;30mﬂ [37m€€[47mﬂ[40m€€‹€€€[47mﬂ[40m€€ [30mﬂ  
[A[26C[0;34mﬂﬂﬂﬂﬂﬂﬂﬂﬂﬂﬂﬂﬂﬂﬂﬂﬂﬂﬂﬂ€ﬂﬂﬂﬂ   [1;37m€ [0;34mﬂﬂﬂﬂﬂﬂﬂﬂ [1;37m
[A[65Cﬂ ‹ﬂﬂ[0m‹ [34m€    [1;30m∞∞
  ∞  [34m‹ﬂﬂ  [37m€€  ﬂ€€ﬂ  €€ [0;34m€ [37m‹ﬂ[1mﬂﬂ[47m‹[2C‹[40m
[A[33C[40mﬂﬂ[47m‹[1C[0m‹ﬂ[1mﬂﬂ[47m‹[2C‹[1C[0;34m€ 
[A[48C[1;37;47m‹[1C[0m‹ﬂ[1mﬂﬂ€ [0m‹ﬂ[1mﬂ€  [47m‹[40mﬂﬂ[47m‹[40m
[A[66C[47m[1C[40m€  [0;34m‹‹ﬂ
    € [37m‹[1;30;47mﬂ€[1C[37;40m€€ [0;34m€‹‹‹‹€ [1;37m€€ [0;34m€ 
[A[25C[1;37m€ ‹ﬂ€ ‹ﬂ  € € ‹ﬂ€ ‹ﬂ‹  € € ‹ﬂ€ € [0mﬂ  [1m‹ﬂ  €  ﬂ‹ 
[A[71C[0;34mﬂ‹ -[1;33mBS[0;34m-
    € [1;37m€€‹‹€€ [0;34m€    € [1;37m€€ [0;34mﬂ  [1;37mﬂ [0;34m‹ 
[A[30C[1;37mﬂ [0;34m‹€ [37mﬂ  [1mﬂ [0;34m‹ [1;37mﬂ [0;34m‹ [1;37m
[A[46Cﬂﬂ [0;34m‹ [1;37mﬂ  ﬂ[0m‹ [1mﬂﬂﬂﬂ [0;34m‹€ [37mﬂ [34mﬂ  
[A[70C[1;37m€ [0;34m€ [[1;37mi[0mC[1;30mE[0;34m]
    ﬂ‹[1;30mﬂ[37mﬂﬂﬂﬂ[30mﬂ[0;34m‹ﬂ    € [1;37m€€ [30;47m€ﬂ[0m‹ [34m
[A[27C€ ﬂﬂﬂ  ﬂﬂﬂﬂﬂﬂ ﬂﬂﬂ ﬂﬂﬂﬂ ﬂﬂﬂﬂ‹‹‹ﬂﬂﬂﬂﬂ  ﬂ€ [37mﬂ[1m‹‹ﬂ [0;34m€
[6Cﬂﬂﬂﬂﬂﬂ[6C€ [1;37m€€‹‹€€ [0;34m€[38Cﬂ‹‹‹‹ﬂ
[1;30mƒƒƒƒƒƒƒƒƒƒƒ[0mƒƒƒƒƒƒ [34mﬂ‹[1;30mﬂ[37mﬂﬂﬂﬂ[30mﬂ[0;34m‹ﬂ 
[A[29C[1;30mƒ  [33mH  I  D  E  O  U  T [30mƒ[0mƒ[1mƒƒƒƒƒ[0mƒƒƒƒƒƒƒƒ
[A[67Cƒƒ[1;30mƒƒƒƒƒƒƒƒƒƒ
[20C[0;34mﬂﬂﬂﬂﬂﬂ
 [1;36mS[0;36mysop: [1mM[0;36mystic [1mW[0;36marrior ˘ [1m([0;36m51
[A[28C4) [1mP[0;36mri-[1mv[0;36mate ˘ [1mC[0;36melerity/[1mC
[A[52C[0;36melerityNET ˘ [1mD[0;36mual [1mS[0;36mtandard

[9C[1mC[0;36mo-[1mS[0;36mysop: [1mD[0;36muracell [1mR[0;36mabbit ˘[A
[36C [1m4[0;36m50 [1mM[0;36megs [1mO[0;36mnline ˘ [1m4[0;36m00+ [A
[60C[1mM[0;36mOD [1mF[0;36miles

[1;30mƒƒƒƒƒƒƒƒƒƒƒ[0mƒƒƒƒƒƒƒƒƒƒƒƒ[1mƒƒƒƒƒƒƒƒƒƒƒƒƒƒƒƒƒƒƒƒƒƒƒƒƒƒƒƒƒƒƒƒƒƒ[A
[57C[0mƒƒƒƒƒƒƒƒƒƒƒƒ[1;30mƒƒƒƒƒƒƒƒƒƒ[0m[255D

Downloaded From P-80 International Information Systems 304-744-2253
