[40m[2J[0;1m [D [D[2H лм млм млм млм млм млм млм млм млм млм млм млм млм млм млм млм млм млм млм мл[3H ллллллллллллллллллллллллллллллллллллллллллллллллллллллллллллллллллллллллллллл[4H ллл[s
[uллллллллллллллл[44mл[40mллл[45mпл[44mл[40mллллллллллпппппппллллллллллллллллллллллллллллллллллл[5H [43mл[40mллллллллллллллллл[41mлп[45mпмллл[40mллллллллл[9Cлллллллл[33;44mкФФФФФ[40m[s
[u[44mФФФФФФФФФФФФФФП[37;43mлл[40mллл[6H ллллллллллллллллл[41mпм[45mпмлллл[40mллллллллл   [0;30;47mл[1Cл[3C[1;37;40mлллллллл[33;44mГ An Indian maid... Г[37;43mллллл[7H[1C[40mлллллл[s
[uппппппплл[41mпм[45mпмлллл[40mл[44mлл[40mллллллл [0;36mпммлплммп[30;47mл[1;37;40mллллллл[33;44mГ A Pilgrim lad...  Г[37;43mлл[40mллл[8H [44mл[40mлп[13C[0;34mп[1;37;45mллл[40m[s
[u[40mллллллллллллп    [0;36mппп    [1;37mплллллл[33;44mГ Lucky in love on  Г[37;43mлл[40mллл[9H л   [0mм[1;31;47mААААААА[0mм[30mА   [1;37mлллллллллллллп[15Cплллл[33;44mГ THANKS[40m[s
[u[44mGIVING DAY  Г[37;40mллллл[10H [47mл[2C[32mў[31mА[32mў[31mА[32mў[31mА[32mў[31mА[32mў[31mА[32mў[0;30mллл[1;37mлллллллллллп[19Cплл[33;44mРФФФФФФФФФФФФФФФФФФФй[37;40mллллл
[11H л [0mп[1;31;47mА[32mў[31mА[32mў[31mА[32mў[31mА[32mў[31mА[32mў[31mА[0mп  [1mлллллллллллллп[0;30;43mпмп[1mм[31;40mм[43mм[40mм[43mм[40mм[43mм[40mм[0;30;43mмпмп[40m[s
[u[1;37;40mплллллллллллллллллллллллллллллл[12H [41mл[1C[0mп[1;31;47mААА[0;30;47mў[1;31mААА[0;30;47mў[1;31mААА[0;30;47mм[1C[40mл[1;37mлллллллллллллп[0;30;47mп[1;31;40mлВлл[s
[u[0;30;47mў[1;31;40mлВл[0;30;47mў[1;31;43mлл[40mВ[43mл[0;30;47mп[1;37;40mплллллллллллллллллллллллллллллл[13H [47mл[1C[0;30;47mн[1;31mААААА[0;30;47mў[1;31mААААА[0mн[30mлл[1;37mлл[s
[uллллллллллллм[31mплВВВл[0;30;47mў[1;31;40mлВВВ[43mл[40mп[37mмллллл[43mллллл[5;36mкФФФФФФФФФФФФФФФП[0;1mлллл[14H л  [47mм[31mААА[0;30;47mЭЭЭ[1;31mААА[37mм[3C[40mлллллллллллллпмлм[s
[uм[31mпп[0;30;47mЭЭЭ[1;31;40mпп[37mммлмпл[41mлллл[40mлллл[5;36;43mГ [0;1;32;43mMay you be so [5;36mГ[0;1mлллл[15H н  о[46m [0;32;47mл[1;31mААААА[0;32;47mл[1;37mм[0;32;47mл[40m[s
[u[1;37;41mл[46mн[1C[40mолллллллппп[0;30;47mлл[1;37;40mлллллллн[33mў[37mоллллллл[0;30;47mлл[1;37;40mппплллл[5;36;43mГ [0;1;32;43mfortunate!    [5;36mГ[0;1mлллл[16H н [46mп  лм[40m[s
[u[46mм  [40mл[46mпп  [40mл[46mн[2C[40mллллп[0;30;47mл[1Cлл лл[1;37;40mллллллн[33mў[37mолллллл  [47m [2C[0;30;47mл[1C[1;37;40mппл[5;36;43mРФФФФФФФФФФФФФФФй[0;1mлллл[17H н[s
[u[46mнол  лўл  лў[40mл[46m  [40mл[46mн [40mлл[47m [0;30;47mлллллллллл[1;37;40mлллллн[33mў[37mоллллл[7C[0;30;47mл[1Cл [1;37;40mллллллллллллллллллллл[18H [46mл лўл  лўл  лўл  [40m[s
[u[46mлн  [47m [0;30;47mлллнллллллл[1C[1;37;40mллл [33mў [37mллл[7C[0;30;47mо[4C [1;37;40mллллллллллллллллллллл[19H [46m  ллўл [40mл[46mлўл[40mл[46m лў[40mл[46m  л[40mл[s
[u[46m [47m [3C[0;30;47mн[5Cл[2Cл[1;37;40mл  [33mў  [37mл[8C[0;30;47mо[4C [1;37;40mллллллллллллллллллллл[20H плп плп плп плп плп пл[16C[33mў[16C[37mплп плп плп плп плп пл[21H
[22H[77C [D[0m
[5C[0mScreen Modified by Walt Crede - Sysop of Roam This Fertile Land BBS[0m

Downloaded From P-80 International Information Systems 304-744-2253
