[2J[17;9H[0;33;40;1mÂ
Ã
Á[AÄ´[AÂ[19;11HÁ Á[AÃ[AÚÄ¿
´Ä
Á Á[AÃ[AÚÄ¿
ÙÄ
 Á[AÃ[AÚÄ¿
ÙÄ
  [17;23HÂ
ÀÂÙ[AÂ [19;24HÁ     Á[A³[AÂÄ[17;31HÄ Â
Ã
Á[AÄ´[AÂ[19;35HÁ Á[AÃ[AÚÄ¿
´Ä
Á Á[A³[AÚ¿
³
ÀÙ[A³[AÂ Â
Ã
Á[17;46HÚ
Á¿
Á À[AÀ[AÚÄ¿
¿Ä
ÙÄ[17;55H¿ÄÚ
³
ÀÄÙ[AÂ[A Â
³
Á[17;58H ¿
³
ÀÄÙ[A³[AÚ Â
³
Á Á[A³[AÚ¿
³
ÀÙ[A³[AÂ[17;71H¿ÄÚ
³
ÀÄÙ[AÂ[20;1H[0;37;40múþÛ [0;37;47m                                                                          [0;37;40mþú[2;13H[0;32;40;1m  [0;37;40mÛ[0;37;47m         [0;33;47m±±±[0;31;47;1mÜ                                     [0;31;40;1m 
[0;33;40m [0;33;47m   [0;33;40m°°°°°°°°°°°[0;33;47m                       ±±±þ±[0;37;47m        [0;37;40mÛ[0;32;40;1m 
 [0;37;40mÛ[0;37;47m        [0;30;47;1mÝ[0;31;41;1mÞ[0;33;47m±²²  [0;33;40m±±±±±²±°°±±±[0;33;47m      [0;33;40m°°°°°°°°°°°°°°°°[0;32;40;1m  
  [0;33;40m°°°°°°°°°°°°±°±°±°[0;33;47m  [0;33;40m°±±°°°°°°°°°°°±[0;33;47m ²²²[0;31;47mÛ[0;37;47m         [0;37;40mÛ[0;32;40;1m 
 [0;37;40mÛ[0;37;47m       [0;31;47mÜÛ[0;33;40m²°°±±°°°°°°±±±°°²±±±±±°°°°°°°°°°°°°°°°°[0;33;47m  [0;33;40m 
 [0;33;47m   [0;33;40m°°°°°°°°°°°°°°°°°±±±±±±±°°°°°°°°°°°°°°±[0;31;47mÛ[0;31;43m±[0;37;47m      [0;37;40mÛ[0;32;40;1m 
 [0;37;40mÛ[0;37;47m        [0;33;40m±°°°°°±±±±±°±²²²±²²²²²²°°°°°°°°°°°°°°[0;33;47m     [0;33;40m 
 [0;33;47m      [0;33;40m°°°°°°°°°°°°²²²²²²²²²²²²²Û°°°°°°°°±±²²[0;37;47m      [0;37;40mÛ[0;32;40;1m 
 [0;37;40mÛ[0;37;47m    [0;33;40m²²²±±°°°°°°°²²²²²²²²²²²²²±±²²°°°°°°°°°°°[0;33;47m      [0;33;40m 
 [0;33;47m        [0;33;40m°°°°°°°°°²²²±²²²±²²²²²²²²²²°°°°°°°±±[0;30;43m²±±[0;37;47m   [0;37;40mÛ[0;32;40;1m 
 [0;37;40mÛ[0;37;47m  [0;30;43m²²±²[0;33;40m±²°°°°±±²²²²²²²²²²²²²²±²²²²²°°°°°°[0;33;47m          [0;33;40m 
 [0;33;47m           [0;33;40m°°°°²²²±²²²²²²²²²²²²²Û°°±²²±°°°°°°°[0;30;43m²±[0;37;47m  [0;37;40mÛ[0;32;40;1m 
 [0;37;40mÛ[0;37;47m   [0;30;43m±²±±±±±±±±[0;33;40m°°°°°Û²²²²²²²²²²²²²²²²²±±[0;33;47m            [0;33;40m 
 [0;33;47m            [0;33;40m°²²²²²²²±²²²²²²²Û°°°°°°°°[0;30;43m²²²²²²²²²[0;37;47m    [0;37;40mÛ[0;32;40;1m 
 [0;37;40mÛ[0;37;47m        [0;33;40m°°°°°°°°°°°°°°°°²²²²²²²²±±²²²±[0;33;47m            [21;5H[0;32;40;1m  [0;33;40m"...we are thankful that on this day we may pig-out without guilt."[21;74H[0m
Downloaded From P-80 International Information Systems 304-744-2253
