[33C[0;1;33mOn Tuesday
[5CмФФФФФФФФФФФФм[9CкФФФФФФФФФФФФФФФФФФП[9CмФФФФФФФФФФФФм
[5Cп[0;34mл[44m [40mл[1;37;44m*    * [0;34mлл[1;33mп[9C*
[A[30C[31mNovember [34m9[37m, [34m1990 [33m*[9Cп[0;34mл
[A[59C[44m [40mл[1;37;44m*    * [0;34mлл[1;33mп
[6C[44m [0;34mл[1;37;44m*      * [0;34mл[10C[1;33mРФФФФФФФФ
[A[37CФФФФФФФФФФй[10C[44m [0;34mл[1;37;44m*      * [40m
[A[69C[44m[0;34mл
[6Cл[44m [40mл[1;37;44m*[0;34mл[44m   [1;37m* [0;34mлл
[A[18C[40Cл[44m [40mл[1;37;44m*[0;34mл[44m   [1;37m*[40m
[A[67C[44m [0;34mлл
[6C[31mлл[1;37mлл[0;31mлл[1;37mлл[0;31mлл[1;37mлл[6C[33mм
[A[25Cмммммммммммммммммммммммммм[7C[0;31mлл[1;37mлл[0;31mлл
[A[64C[1;37mлл[0;31mлл[1;37mлл
[6C[0;31mлл[1;37mлл[0;31mлл[1;37mлл[0;31mлл[1;37mлл[6C
[A[24C[33mл[37mлллл ллл л м лм мл ммлллл[33mл[7C[0;31mлл
[A[60C[1;37mлл[0;31mлл[1;37mлл[0;31mлл[1;37mлл
[6C[0;31mлл[1;37mлл[0;31mлл[1;37mлл[0;31mлл[1;37mлл[6C
[A[24C[33mл[0;31mллллм л мл л лл лл мллллл[1;33mл[7C[0;31mл
[A[59Cл[1;37mлл[0;31mлл[1;37mлл[0;31mлл[1;37mлл
[6C[0;31mлл[1;37mлл[0;31mлл[1;37mлл[0;31mлл[1;37mлл[6C
[A[24C[33mл[44m     [0;34mм м[44m  [1C[40mп [44m  [40m
[A[40C[44m[1C  [1C[40mпп[44m    [1;33;40mл[7C[0;31mлл
[A[60C[1;37mлл[0;31mлл[1;37mлл[0;31mлл[1;37mлл
[6C[0;31mлл[1;37mлл[0;31mлл[1;37mлл[0;31mлл[1;37mлл[6C
[A[24C[33mппппппппппппппппппппппппппп[7C[0;31mлл[1;37mлл
[A[62C[0;31mлл[1;37mлл[0;31mлл[1;37mлл
[6C[0;31mлл[1;37mлл[0;31mлл[1;37mлл[0;31mлл[1;37mлл[40C
[A[58C[0;31mлл[1;37mлл[0;31mлл[1;37mлл[0;31mлл[1;37mлл
[6C[0;31mлл[1;37mлл[0;31mлл[1;37mлл[0;31mлл[1;37mлл[40C
[A[58C[0;31mлл[1;37mлл[0;31mлл[1;37mлл[0;31mлл[1;37mлл
[6C[0;31mлл[1;37mлл[0;31mлл[1;37mлл[0;31mлл[1;37mлл[40C
[A[58C[0;31mлл[1;37mлл[0;31mлл[1;37mлл[0;31mлл[1;37mлл

[14C[33mЫ ЩЭЫЭЛ ў ЩЭЭМ    ЩЭЭЛ    ЩЭЭЛ Ы ЩЭЭМ Ы  Ы ЩЭЫЭЛ
[14CК   К[5CШЭЭЛ    ЬЭЭЙ    ЬЭЫМ К К ЭЛ ЬЭЭЙ   К
[14CЪ   Ъ[5CЩЭЭМ    Ъ  Ъ    Ъ ШЭ Ъ ШЭЭМ Ъ  Ъ   Ъ
[24CЩЭЭЛ ЩЛ Ы ЫЭЭЛ[9CЩЭЭЛ
[24CЬЭЭЙ КШЛК К  К[9CЬЭЭЙ
[24CЪ  Ъ Ъ ШМ ЪЭЭМ[9CЪ  Ъ
[7CЩЭЭЛ ЫЭЭЛ ЩЭЭМ ЩЭЭЛ ЩЭЭЛ ЩЛ Ы ЩЭЭМ Ы ЫЭЭЛ Ы Ы    Ы ЩЭЫЭЛ Ы   Ы
[7CЬЭЫМ ЬЭ   ШЭЭЛ ЬЭЭМ К  К КШЛК ШЭЭЛ К ЬЭЭЙ К К    К   К   ШЭЫЭМ
[7CЪ ШЭ ЪЭЭМ ЫЭЭМ Ъ    ШЭЭМ Ъ ШМ ЩЭЭМ Ъ ЪЭЭМ Ъ ЪЭЭМ Ъ   Ъ[5CЪ[0m

Downloaded From P-80 International Information Systems 304-744-2253
