[40m[2J[0;1;44m [s [s [s [s [s [s [s [s [s [s [s [s [s [s [s [s [s [s [s [s [s [s [s [s [s [s [s [s [s [s [s [s [s [s [s [s [s [s [s [s [s [s [s [s [s [s [s [s [s [s [s [s [s [s [s [s [s [40m[s
[u[s[44m [s [s [s [s [s [s [s [s [s [s [s [s [s [s [s [s [s [s [s [s [s [s[33m’[sÕ[sÕ[sÕ[sÕ[sÕ[sÕ[sÕ[sÕ[sÕ[sÕ[sÕ[sÕ[sÕ[sÕ[sÕ[sÕ[sÕ[sÕ[sÕ[sÕ[sÕ[sÕ[sÕ[sÕ[sÕ[sÕ[sÕ[sÕ[sµ[s [s[32mR[s[31mU[s[40m[s
[u[44m[32mD[s[31mO[s[32mL[s[31mF[s [s[32mA[s[31mN[s[32mD[s [s[31mS[s[32mA[s[31mN[s[32mN[s[31mA[s [s[33m∆[sÕ[sÕ[sÕ[sÕ[sÕ[sÕ[sÕ[sÕ[sÕ[sÕ[sÕ[sÕ[sÕ[sÕ[sÕ[sÕ[sÕ[sÕ[sÕ[sÕ[sÕ[sÕ[sÕ[sÕ[sÕ[sÕ[sÕ[sÕ[40m[s
[u[s[44mÕ[sÕ[s∏[s≥[s[0;30;43m€[s€[s[44m€[s[32;40mﬂ[sﬂ[sﬂ[s€[s€[s€[s[37;42m‹[s[43m€[s€[s€[s[42m‹[s [s[1;32m∞[s[0;42m‹[s[43m€[s€[s€[s€[s[42mﬂ[s[1;32m±[s[47m‹[s‹[s [s [s [s [s [s [s‹[s‹[s‹[s[41m±[40m[s
[u[s[41m≤[s[0;30;43m≤[s€[s€[s€[s€[s€[s€[s€[s€[s€[s€[s[31;40m‹[s€[s€[s[1;30;47m±[s∞[s[37m∞[s[30m∞[s[37m±[s±[s±[s±[s±[s±[s±[s±[s±[s±[s±[s±[s≤[s±[s±[s±[s≤[s[31;41m±[s±[s∞[s±[s∞[s∞[s[0;31m€[s[s
[u[1;33;44m≥[s≥[s[0;30;43m≤[s[37m∞[s[30m≤[s≤[s±[s±[s[1m±[s±[s[42m‹[s[0;32m€[s[1;42m∞[s[0;43m€[s€[s€[s€[s€[s€[s€[s[42mﬂ[s[1;32m∞[s∞[s[0;42m‹[s[47m [s[1;32m‹[s [s [s [s [s‹[s‹[s[30;43m±[s±[s±[s±[s±[40m[s
[u[s[0;30;43m±[s±[s±[s≤[s≤[s≤[s€[s€[s€[s€[s[31;40m‹[s€[s[1;30;47m±[s[0m∞[s[1;30;47m≤[s±[s±[s∞[s∞[s[37m∞[s±[s[30m∞[s[37m±[s±[s±[s±[s±[s≤[s≤[s≤[s≤[s≤[s±[s≤[s±[s±[s≤[s≤[s≤[s≤[s≤[s≤[s[31;41m∞[s[40m[s
[u[33;44m≥[s≥[s[0;43m≤[s≤[s±[s±[s∞[s∞[s[1;30m±[s∞[s±[s±[s[0;32;43mﬂ[sﬂ[s[37m€[s€[s€[s€[s€[s€[s[33;42m‹[s‹[s‹[s[1;32;43mﬂ[sﬂ[s[47m [s [s [s [s[30;43m±[s±[s±[s±[s±[s±[s∞[s±[s∞[s∞[s∞[s±[s[0;30;43m≤[40m[s
[u[s[43m±[s≤[s≤[s€[s[31;40mﬁ[s[1;30;47m±[s[0m∞[s[1;30;47m≤[s[0m∞[s[1;33;47m∞[s∞[s∞[s∞[s±[s∞[s±[s±[s±[s≤[s±[s≤[s€[s≤[s€[s€[s≤[s[37m∞[s±[s≤[s≤[s±[s±[s≤[s≤[s≤[s€[s≤[s≤[s[33;44m≥[s≥[s[0;43m€[s€[s€[40m[s
[u[s[43m€[s€[s≤[s∞[s[1;30m±[s±[s∞[s±[s[0;33;44m€[s€[s€[s[37;43mﬂ[sﬂ[sﬂ[s[33;44m€[s€[s€[s€[s€[s€[s€[s[37;43mﬂ[sﬂ[s[33;44m€[s€[s€[s€[s[1;30;43m±[s±[s±[s±[s±[s±[s±[s±[s±[s±[s±[s[0;30;43m±[s≤[s€[s[40m[s
[u[1;47m±[s[0m∞[s[41m [s [s[1;33;47m∞[s∞[s∞[s∞[s∞[s∞[s∞[s±[s±[s≤[s±[s≤[s≤[s≤[s±[s≤[s€[s[37m∞[s∞[s±[s≤[s≤[s≤[s≤[s≤[s≤[s≤[s€[s≤[s≤[s[33;44m≥[s≥[s[0;43m€[s€[s€[s€[s€[s≤[s≤[s∞[s[1;30m∞[s±[s∞[s[40m[s
[u[0;33;44m€[s€[s€[s€[s€[s[43m [s[36m‹[s‹[s‹[s‹[s‹[s‹[s [s[33;44m€[s€[s€[s€[s[36;43m‹[s‹[s‹[s[1;30m∞[s±[s±[s±[s±[s±[s±[s±[s±[s[0;30;43m±[s≤[s≤[s[41m [s[1;31m∞[s [s∞[s[33;47m∞[s∞[s∞[s∞[s±[s∞[s∞[40m[s
[u[s[47m∞[s∞[s∞[s±[s≤[s[43mﬂ[sﬂ[sﬂ[sﬂ[s [s[37;47m∞[s∞[s±[s≤[s±[s≤[s±[s≤[s≤[s≤[s≤[s≤[s€[s≤[s[33;44m≥[s≥[s[0;43m≤[s€[s€[s€[s€[s€[s€[s≤[s∞[s[1;30m∞[s[0;33;44m€[s€[s€[s€[s€[s[36;43m€[sﬂ[s [s [s [40m[s
[u[s[43m [s [s [sﬂ[s [s[33;44m€[s€[s[36;43mﬂ[s [s [s [sﬂ[s‹[s[1;30m∞[s±[s±[s±[s±[s±[s[0;33;41mﬂ[s [s[1;31m∞[s∞[s∞[s [s∞[s∞[s[43m [s [s [s[0;43m‹[s‹[s‹[s[1;33;47m∞[s∞[s±[s∞[s∞[s[43m‹[s‹[s‹[s‹[s[40m[s
[u[47m≤[s≤[s€[s€[s[37m∞[s±[s≤[s≤[s≤[s±[s≤[s≤[s≤[s≤[s≤[s≤[s[33;44m≥[s≥[s[0;43m±[s∞[s≤[s±[s≤[s≤[s±[s≤[s[1;30m∞[s[0;33;44m€[s€[s€[s€[s[43m [s[36mﬂ[s [s[33;44m€[s[1;37;43m‹[s[44m€[s€[s€[s€[s€[s[43m[40m[s
[u[43m‹[s [s [s [s [s‹[s€[s€[s‹[s[0;33;44m€[s[1;30;43m∞[s∞[s[32;41m∞[s[31m±[s∞[s±[s∞[s±[s±[s±[s∞[s∞[s±[s∞[s[33;47m∞[s∞[s∞[s∞[s∞[s±[s±[s∞[s∞[s∞[s±[s≤[s≤[s±[s≤[s±[s≤[s≤[s€[s≤[s[37m∞[s±[s≤[s±[s≤[40m[s
[u[s[47m±[s≤[s≤[s±[s≤[s≤[s[33;44m≥[s≥[s[0;30;43m±[s[1m±[s±[s±[s∞[s±[s∞[s∞[s[0;33;44m€[s€[s€[s€[s€[s€[s€[s€[s[1;37m€[s€[s€[s[40mﬂ[sﬂ[sﬂ[s[44m€[s€[s€[s[43m‹[s‹[s[44m€[s€[s[40mﬂ[sﬂ[s[44m€[s€[s[40m[s
[u[43m [s[30m∞[s[32;41m∞[s∞[s[31m±[s≤[s±[s±[s≤[s±[s±[s±[s±[s±[s∞[s[33;47m∞[s[37m‹[s[0;30;47m‹[s[1;37m‹[s[33m∞[s∞[s∞[s∞[s±[s±[s≤[s∞[s[30m∞[s[37m‹[s[0;30;47m‹[s[1;37m‹[s[33m∞[s≤[s€[s≤[s[37m∞[s≤[s≤[40m[s
[u[s[47m≤[s≤[s≤[s≤[s±[s±[s≤[s[33;44m≥[s≥[s[42m [s[30mﬂ[sﬂ[sﬂ[sﬂ[s[43m±[s∞[s[0;33;44m€[s€[s€[s€[s€[s€[s€[s€[s[1;37;43mﬁ[s[47m€[s[44m€[s[3C[0m‹[s[C[1m€[s[44m€[s[43m€[s€[s[44m€[s[2C[0m‹[s[C[1m€[s[s
[u[43m›[s[0;33;44m€[s[1;30;43m∞[s[31;41m±[s≤[s±[s≤[s≤[s±[s≤[s±[s≤[s±[s±[s[33;47m∞[s∞[s∞[s∞[s∞[s±[s±[s∞[s∞[s±[s≤[s≤[s±[s≤[s≤[s±[s≤[s≤[s€[s€[s≤[s≤[s[37m∞[s≤[s≤[s≤[s≤[s≤[s≤[s≤[s≤[s[33;44m≥[s≥[s[40m[s
[u[42m [s [s [s[32m∞[s[30;43m±[s±[s∞[s∞[s[0;33;44m€[s€[s€[s€[s€[s[1;30;43m∞[s[0;33;44m€[s[1;37;43mﬁ[s[47m≤[s€[s[40m‹[s[3C‹[s[44m€[s€[s[43mﬂ[sﬂ[sﬂ[s[0;33m‹[s‹[s‹[s‹[s[1;37;43mﬂ[s[0;33;44m€[s€[s[41m›[40m[s
[u[s[1;31;41m≤[s≤[s≤[s±[s≤[s≤[s±[s≤[s≤[s≤[s[30;47m∞[s[0;31;47m∞[s±[s≤[s±[s[1;37m≤[s€[s[33m±[s∞[s∞[s≤[s±[s≤[s[37m€[s≤[s[33;41m≤[s∞[s±[s∞[s[47m±[s≤[s≤[s[37m∞[s≤[s≤[s≤[s≤[s≤[s≤[s≤[s≤[s≤[s[33;44m≥[40m[s
[u[s[44m≥[s[42m [s [s [s [s[30;43m±[s∞[s±[s∞[s[0;33;44m€[s€[s€[s€[s€[s[1;30;43m∞[s±[s [s[37mﬂ[sﬂ[s[47m±[s≤[s€[s€[s[44m€[s[43mﬂ[s[0;31;43m‹[s [sﬂ[s [s [s [s [s [sﬂ[s[33;44m€[s[31;43mﬂ[sﬂ[s[33;41m‹[40m[s
[u[s[1;5;31;41m‹[s€[s€[s€[s€[s‹[s[0;1;31;41m≤[s[30;47m∞[s∞[s[37m∞[s∞[s±[s≤[s±[s≤[s≤[s≤[s€[s€[s≤[s€[s≤[s≤[s≤[s±[s≤[s≤[s±[s±[s∞[s∞[s≤[s≤[s≤[s±[s≤[s≤[s≤[s≤[s≤[s≤[s[33;44m≥[s≥[s[32;42m∞[s [s∞[s [s[40m[s
[u[42m∞[s[30;43m±[s∞[s∞[s∞[s[0;33;44m€[s€[s€[s€[s€[s[1;30;43m∞[s±[s∞[s[0;33;44m€[s[43m [s [s [s [s [s [s [s[44m€[s€[s€[s€[s€[s€[s€[s€[s€[s€[s€[s[1;5;31;41m€[s€[s€[s€[s[37;47m€[s[31;41m€[s€[s€[s[40m[s
[u[0;1;30;47m∞[s[37m∞[s[30m∞[s[37m∞[s∞[s±[s∞[s∞[s[0;30;41m€[s€[s€[s[1;31;40m‹[s‹[s‹[s‹[s[C[0;30;47mﬂ[s[1;37m∞[s∞[s±[s≤[s≤[s≤[s≤[s≤[s≤[s≤[s≤[s≤[s≤[s≤[s≤[s≤[s≤[s[33;44m≥[s≥[s[42m [s[32m∞[s∞[s∞[s±[40m[s
[u[s[42m∞[s[30;43m±[s±[s∞[s∞[s[0;33;44m€[s€[s€[s€[s€[s€[s€[s[43m [s [s[44m€[s€[s€[s€[s€[s€[s€[s€[s€[s€[s€[s€[s€[s€[s€[s€[s€[s[1;5;31;41m€[s€[s€[s€[s€[s€[s€[s€[s[0;1;30;47m∞[s[37m∞[s∞[s∞[s±[s±[40m[s
[u[s[47m∞[s±[s∞[s[0;30;47mﬂ[s[1;31mﬂ[sﬂ[sﬂ[sﬂ[s[37m∞[s±[s±[s∞[s±[s≤[s≤[s≤[s±[s≤[s≤[s≤[s≤[s≤[s≤[s±[s≤[s≤[s≤[s≤[s[33;44m≥[s≥[s[32;42m∞[s∞[s±[s∞[s±[s≤[s€[s≤[s[30;43m±[s∞[s[0;33;44m€[s€[s€[s[40m[s
[u[1;30;43m∞[s≤[sﬂ[s[0;33;44m€[s[1;30;43mﬂ[s[0;33;44m€[s€[s€[s€[s€[s€[s€[s€[s€[s€[s€[s€[s€[s€[s€[s€[s€[s€[s€[s[1;5;31;43mﬂ[s[41m€[s€[s€[s€[s[43mﬂ[s[0;1;47m∞[s∞[s±[s∞[s∞[s±[s±[s±[s∞[s±[s∞[s∞[s±[s±[40m[s
[u[s[47m∞[s±[s±[s≤[s≤[s≤[s≤[s≤[s±[s≤[s≤[s≤[s≤[s≤[s≤[s≤[s≤[s≤[s≤[s≤[s≤[s[33;44m≥[s≥[s[32;42m∞[s∞[s∞[s±[s≤[s€[sﬂ[sﬂ[s[30;43m∞[s [s[0;33;44m€[s€[s€[s€[s€[s€[s€[s[40mﬂ[s[2Cﬂ[sﬂ[s€[s€[s€[s€[s€[s€[s[s
[u[44m€[s€[s€[s€[s€[s€[s€[s€[s€[s€[s€[s€[s[1;30;47m≤[s±[s∞[s[37m∞[s±[s∞[s∞[s±[s∞[s±[s≤[s≤[s∞[s≤[s≤[s≤[s≤[s≤[s≤[s≤[s≤[s≤[s≤[s≤[s≤[s≤[s≤[s≤[s±[s≤[s≤[s≤[s≤[s≤[s≤[s≤[s≤[s∞[s[33;44m≥[s≥[s[42m [40m[s
[u[s[32;42m∞[s±[s≤[s€[s[0;32;44m€[s€[s€[s[43m‹[s[33;44m€[s[1;30;43m∞[s[0;33;44m€[s€[s[1;30;43m∞[s±[s≤[s[0;33;44m€[s[4C[1;30;40m∞[s[C∞[s±[s±[s[0;33mﬂ[sﬂ[s[31;43m‹[s‹[s[33;44m€[s€[s€[s€[s€[s[41mﬂ[sﬂ[s[40m[s
[u[1;30;47m≤[s≤[s±[s∞[s∞[s[37m∞[s[30m±[s[37m∞[s±[s∞[s±[s±[s∞[s∞[s±[s±[s±[s±[s≤[s≤[s≤[s±[s≤[s±[s≤[s≤[s≤[s≤[s≤[s≤[s≤[s≤[s≤[s≤[s≤[s≤[s≤[s≤[s[31;41m∞[s∞[s∞[s[33;44m≥[s≥[s[32;42m∞[s∞[s±[s±[s≤[s€[40m[s
[u[s[0;32;44m€[s[1;5;31;42mﬂ[s[0;32;44m€[s€[s[43m [s [s [s[33;44m€[s[1;30;43m∞[s≤[s[0;33;44m€[s[40m€[s[C[1;31m‹[s‹[s‹[s‹[s‹[s[30m±[s≤[s≤[s[C[0;33;44m€[s€[s[1;32;41m≤[s∞[s±[s∞[s∞[s[0m∞[s[1;30;47m≤[s±[40m[s
[u[s[47m∞[s∞[s±[s[37m∞[s∞[s∞[s±[s∞[s∞[s∞[s±[s±[s∞[s±[s∞[s±[s≤[s±[s≤[s±[s±[s≤[s≤[s±[s≤[s≤[s±[s±[s≤[s≤[s±[s≤[s≤[s[31;41m∞[s∞[s±[s∞[s±[s∞[s≤[s[33;44m≥[s≥[s[32;42m∞[s∞[s∞[s±[s≤[s≤[s€[s[0;32;44m€[40m[s
[u[s[44m€[s[1;5;31;42m‹[s[0;32;44m€[s[43m‹[s‹[s [s [s[1;30m∞[s±[s[0;33m€[s[1;31;41m€[s€[s€[s±[s€[s[43m€[s[40m€[s[30m≤[s±[s[0;33m‹[s[44m€[s[41mﬂ[s[1;32m±[s±[s∞[s∞[s[0m∞[s∞[s[1;30;47m±[s±[s±[s±[s[40m[s
[u[47m[37m∞[s[30m±[s[37m∞[s[30m±[s[37m∞[s∞[s±[s∞[s±[s±[s±[s±[s∞[s±[s∞[s∞[s∞[s±[s±[s±[s±[s±[s∞[s∞[s±[s≤[s±[s[31;41m∞[s±[s∞[s∞[s±[s≤[s≤[s≤[s≤[s≤[s±[s[33;44m≥[s≥[s[42m [s[32m∞[s∞[s∞[s±[s±[s≤[s[40m[s
[u[42m€[s‹[s[0;32;44m€[s€[s€[s[1;5;31;42m‹[s[0;32;44m€[s€[s[43m‹[s‹[s[33;44m€[s€[s€[s[1;31;43mﬂ[sﬂ[sﬂ[sﬂ[sﬂ[s[0;33m‹[s‹[s[41mﬂ[s[1;32m≤[s≤[s±[s∞[s±[s∞[s∞[s[0m∞[s[1;30;47m≤[s[0m∞[s[1;30;47m±[s±[s∞[s∞[40m[s
[u[s[47m±[s∞[s∞[s[37m∞[s[30m∞[s[37m∞[s[30m∞[s[37m∞[s∞[s[30m∞[s[37m∞[s±[s∞[s∞[s±[s±[s±[s±[s∞[s±[s∞[s∞[s[31;41m∞[s∞[s±[s∞[s≤[s±[s≤[s±[s€[s≤[s≤[s€[s≤[s±[s[33;44m≥[s‘[sÕ[sÕ[sÕ[sÕ[sÕ[sÕ[sÕ[sÕ[sÕ[40m[s
[u[s[44mÕ[sÕ[sÕ[sÕ[sÕ[sÕ[sÕ[sÕ[sÕ[sÕ[sÕ[sµ[s[37m [sA[sR[sT[s [sA[sN[sD[s [sA[sN[sS[sI[s [sM[sU[sS[sI[sC[s [sB[sY[s [sR[sI[sC[sH[sA[sR[sD[s [sA[sH[sN[s [s[33m∆[sÕ[sÕ[sÕ[sÕ[sÕ[sÕ[sÕ[sÕ[sÕ[40m[s
[u[s[44mÕ[sÕ[sÕ[sÕ[sÕ[sÕ[sÕ[sÕ[sÕ[sÕ[sÕ[sÕ[sæ[s[15;56H[37;40m [s[1A [s[15;57H [s[1A [s[15;58H [s [s[14;59H [s [s[15;60H [s [s[1A [s[15;55H [s[B[0m‹[s‹[s‹[s‹[s‹[s‹[s[1A[1m [s[16;55H [s [s [s [s
[17;57H[0m‹[s‹[s‹[s‹[s[16;59H[1m [s [s [s [s[17;61H[0m‹[s[5D[1;47m≤[s≤[s≤[s≤[s≤[s[16;55H[0m‹[s[6C‹[s[8D[1;47m≤[s[6C≤[s[7D[0m‹[s‹[s‹[s‹[s‹[s‹[s[6D[1;47m≤[s≤[s≤[s≤[s≤[s≤[s[15;55H[0m‹[s[6C‹[s[8D[s
[u[1;47m≤[s[6C≤[s[7D[0m‹[s‹[s‹[s‹[s‹[s‹[s[6D[1;47m≤[s≤[s≤[s≤[s≤[s≤[s[14;54H∞[s∞[s[6C∞[s[2D∞[s[6D[0m‹[s‹[s‹[s‹[s‹[s[5D[1m [s [s [s [s [s [s[7D [s[B[0m‹[s‹[s‹[s‹[s‹[s‹[s[7D[1m [s [s [s [s [s [s[s
[u [s[16;56H[0m‹[s‹[s‹[s‹[s‹[s‹[s[6D[1;47m≤[s≤[s≤[s≤[s≤[s≤[s[15;55H[0m‹[s‹[s‹[s‹[s‹[s‹[s‹[s[7D[1;47m≤[s≤[s≤[s≤[s≤[s≤[s≤[s[14;55H∞[s[5C∞[s[2D∞[s[5D[0m‹[s‹[s‹[s‹[s[5D[1m [s [s [s [s [s [s [s
[15;55H [s [s [s [s [s [s [s[7D[0m‹[s[1D[1m [s[B[0m‹[s‹[s‹[s‹[s‹[s‹[s[6D[1;47m≤[s≤[s≤[s≤[s≤[s≤[s[15;55H[0m‹[s[5C[1;47m≤[s[2D[0m‹[s[3D[1;31m‹[s[2D‹[s[C‹[s[2D€[s€[s[14;54H[37m [s[15;58H[31;47mﬂ[40m[s
[u[s[47mﬂ[s[4D[0;30;47m‹[s[1Dﬂ[sﬂ[s[C[1;37m≤[s≤[s[2D[0;30;47m‹[s[1Dﬂ[s[14;62H‹[s[1Dﬂ[s[15;59H[1;31mﬂ[s[4Dﬂ[sﬂ[s[14;57H‹[s[1D[40m‹[s‹[s‹[s‹[s[60D[s[22;24H[36;44m [s [sM[sE[sR[sR[sY[s [sC[sH[sR[sI[40m[s
[u[s[44mS[sT[sM[sA[sS[s [sE[sV[sE[sR[sY[sB[sO[sD[sY[s [s![s [s![s [s![s[56D[s[8;49H[0;43m‹[s‹[s‹[s[7;49Hﬂ[sﬂ[sﬂ[s[B[1;33;47m∞[s∞[s∞[s[7;52H[0;43mﬂ[sﬂ[sﬂ[s[3D‹[s‹[s‹[s[8;51H[1;33;47m∞[s[7;51H[40m[s
[u[0;43m [s[10;65H[40mﬂ[s[13Dﬂ[s[53D[s[18C[1;44m€[s[40mﬂ[sﬂ[sﬂ[s[44m€[s[11;19H[0;30m [s [s [s[37m‹[s[30m [s[12;19H[1;37m‹[s[0;30m [s [s [s[1;37m‹[s[1A€[s[12;24H€[s[10;18H[44m€[s[40mﬂ[sﬂ[sﬂ[s[44m€[s[40m
[11;18H[0;30m [s [s [s[37m‹[s[30m [s[12;18H[1;37m‹[s[0;30m [s [s [s[1;37m‹[s[1A€[s[12;23H€[s[10;29H[44m€[s[40mﬂ[sﬂ[s[44m€[s[11;29H[40m [s [s[0m‹[s[1m [s[12;29H[0;33m‹[s‹[s‹[s‹[s[1A[1;37m€[s[12;33H[s
[u[43mﬂ[s[17;19H[0;33m [s[19;19H›[s[16;14H[1;30;43m∞[s≤[sﬂ[s[17;18H[0;33mﬂ[s[1D [s[18;16H[1;30;43m≤[s[0;33m€[s›[s[17;17H‹[s[7;51H[47m‹[s‹[s‹[s‹[s[8;51Hﬂ[s[7;49H[1m∞[s∞[s∞[s[B[0;33;47mﬂ[s[7;52H[1m∞[s∞[s[40m[s
[u[47m∞[s[8;53H[0;33;47mﬂ[sﬂ[s[6D€[s€[s€[s[7;53H[1m±[s[10;53H[37m‹[s[11C‹[s[16;27H[0;30;43m [s[15;27H [s [s [s [s [s [s [s[16;27H [s [s [s [s [s [s [s[14;28H [s [s [s [s [s [s [s [s[15;34H [s [s[40m[s
[u[35D[s[9;20H[1;37;43m‹[s‹[s‹[s‹[s‹[s[6D∞[s [s [s [s [s [s∞[s[10;18H‹[s[0;30;43m‹[s‹[s‹[s[1;37m‹[s‹[s‹[s‹[s‹[s[9;31H‹[s‹[s[10;18H∞[s[7C∞[s[9;33H∞[s[5D∞[s[10;19H [s [s [s [s [s [s [s[C [s[11;27H‹[40m[s
[u[s[1A[43m [s‹[s[1A [s [s [s[10;34H‹[s[11;17H∞[s [s [s [s [s [s [s [s [s∞[s [s∞[s[1A∞[s [s [s [s [s∞[s[11;29H[0;30;43m‹[s‹[s[37m‹[s[30m‹[s[1;37m‹[s‹[s‹[s[12;17H∞[s [s [s [s [s [s [s [s [s∞[s [40m[s
[u[s[43m [s[1A [s [s [s [s [s [s∞[s[12;29H [s [s [s [s [s [s[7D∞[s[13;18H∞[s[0;43m‹[s‹[s [s [s [s‹[sﬂ[s[12;23H±[s[11;23H±[s[12;34H±[s[13;18H[1mﬂ[sﬂ[s[47m±[s[20D[s[20C≤[s€[s€[s€[s[43mﬂ[s[12;17Hﬁ[40m[s
[u[s[47m≤[s€[s[40m‹[s [s [s [s‹[s€[s€[s[43mﬂ[sﬂ[sﬂ[s[0;30;43mﬂ[sﬂ[sﬂ[sﬂ[s[1;37mﬂ[s[11;17Hﬁ[s€[s€[s[0;30;43m€[s€[s€[s[47mﬂ[s[33;40m [s[1;37;43m€[s€[s€[s‹[s‹[s[0;30;43m‹[s‹[s‹[s[1D[37m‹[s[30m‹[s[40m[s
[u[43m[1;37m‹[s›[s[10;18H€[s€[s[40m€[sﬂ[sﬂ[sﬂ[s€[s€[s€[s[43m‹[s[B€[s[10;28H‹[s€[s[11;29H€[s[1A€[s[11;30H[40m [s [s[0m‹[s[10;31H[1mﬂ[sﬂ[s[B [s[10;33H€[s[B€[s[10;34H€[s[9;19H[43m‹[s€[s€[s€[s€[s€[s[40m[s
[u[43m‹[s[3C [s‹[s€[s€[s‹[s[33D[s[15C[0;36;43m [s[8;16H‹[sﬂ[s [s[7;18H‹[sﬂ[sﬂ[sﬂ[sﬂ[sﬂ[sﬂ[sﬂ[s[8;25H [s[1A‹[s[8;16H [s[9;16Hﬂ[s[1A€[sﬂ[s[7;18H [s‹[s‹[s‹[s‹[s‹[s‹[s‹[s[8;25Hﬂ[s[7;25H [s [s[8;26Hﬂ[40m[s
[u[s[1D[43m [s[9;16H [s[8;16H‹[sﬂ[s [s[7;18H‹[sﬂ[sﬂ[sﬂ[sﬂ[sﬂ[sﬂ[s[B [s[7;25Hﬂ[s[9;16Hﬂ[s[8;16H [s€[sﬂ[s[7;18H [s‹[s‹[s‹[s‹[s‹[s‹[s[B€[s[1Dﬂ[s[7;25H [s[10;19H[1;37;40m€[sﬂ[sﬂ[sﬂ[s€[s[11;19H[s
[u[0;30;43m€[s€[s€[s[47mﬂ[s[33;40m [s[12;19H[1;37m‹[s [s [s [s‹[s[1A[43m€[s[12;24H€[s[10;29H€[s[40mﬂ[sﬂ[s€[s[11;29H [s [s[0m‹[s[1m [s[12;29H[0;30;43mﬂ[sﬂ[sﬂ[sﬂ[s[1A[1;37m€[s[12;33Hﬂ[s[33D[s[7;42H[40m[s
[u[43m[30m±[s±[s±[s[6;44H±[s[2D±[s[C±[s[5;45H±[s±[s[1D±[s[4;42H[0;30;43m€[s[3;38H€[s[5;44H€[s[4;42H€[s[4D≤[s[2D≤[s[5;40H≤[s[1D≤[s[2C±[s[4;42H±[s[1D±[s[8;38H[37m‹[s‹[s‹[s[1D€[s[2D€[s[1A‹[s‹[s‹[s‹[40m[s
[u[s[2A[1;30;43m±[s[4;46H±[s±[s[1A±[s±[s[5;43H±[s[6;43H±[s[4;42H[0;30;43m€[s[2D€[s[1D€[s[5D≤[s[5;39H≤[s±[s[4;40H±[s[8;38H[37mﬂ[sﬂ[sﬂ[s[7;40H€[sﬂ[sﬂ[sﬂ[s[5D‹[s[6;43H‹[s[2D‹[s[4;45H[1;30m±[s[2D±[s[40m
[3;46H[43m±[s±[s[5;42H±[s[2D±[s[3D±[s[5D±[s[C±[s±[s[1D±[s[4;34H[0;43m∞[s[C∞[s[2C[30m±[s[2D±[s[1D±[s[3D[1m±[s[3D±[s[3;37H[0;30;43m€[s[2D€[s[8;38H[1m±[s±[s±[s[1A±[s±[s±[s[1D±[s[6D[0;43m∞[s±[s≤[s[40m
[6;40H[43m≤[s≤[s≤[s≤[s[3D€[s[4;43H[1;30m±[s[2D±[s[3;44H±[s±[s[5;40H±[s[4;39H±[s[1D±[s[0;30;43m€[s[2D€[s[2D€[s[3;49H€[s[4;47H€[s[1D€[s[8;39H[1;31;41m±[s±[s[1D±[s[0;33;41m [s[7;43H [s [s[6;39H[37;43m±[40m[s
[u[s[2D[43m±[s[2D±[s[5;40H±[s[2C±[s[1D±[s[6;40H€[s[2D€[s[3C∞[s[4;37H[30m€[s[2D€[s[4C[1m±[s[3;43H±[s[4;39H±[s±[s[3;42H±[s[1D±[s[5C[0;30;43m€[s[5;46H€[s[1A€[s[7;40H[37m∞[s[6;36H∞[s[5;39H∞[s[C∞[s∞[40m[s
[u[s[4;44H[43m∞[s[2D±[s[2D±[s[5;44H±[s[3D€[s[4;38H[1;30m±[s[3D±[s[1D±[s[5B±[s[8;39H±[s±[s±[s[7;43H±[s±[s[3;41H±[s[4;37H±[s[1D±[s[3D[0;30;43m€[s[2D€[s[1D€[s[7;37H[37m∞[s[3C±[s≤[s∞[s[6D≤[s[3D±[s[40m
[6;38H[43m€[s[1A€[s€[s€[s€[s[4;42H€[s€[s[5;43H€[s≤[s[4;44H≤[s[6;44H±[s[1A±[s[4;45H±[s[3;43H±[s[4;41H±[s[2D≤[s[5;37H≤[s≤[s[1A±[s[5;35H∞[s∞[s[4;38H∞[s[3;44H∞[s±[s[1D≤[s[4;34H[30mﬂ[sﬂ[sﬂ[s[3;35H[40m[s
[u[37;40mﬂ[s[4C[30;43mﬂ[s[4;46H‹[s[6;45Hﬂ[s[3;47H‹[s[3D[1m±[s[3D±[s[1D±[s[5;38H[0;43m€[s[7;35H≤[s[6;37H≤[s[1D€[s[2D≤[s[2D±[s[2D±[s[5;34H±[s≤[s≤[s€[s[8;37H∞[s[7;37H≤[s[3;47H[30m€[s[8;37H[1m±[s[1D±[40m[s
[u[s[7;43H[43m±[s[1A±[s[1A±[s[7;42H±[s[10;51H[37;47m [s [s [s[9C [s [s [s[15D [s [s [s[3D [s [s [s[9C [s [s [s[3D [s [s [s[15D‹[s[C‹[s[9C‹[s[C‹[s[14D[0;30;47m‹[s[11C‹[s[64D[s[15;59H[1;37m≤[s[40m[s
[u[3D[47m≤[s[2D≤[s[2D≤[s[1D≤[s[2C±[s[14;55H∞[s[2D±[s[2C[40m [s [s [s[C [s[2D [s[1D [s[5D[0m‹[s[4C‹[s€[s[2D€[s[5D‹[s‹[s‹[s‹[s[1;47m±[s±[s[19;21H[31;40m [s [s [s [s [s[20;25H‹[s [s[21;26H[s
[u[0;30;43mﬂ[s[20;22H[1;31;41m±[s€[s[1D€[s[40m‹[s[0;30;43m€[s[21;25Hﬂ[s[2Dﬂ[s[20;24H [s[1D[1;31;40m [s[2D‹[s[4D[41m€[s±[s[40m‹[s [s[21;23H[0;30;43mﬂ[s[20;20H[1;31;40m [s [s [s[3D[0;33m‹[s[21;22H‹[s[4D[s
[u[42mﬂ[sﬂ[sﬂ[sﬂ[sﬂ[sﬂ[sﬂ[sﬂ[sﬂ[sﬂ[sﬂ[s[20;31H≤[s[1D∞[s[1D[1;32;41m≤[s[1A≤[s[20;21H[0;30;43mﬂ[sﬂ[sﬂ[sﬂ[sﬂ[s[19;19H [s[B [s[5Cﬂ[sﬂ[s [s [s[19;29H [s[18;29H [s[19;31H[1;32;41m±[s[20;30H±[s[1D±[s[10D[40m[s
[u[0;30;43m [s [s [s [s[19;20Hﬂ[s[18;18Hﬂ[s[17;17H [s‹[s[20;25H [s [s [s[1Aﬂ[s[C[1;32;41m≤[s[20;29H≤[s[16;15H[30;43m∞[s≤[sﬂ[sﬂ[s[5D[0;30;43m [s[20;19H[1m±[s[2D[0;30;43m [s[17;18H [s[18;18H [sﬂ[s[B [s [40m[s
[u[s[43m [s [s [s [s [s [s [s[18;19H [sﬂ[s[7C [s[2Dﬂ[s[19;29H[1;32;41m≤[s[2D≤[s[1D≤[s[17;19H[0;30;43m‹[s‹[s‹[s[18;21Hﬂ[sﬂ[sﬂ[sﬂ[sﬂ[sﬂ[s[17;18H [s [s[B [s [s[5C [s[2D [s[7D[33;40m [s [s [s [s [s
[17;19Hﬂ[s[19;21H‹[s‹[s‹[s‹[s[18;19H‹[s[B‹[s [s [s [s[17;19H€[s[18;19H€[s[B€[s€[s‹[s‹[s€[s[1A€[s[17;20H€[s[2D‹[s [s [s[3D [s[4Cﬂ[sﬂ[s[18;25H [s[19;24H‹[s[4D‹[s[18;16H[1;30;43m∞[s≤[s[19;17H∞[s≤[s[40m[s
[u[0;33;44m€[s[18;15H[40m€[s[B€[s[18;20H‹[s‹[s[19;21H€[s[1A‹[s‹[s‹[s[19;22H€[s€[s€[s[1A‹[s[1D€[s[19;19H[1;30;43m∞[s≤[s[4D[0;33m€[s€[s[1D[1;30;43m∞[s[2A[0;33m€[s€[s[18;20H€[s€[s[16;17H[1;30;43m∞[s≤[sﬂ[40m[s
[u[s[5D[0;33m€[s€[s[18;18H[1;30;43m∞[s≤[s[4D[0;33m€[s€[s[B€[s[1A€[s[B€[s[16;19H€[s[1Dﬂ[sﬂ[sﬂ[s[B [s [s[4D‹[s[16;16H[1;30;43m∞[s≤[s[0;33m€[s[2C€[s[17;23Hﬂ[s[C€[s[18;25H‹[s[16;14H[1;30;43m∞[s≤[s[40m[s
[u[43m[0;33m€[s€[sﬂ[s[C€[s[17;19H [s [s[Cﬂ[s[5D‹[s[16;17Hﬂ[s[C€[s[17;24H€[s[8D [s [s[18;18H‹[s‹[s‹[s‹[s[2D [s [s [s [s [s[19;26H[1;30;43m±[s[20;19H±[s[4C∞[s∞[s[18;19H[31mﬂ[s€[s[40m‹[s[22;26H[44mA[40m[s
[u[s[44mN[sD[s [sH[sA[sV[sE[s [sA[s [sH[sA[sP[sP[sY[s [sN[sE[sW[s [sY[sE[sA[sR[s [s![s [s![s [s![s[31D[32mA[s[1D[31mA[s[32mN[s[1D[31mN[s[32mD[s[1D[31mD[s[C[32mH[s[1D[31mH[s[32mA[s[1D[31mA[40m[s
[u[s[32;44mV[s[1D[31mV[s[32mE[s[1D[31mE[s[C[32mA[s[1D[31mA[s[C[32mH[s[1D[31mH[s[32mA[s[1D[31mA[s[32mP[s[1D[31mP[s[32mP[s[1D[31mP[s[32mY[s[1D[31mY[s[C[32mN[s[1D[31mN[s[32mE[s[1D[31mE[s[32mW[s[40m[s
[u[1D[31;44mW[s[C[32mY[s[1D[31mY[s[32mE[s[1D[31mE[s[32mA[s[1D[31mA[s[32mR[s[1D[31mR[s[C[32m![s[1D[31m![s[C[32m![s[1D[31m![s[C[32m![s[1D[31m![s[56D[s[61C[33mµ[s[37m [sR[sI[sC[sH[sA[sR[sD[s [40m[s
[u[s[44mA[sH[sN[s [s[33m∆[s[76D[s[10;53H[0;30;47m‹[s[11C‹[s[65D[s[14;55H[1;37;40m [s [s [s [s [s[6D [s[2D [s[B[0m [s [s [s [s [s‹[s[1A [s [s‹[s[15;59H [s‹[s[1D [s[6D[1;31m‹[s€[s€[s€[s€[s€[s[14;53H[s
[u[37mﬂ[sﬂ[sﬂ[sﬂ[sﬂ[sﬂ[sﬂ[sﬂ[sﬂ[sﬂ[s[0m[23;1H[8m
[23;1H[MFO2E8.F16GG.G8A8.B16O3CC.C8O2E8.F16GGGA8.G16FF2EGCEDF2O1BO2C1P2[s
[23;1H[MFO3CDCO2BO3CO2AA2O3CDCO2BO3CO2A2.O3DEDC+DO2BBBB8O3C8DCO2BAG8.A16GF8E8D[s
[23;1H[MFO2G8AG8EO3CO2AG2.G8A8G8A8GO3CO2B1F8GF8DBAG2.G8A8G8A8GAE1[s
[23;1H[MFO2G8AG8EO3CO2AG2.G8A8G8A8GO3CO2B1F8GF8DBAG2.G8A8G8A8GO3DCO1CDE[s
[23;1H[MFO2AAO3CO2AGE8G2G8FAGF8E1E8DEGAB4B8B2B8O3CCO2BAGF8D2.[s
[23;1H[MFO2E8E8E4E8E8E4E8G8C8D8E2F8F8F8F16F16F8E8E8E16F16G8G8F8D8CO1G2O2
[23;1H[44;37;1m±  (IF YOU HAVE ANSI MUSIC CAPABILITIES, THE MUSIC WILL LAST ABOUT 2 MINUTES)  ±

Downloaded From P-80 International Information Systems 304-744-2253
