[40m[2J[21C[0;34;40mппмм млп[2H[24Cплп[3H[23Cлммммп[4H[18Cммллллппп[5H[17Cп   лл[6H[53Cм[7H[47Cм млпп[14C[1m"Fisherman"[8H[44C[0;34mммлппллп[15C[1mby George[9H[43C[0;34mпп[25C[1mRamos[10H[37C[30mммммм[11H[5C[0;34mлм   [s
[uммлллмлллммллм[11C[1;30mпп[5Cппмм[6C[0;34mмм[12H[5Cлллллллллллллллллллллллммллмммллм[8C[1;30mпм   [0;34mлллл[13H[5Cллллллллллллллллллллллллллллллллллм[8C[1;30mпм[0;34mммллм[14H[5Cлллллллллллллллллллллллллллллллллллл[8Cмлллллл[15H[s
[u[5Cллллллллллллллллллллллллллллллллллл    [47m  [1;30mмм[44mм        [16H[5C[34mм       ммммм  ммм          ммм   мм[40mмм[0;44mп   [1;30mпп     ммммм[40mмммм[17H[5C[34;44mлллммллллллллллллллллммммлллллллмлллллл[30;47mлмм[0;44mм[40m[s
[u[44mмм[1;30;47mпппп[44mпп         [0;34;40mмм[18H[5C[1mлллллллллллллллллллллллллллллллллллллллл[30;44mплллллллмм           [34;40mммм  мм[19H[5Cллллллллллллллллллллллллллллллллллллллллл[44mмм[30mппппл[47mпп[0;44mм       м[1;34mм[40m[s
[u[44mллллллллл[20H[5Cлллллллллллллллллллллллллллллллллллллллллллллллм  [0;44mпппппппп  [1;34mплллллллл[21H[5Cлллллллллллллллллллллллллллллллллллллллллллллллллммммммлллммллллллллл[22H[5Cллллллллллллллллллллллллллллллллллллллллллллллллллл[40m[s
[u[44mлллллллллллллллллл[23H[5Cллллллллллллллллллллллллллллллллллллллллллллллллллллллллллллллллллллл[0m


