[40m[2J[0;35;44m‹‹‹‹‹‹‹‹‹‹‹‹‹‹‹‹‹‹‹‹‹‹‹‹‹‹‹‹‹‹‹‹‹‹‹‹‹‹‹‹‹‹‹‹‹[40m[s
[u[44m‹‹‹‹‹‹‹‹‹‹‹‹‹‹‹‹‹‹‹‹‹‹‹‹‹‹‹[2H∞∞∞∞∞∞∞∞∞∞∞∞∞∞∞∞∞∞∞∞∞∞∞∞∞[40m[s
[u[44m∞∞∞∞∞∞∞∞∞∞∞∞∞∞∞∞∞∞∞∞∞∞∞∞∞∞∞∞∞∞∞∞∞∞∞∞∞∞∞∞∞∞∞∞∞∞∞[3Hﬂﬂﬂﬂﬂ[40m[s
[u[44mﬂﬂﬂﬂﬂﬂﬂﬂﬂﬂﬂﬂﬂﬂﬂﬂﬂﬂﬂﬂﬂﬂﬂﬂﬂﬂﬂﬂﬂﬂﬂﬂﬂﬂﬂﬂﬂﬂﬂﬂﬂﬂﬂﬂﬂﬂﬂﬂﬂﬂﬂﬂﬂﬂﬂﬂ[40m[s
[u[44mﬂﬂﬂﬂﬂﬂﬂﬂﬂﬂﬂ[4H[1;34m≤                                 [40m[s
[u[44m                                     ≤[5H[35m∞    ‹   [40m[s
[u[44m‹       [0;44mThere's a miracle called Friendship      [40m[s
[u[44m             [1;35m∞[6H[34m≤  [35m‹ﬂﬂﬂ‹ﬂﬂﬂ‹       [40m[s
[u[0;44mThat dwells within the heart,                       [40m[s
[u[44m[1;34m≤[7H[35m∞  €       €                           [40m[s
[u[44m                                ∞[8H[34m≤   [35mﬂ‹   [40m[s
[u[44m‹ﬂ      [0;44mAnd you don't know how it happens        [40m[s
[u[44m             [1;34m≤[9H[35m∞     ﬂ‹ﬂ          [0;44m[40m[s
[u[44mOr when it get's its start....                      [40m[s
[u[44m[1;35m∞[10H[34m≤                                     [40m[s
[u[44m                                 ≤[11H[35m∞           [40m[s
[u[44m     [0;44mBut the happiness it brings to you,         [40m[s
[u[44m          [1;35m∞[12H[34m≤                  [0;44mAl[40m[s
[u[44mways gives a special lift;                        [40m[s
[u[44m[1;34m≤[13H[35m∞                                     [40m[s
[u[44m                                 ∞[14H[34m≤           [40m[s
[u[44m     [0;44mAnd you realize that friendship,            [40m[s
[u[44m          [1;34m≤[15H[35m∞                  [0;44mIs[40m[s
[u[44m God's most precious gift.                        [40m[s
[u[44m[1;35m∞[16H[34m≤                                     [40m[s
[u[44m                                 ≤[17H[35m∞           [40m[s
[u[44m                                   [34mScreen by Jean L[40m[s
[u[44mudwig   [35m∞[18H[0;35;44m‹‹‹‹‹‹‹‹‹‹‹‹‹‹‹‹‹‹‹‹‹‹‹‹‹‹‹[40m[s
[u[44m‹‹‹‹‹‹‹‹‹‹‹‹‹‹‹‹‹‹‹‹‹‹‹‹‹‹‹‹‹‹‹‹‹‹‹‹‹‹‹‹‹‹‹‹‹[19H∞∞∞∞∞∞[40m[s
[u[44m∞∞∞∞∞∞∞∞∞∞∞∞∞∞∞∞∞∞∞∞∞∞∞∞∞∞∞∞∞∞∞∞∞∞∞∞∞∞∞∞∞∞∞∞∞∞∞∞∞∞∞∞∞∞∞∞[40m[s
[u[44m∞∞∞∞∞∞∞∞∞∞[20Hﬂﬂﬂﬂﬂﬂﬂﬂﬂﬂﬂﬂﬂﬂﬂﬂﬂﬂﬂﬂﬂﬂﬂﬂﬂﬂﬂﬂﬂﬂﬂﬂﬂﬂﬂﬂﬂﬂﬂﬂﬂ[40m[s
[u[44mﬂﬂﬂﬂﬂﬂﬂﬂﬂﬂﬂﬂﬂﬂﬂﬂﬂﬂﬂﬂﬂﬂﬂﬂﬂﬂﬂﬂﬂﬂﬂ[21H[22H[23H[0m


