[40m[2J[0;1m [D[2;57H[33m·[2DÄ[2DÖ[2D·[2DÄ[2DÒ[2D·[2DÄ[2DÒ[4D·[4D>[4D·[6DÒ[8DÒ[11D>[4DÒ[3;3H[0m³[1;31mß[4C[0m³[1;31mß[4C[33mº[C/[Co[4C·[3C×<[4C>×[4Cº[C/[2CÄ×Ä[Cº[Cºº[Cºº[4;69H[0;32m [D[4D [D[6D [D[5D[s
[u[1;33m·[2DÄ[2DÓ[2D×[2DÄ[2Dº[2D×[2DÄ[2DÇ[4Dº[2D·[2DÖ[4D<[2D×[2D·[2DÒ[2D·[2DÖ[2Dº[3D/[4D\[3Dº[3D·[2DÖ[3D·[2DÖ[2D·[2DÒ[2D·[4D<[2D×[7D[0m³[2D.[2D.[2D.[2D.[2D.[2D³[5;3H°±ÛÛÛ±°[5C[1;33mº[C\[Cººººº[CÓ·[Cº[2C)([s
[u[2CºÖ¶º[Cº[C\[CÇ½º[2Cº[Cºº[Cº[2Cº[2C[0;33m_³_[32m [D[33m__³[32m [D[33m_³[32m [D[33m_____[6;67H[32m [D[7D [D[3D [D[3D[1;33m½[2DÄ[2DÓ[2D½[2DÄ[2DÐ[2D½[2DÄ[2DÐ[4DÓ[2DÄ[2DÓ[2D>[4D½[3DÐ[2DÐ[2DÓ[2DÐ[4D/[s
[u[2D\[4DÐ[3D½[2DÓ[3D¶[2DÓ[2DÓ[2DÐ[2DÓ[2D>[4DÐ[7D[0m°[2D±[2DÛ[2DÛ[2DÛ[2D±[2D°[7;3H°±[1;33mþ[0mÛÛ±°[12C[1;33mÖ¶[13C[0;33m/[4C[32m [D[3C [D[3C [D[2C [D[2C [D[5C [D[4C[33m³[2C[32m [D[2C [D[3C[1m[s
[u [D[C [D[B [A[79C[8;79H[0;33m³[2D[1;32m [D[2D[0;33m³[2D[1;32m/[6D[0;32m [D[6D [D[4D [D[4D [D[3D [D[7D [D[3D[33m³[3D[32m [D[4D [D[4D[33m³[7D/[14D[1m½[2DÓ[6D[31mß[2D[0m³[8D°[2D±[2DÛ[2D[s
[u[1;33mþ[2D[0mÛ[2D±[2D°[9;3H°±ÛÛ[1;33mþ[0m±°þþþþþþþ[7C[1;33m303-665-6091[9C[0;33m³[2C³[9C³[C³[5C³[5C[32m [D[C[1m [D[C [D[CVS[10;79H [D[3D [D[3D [D[3D [D[13D[0;32m [D[4D[1;37mT[2DS[2DH[3D0[2D0[2D6[2D[s
[u9[3Dr[2De[2Di[2Dr[2Du[2Do[2DC[3DR[2DS[2DU[6D[0;33m/[19D[37mÛ[2D[1;33mþ[2D[0mÛ[2D[1;33mþ[2D[0mÛ[2D[1;33mþ[2D[0mÛ[2D°[2D±[2DÛ[2DÛ[2DÛ[2D±[2D°[11;2H±±±±±±±±±±±±±±±±±±[12C[32m [D[33m([2C____[32m__________________[s
[u_____________[1m [D/[0;33m³[1;32m [D[0;33m³[C[1;32m [D[C[0;33m³[1;32m [A[79C[60C5[2D1[2D1[2D/[2D4[2D0[2D1[2D:[2D1[3Dt[2De[2Dn[2Do[2Dd[2Di[2DF[11D[0;33m([2D([2D/[2D³[3D[32m [D[4D [D[9D[37m±[2D­[2D­[s
[u[2D­[2D±[2D±[2D±[2D±[2D±[2D±[2D±[2D±[2D±[2D±[2D±[2D±[2D±[2D±[13H[1;34mßßßßßßßßßßßßßßßßßßßß[0;33mÄÄÄÄÄÄ³ÄÄ³ÄÙÄÄ\\[33C[31mÜ[6CÜ[14;77H[43mß[2D [2D [2D [2D [2D [2D [2Dß[3D[40mÜ[4DÜ[3DÜ[5DÜ[2DÜ[5DÜ[3DÜ[5DÜ[5DÜ[8D[s
[u[33m\[2D\[2D[31mþ[2D[36m_[2D[31mþ[4Dþ[2D_[2Dþ[4Dþ[2D[32m_[4D[31mþ[4Dþ[4Dþ[2D[37m_[2D[31mþ[4D[1m_[2D[0;31mþ[4D_[2D_[2Dþ[15;3H/ [D [D [D\[1m/ [D [D\[0m/ [D [D [D\/ [D\[36m/ [D\[32m/ [D [D\[31m[s
[u/ [D [D [D\[36m/ [D [D [D\[33m\\[5C[31;47mß[37;40mÛÛÛ[31;47mß[37;40mÛÛÛ[31;47mß[Cß[37;40mÛÛÛ[31;47mßß[37;40mÛÛÛ[31;47mß[Cß[37;40mÛÛ[31;47mß[C[1;33mþ þþ þþ [16;79H[0m²[2Dß[2D[1;33;47m [2Dþ[2Dþ[2D [2Dþ[2D [40m[s
[u[47m[2Dþ[2D [2D[0mß[2D[1;33;43m [2Dþ[2D [2Dþ[2D[0mß[2D[1;33;46m [2Dþ[2Dþ[2D [2Dþ[2D [2Dþ[2D [2Dþ[2D [2D[0mß[2D[1;33;41m [2D [2Dþ[2D [2D [2Dþ[2Dþ[2D [2D [2D[0mß[2D²[4D[33m\[2D\[3D[36mÝ[2D[1;33;46mþ[40m[s
[u[46m[2Dþ[2D [2D[0;36mÞ[2D[37mÝ[2D[1;33;47m [2Dþ[2Dþ[2D[0mÞ[2D[31mÝ[2D[1;33;41m [2Dþ[2D[0;31mÞ[2D[1;33;44m [2Dþ[2D [2D[0;31mÝ[2D[1;33;41m [2Dþ[2D[0;33mÝ[2D[1;43m [2Dþ[2Dþ[2D[0;33mÞ[2D[32mÝ[2D[1;33;42m [40m[s
[u[42m[2Dþ[2D[0;32mÞ[2D[37mÝ[2D[1;33;47m [2Dþ[2Dþ[2D[0mÞ[B[33m________________________________[3C))[C[37m²[C[1;33;41m þþ  þþ  [C[46mþ  þ  þþ  [C[43m þþ [C[47m  þþ   þ[C[0m²[18;79H±[2D±[2D±[2D±[2D±[2D±[2D±[2D±[2D±[s
[u[2D±[2D±[2D±[2D±[2D±[2D±[2D±[2DÞ[2D[1;30;46m×[2D×[2D×[2D×[2D×[2D×[2D[0mÝ[2D±[2D±[2D±[2D±[2D±[2D±[2D±[2D±[2D±[2D±[2D±[2D±[2D±[2D±[3D[33m\[3D/[2D([2D([14D[1mt[2Dr[2Du[2DB[3Dn[2De[2Dr[2Da[2DK[3D&[3Dm[2Di[s
[u[2DJ[19;12HSysOps[20;65H[0mo[2Dd[2Da[2Dr[2Do[2Dl[2Do[2DC[3D,[2De[2Dl[2Dl[2Di[2Dv[2Ds[2Di[2Du[2Do[2DL[22;28H[1m.[2D.[2D.[2D.[2D.[2De[2Du[2Dn[2Di[2Dt[2Dn[2Do[2Dc[3Do[2Dt[3Dr[2De[2Dt[2Dn[2De[3Ds[2Ds[2De[2D[s
[ur[2Dp[23H [D[0m
