[40m[2J[0;1m [D[3;18H[31m_________[37mNo[31m_[37mPlace[31m_[37mLike[31m_[37mHome[31m________[0m####[4;17H[1;31m/][-][-][-][-][-][-][-][-][-][-][-][-][-\[5;16H/[-][-][-][-][-][-][-][-][-][-][-][-][-][-\[6;18H[0mบ====ษอออออออป=======[s
[u=ษอออออออป=======บ#[4C[1mFidonet[C1:109/506[7;18H[0mบ====บ[1;33mÛÛÛÛÛÛÛ[0mบ========บ[1;33mÛÛÛÛÛÛÛ[0mบ=======บ#[8;18Hบ====บ[1;36mฑฑฑฑฑฑฑ[0mบ========บ[1;36mฑฑฑฑฑฑฑ[0mบ=======บ#[9;2H[1mMark[COberg[5C[31m/[0mบ====บ[1;36mฑฑฑฑฑฑฑ[0mบ[s
[u========บ[1;36mฑฑฑฑฑฑฑ[0mบ=======บ#[10;4H[1msysop[7C[31m/[[0mบ====ศอออออออผ========ศอออออออผ=======บ#[1;31m\[5C[37m301-596-6450[11;15H[31m/][[0mสอออออออออออออออออออออออออออออออออออออส[1;31m][\[12;14H/-][-][-][-][-][-][-][-][-][-][-][-[s
[u][-][-][-][\[13;13H[0mฮออออหออหออออออออออออหอหอออออออออออออออออหอหอออฮ[2C[1mColumbia,[CMaryland[12C[0mบ[4Cบ==บษอออออออออป=บ=บ[1;33mÛÛÛÛÛÛÛÛÛÛÛÛÛÛÛÛÛ[0mบ=บ#[2Cบ[15;13Hบ[4Cบ==บบ[C[1;33m฿฿฿[C฿฿฿[C[0mบ=บ=บ[34mฒฒฒฒฒฒฒฒฒฒฒฒฒฒฒฒฒ[37mบ=บ[s
[u#[2Cบ[16;13Hบ[4Cบ==บบ[9Cบ=บ=บ[34mฒฒฒฒฒฒฒฒฒฒฒฒฒฒฒฒฒ[37mบ=บ#[2Cบ[17;13Hบ[1m(C)[C[0mบ==บบ[7Co[Cบ=บ=ศอออออออออออออออออผ=บ#VSบ[18H[1mฺฟฺฟฺฟฺฟฺฟฺฟ[0mฬออออสออนบ[9Cบ=ฬอออออออออออออออออออออสอออบ[1mฺฟฺฟฺฟฺฟฺฟฺฟฺฟฺฟฺฟฺฟณรณรณรณรณรณร[0mบ[s
[u[1;31m-][-][-[0mบบ[9Cบ=บ[1;31m-][-][-][-][-][-][-][-][-[0mบ[1mดณดณดณดณดณดณดณดณดณดณณณณณณณณณณณณณ[0mบ[1;31m][-][-][0mบบ[9Cบ=บ[1;31m][-][-][-][-][-][-][-][-][0mบ[1mณณณณณณณณณณณณณณณณณณณณณณณณณณณณณณณณ[0mบ[1;31m-][-][-[0mบ[33m~~~~~~~~~~~[C[s
[u[37mบ[1;31m-][-][-][-][-][-][-][-][-[0mบ[1mณณณณณณณณณณณณณณณณณณณณภูภูภูภูภูภู[0mศอออออออผฤฤฤฤฤฤฤฤฤฤฤฤศอออออออออออออออออออออออออผ[1mภูภูภูภูภูภูภูภูภูภูpress[Center.... [D[0m
