[40m[2J[0;1m [D[3;4HMeyers[CMaze[8C[0;33m_______________________________________________________[4;22H//[37m/\/\/\Ä/\/\/\/[5;3H[1m503-688-3020[6C[0;33m//³[37m\/\/\/[C\/\/\/[6;20H[33m//[C³[C[37m\/\/\Ä/\/\/[9C[33mÉÍÍÍÍÍÍÍÍÑÍÍÍÍÍÍÍ[s
[uÍ»[7;19Hº³[2C³[2C[37m\/\/[C\/\/³[9C[33mº[8C³[8Cº[8;3H[1;37mEugene,[COregon[2C[0;33mº³[2C[1mº[3C[0m\/\Ä/\/[C³[9C[33mº[8C³[2C[37m/\__[2C[33mº[9;19Hº³[2C³[4C[37m\/[C\/[2C³[9C[33mº[8C³[C[37m/___/[2C[33mº[10;19Hº³[s
[u[2C³[5C[37m\Ä/[3C³[9C[33mÇÄÄÄÄÄÄÄÄÅÄÄÄÄÄÄÄÄ¶[2C[37m___ê___[11;19H[33mº³[2C³[6Cº[4C[37m³[1;32m_[8C[0;33mº[C[37m/[6C[33m³[8Cº[C[37m([7C)[12;19H[33mº³[2C³[6Cº[3C[1;32m([33moo[32m)[7C[0;33mº[C[37m)[6C[33m³[8Cº[2C[s
[u[37m\[5C/[13;6H[1mFidonet[6C[0;33mº³[2C³[6Cº[2C[1;32m(([2C))[6C[0;33mº[37m/[7C[33m³[8Cº[2C[37m/[5C\[14;7H[1m1:152/34[4C[0;33mº³[1mşO[0;33m³[6Cº[2C[1;32m///\\\[6C[0;33mÈÍÍÍÍÍÍÍÍÏÍÍÍÍÍÍÍÍ¼[2C[37mÃÅÅÅÅÅ´[15;19H[33mº³[s
[u[2C³[6Cº[2C[1;32m'''[C```[26C[0mÃÅÅÅÅÅ´[16;19H[33mº³[2C³[6Cº[2C[1mTim[CMeyers[3C[0;31m__________[10C[37mÃÅÅÅÅÅ´[17;4H[1;5mMail[COnly[6C[0;33mº³[2C[1mº[6C[0;33mº[3C[37mSysOp[6C[31m/)________(\[9C[37mÀÁÁÛÁÁÙ[18;19H[s
[u[33mº³[2C³[6Cº[13C[1m{[0;31mİ[4C[1;33mşş[4C[0;31mŞ[1;33m}[11C[0mÛ[19;19H[33mº³[2C³[6Cº[14C[31mİ__________Ş[10C[37mÜÜÛÜÜ[20;15H(C)[C[33mº³[C/[C~~~~~~~~~~~~~~~~~~~~~~~~~~~~~~~~~~~~~~~~~~~~~~~~~~~~~[21;19Hº³/[22H[1;37mpress[s
[u[Center[Cto[Ccontinue...[0;33m~~~~~~~~~~~~~~~~~~~~~~~~~~~~~~~~~~~~~~~~~~~~~~~~~~[23H[1;37m [D[0m
